2025-05-25 18:46:27,069 - enhanced_ui_detection - INFO - Trained new UI classifier model
2025-05-25 18:46:27,069 - enhanced_ui_detection - WARNING - Browser automation libraries not available
2025-05-25 18:46:27,069 - enhanced_ui_detection - INFO - Enhanced UI Detection System initialized
2025-05-25 18:46:27,069 - enhanced_ui_detection - INFO - Available detection methods: ['Accessibility APIs', 'Machine Learning']
2025-05-25 18:47:17,106 - enhanced_ui_detection - INFO - Loaded existing UI classifier model
2025-05-25 18:47:17,107 - enhanced_ui_detection - WARNING - Browser automation libraries not available
2025-05-25 18:47:17,107 - enhanced_ui_detection - INFO - Enhanced UI Detection System initialized
2025-05-25 18:47:17,107 - enhanced_ui_detection - INFO - Available detection methods: ['Accessibility APIs', 'Machine Learning']
2025-05-25 18:57:54,662 - enhanced_ui_detection - INFO - Loaded existing UI classifier model
2025-05-25 18:57:54,662 - enhanced_ui_detection - WARNING - Browser automation libraries not available
2025-05-25 18:57:54,662 - enhanced_ui_detection - INFO - Enhanced UI Detection System initialized
2025-05-25 18:57:54,662 - enhanced_ui_detection - INFO - Available detection methods: ['Accessibility APIs', 'Machine Learning']
2025-05-25 19:04:35,440 - enhanced_ui_detection - INFO - Loaded existing UI classifier model
2025-05-25 19:04:35,441 - enhanced_ui_detection - WARNING - Browser automation libraries not available
2025-05-25 19:04:35,441 - enhanced_ui_detection - INFO - Enhanced UI Detection System initialized
2025-05-25 19:04:35,441 - enhanced_ui_detection - INFO - Available detection methods: ['Accessibility APIs', 'Machine Learning']
2025-05-25 19:07:01,422 - enhanced_ui_detection - INFO - Loaded existing UI classifier model
2025-05-25 19:07:01,423 - enhanced_ui_detection - WARNING - Browser automation libraries not available
2025-05-25 19:07:01,423 - enhanced_ui_detection - INFO - Enhanced UI Detection System initialized
2025-05-25 19:07:01,423 - enhanced_ui_detection - INFO - Available detection methods: ['Accessibility APIs', 'Machine Learning']
2025-05-25 19:08:35,269 - enhanced_ui_detection - INFO - Loaded existing UI classifier model
2025-05-25 19:08:35,270 - enhanced_ui_detection - WARNING - Browser automation libraries not available
2025-05-25 19:08:35,270 - enhanced_ui_detection - INFO - Enhanced UI Detection System initialized
2025-05-25 19:08:35,270 - enhanced_ui_detection - INFO - Available detection methods: ['Accessibility APIs', 'Machine Learning']
2025-05-25 19:09:13,158 - enhanced_ui_detection - INFO - Loaded existing UI classifier model
2025-05-25 19:09:13,159 - enhanced_ui_detection - WARNING - Browser automation libraries not available
2025-05-25 19:09:13,159 - enhanced_ui_detection - INFO - Enhanced UI Detection System initialized
2025-05-25 19:09:13,159 - enhanced_ui_detection - INFO - Available detection methods: ['Accessibility APIs', 'Machine Learning']
2025-05-25 19:09:47,807 - enhanced_ui_detection - INFO - Loaded existing UI classifier model
2025-05-25 19:09:47,808 - enhanced_ui_detection - WARNING - Browser automation libraries not available
2025-05-25 19:09:47,808 - enhanced_ui_detection - INFO - Enhanced UI Detection System initialized
2025-05-25 19:09:47,808 - enhanced_ui_detection - INFO - Available detection methods: ['Accessibility APIs', 'Machine Learning']
2025-05-25 20:32:29,720 - enhanced_ui_detection - INFO - Loaded existing UI classifier model
2025-05-25 20:32:29,721 - enhanced_ui_detection - WARNING - Browser automation libraries not available
2025-05-25 20:32:29,721 - enhanced_ui_detection - INFO - Enhanced UI Detection System initialized
2025-05-25 20:32:29,721 - enhanced_ui_detection - INFO - Available detection methods: ['Accessibility APIs', 'Machine Learning']
2025-05-25 20:35:09,543 - enhanced_ui_detection - INFO - Loaded existing UI classifier model
2025-05-25 20:35:13,276 - enhanced_ui_detection - INFO - EasyOCR initialized
2025-05-25 20:35:13,960 - enhanced_ui_detection - INFO - SpaCy NLP model loaded
2025-05-25 20:35:13,960 - enhanced_ui_detection - INFO - Enhanced UI Detection System initialized
2025-05-25 20:35:13,960 - enhanced_ui_detection - INFO - Available detection methods: ['Accessibility APIs', 'Machine Learning', 'Browser APIs', 'OCR', 'NLP']
2025-05-25 20:37:43,215 - enhanced_ui_detection - INFO - Loaded existing UI classifier model
2025-05-25 20:37:47,073 - enhanced_ui_detection - INFO - EasyOCR initialized
2025-05-25 20:37:47,463 - enhanced_ui_detection - INFO - SpaCy NLP model loaded
2025-05-25 20:37:47,463 - enhanced_ui_detection - INFO - Enhanced UI Detection System initialized
2025-05-25 20:37:47,463 - enhanced_ui_detection - INFO - Available detection methods: ['Accessibility APIs', 'Machine Learning', 'Browser APIs', 'OCR', 'NLP']
2025-05-25 20:39:22,535 - enhanced_ui_detection - INFO - Loaded existing UI classifier model
2025-05-25 20:39:26,426 - enhanced_ui_detection - INFO - EasyOCR initialized
2025-05-25 20:39:26,875 - enhanced_ui_detection - INFO - SpaCy NLP model loaded
2025-05-25 20:39:26,876 - enhanced_ui_detection - INFO - Enhanced UI Detection System initialized
2025-05-25 20:39:26,877 - enhanced_ui_detection - INFO - Available detection methods: ['Accessibility APIs', 'Machine Learning', 'Browser APIs', 'OCR', 'NLP']
2025-05-25 20:40:24,791 - enhanced_ui_detection - INFO - Loaded existing UI classifier model
2025-05-25 20:40:28,547 - enhanced_ui_detection - INFO - EasyOCR initialized
2025-05-25 20:40:29,006 - enhanced_ui_detection - INFO - SpaCy NLP model loaded
2025-05-25 20:40:29,007 - enhanced_ui_detection - INFO - Enhanced UI Detection System initialized
2025-05-25 20:40:29,007 - enhanced_ui_detection - INFO - Available detection methods: ['Accessibility APIs', 'Machine Learning', 'Browser APIs', 'OCR', 'NLP']
2025-05-25 20:43:32,036 - enhanced_ui_detection - INFO - Loaded existing UI classifier model
2025-05-25 20:43:35,906 - enhanced_ui_detection - INFO - EasyOCR initialized
2025-05-25 20:43:36,329 - enhanced_ui_detection - INFO - SpaCy NLP model loaded
2025-05-25 20:43:36,329 - enhanced_ui_detection - INFO - Enhanced UI Detection System initialized
2025-05-25 20:43:36,329 - enhanced_ui_detection - INFO - Available detection methods: ['Accessibility APIs', 'Machine Learning', 'Browser APIs', 'OCR', 'NLP']
2025-05-25 20:44:46,868 - enhanced_ui_detection - INFO - Loaded existing UI classifier model
2025-05-25 20:44:50,574 - enhanced_ui_detection - INFO - EasyOCR initialized
2025-05-25 20:44:50,973 - enhanced_ui_detection - INFO - SpaCy NLP model loaded
2025-05-25 20:44:50,973 - enhanced_ui_detection - INFO - Enhanced UI Detection System initialized
2025-05-25 20:44:50,974 - enhanced_ui_detection - INFO - Available detection methods: ['Accessibility APIs', 'Machine Learning', 'Browser APIs', 'OCR', 'NLP']
2025-05-25 20:46:36,974 - enhanced_ui_detection - INFO - Loaded existing UI classifier model
2025-05-25 20:46:40,644 - enhanced_ui_detection - INFO - EasyOCR initialized
2025-05-25 20:46:41,061 - enhanced_ui_detection - INFO - SpaCy NLP model loaded
2025-05-25 20:46:41,061 - enhanced_ui_detection - INFO - Enhanced UI Detection System initialized
2025-05-25 20:46:41,061 - enhanced_ui_detection - INFO - Available detection methods: ['Accessibility APIs', 'Machine Learning', 'Browser APIs', 'OCR', 'NLP']
2025-05-25 20:48:26,646 - enhanced_ui_detection - INFO - Loaded existing UI classifier model
2025-05-25 20:48:30,428 - enhanced_ui_detection - INFO - EasyOCR initialized
2025-05-25 20:48:30,836 - enhanced_ui_detection - INFO - SpaCy NLP model loaded
2025-05-25 20:48:30,836 - enhanced_ui_detection - INFO - Enhanced UI Detection System initialized
2025-05-25 20:48:30,836 - enhanced_ui_detection - INFO - Available detection methods: ['Accessibility APIs', 'Machine Learning', 'Browser APIs', 'OCR', 'NLP']
2025-05-25 20:50:40,681 - enhanced_ui_detection - INFO - Loaded existing UI classifier model
2025-05-25 20:50:44,416 - enhanced_ui_detection - INFO - EasyOCR initialized
2025-05-25 20:50:44,835 - enhanced_ui_detection - INFO - SpaCy NLP model loaded
2025-05-25 20:50:44,835 - enhanced_ui_detection - INFO - Enhanced UI Detection System initialized
2025-05-25 20:50:44,835 - enhanced_ui_detection - INFO - Available detection methods: ['Accessibility APIs', 'Machine Learning', 'Browser APIs', 'OCR', 'NLP']
2025-05-25 20:51:42,839 - enhanced_ui_detection - INFO - Loaded existing UI classifier model
2025-05-25 20:51:46,802 - enhanced_ui_detection - INFO - EasyOCR initialized
2025-05-25 20:51:47,268 - enhanced_ui_detection - INFO - SpaCy NLP model loaded
2025-05-25 20:51:47,268 - enhanced_ui_detection - INFO - Enhanced UI Detection System initialized
2025-05-25 20:51:47,268 - enhanced_ui_detection - INFO - Available detection methods: ['Accessibility APIs', 'Machine Learning', 'Browser APIs', 'OCR', 'NLP']
2025-05-25 20:55:29,884 - enhanced_ui_detection - INFO - Loaded existing UI classifier model
2025-05-25 20:55:33,636 - enhanced_ui_detection - INFO - EasyOCR initialized
2025-05-25 20:55:34,031 - enhanced_ui_detection - INFO - SpaCy NLP model loaded
2025-05-25 20:55:34,031 - enhanced_ui_detection - INFO - Enhanced UI Detection System initialized
2025-05-25 20:55:34,031 - enhanced_ui_detection - INFO - Available detection methods: ['Accessibility APIs', 'Machine Learning', 'Browser APIs', 'OCR', 'NLP']
2025-05-25 20:56:12,781 - enhanced_ui_detection - INFO - Loaded existing UI classifier model
2025-05-25 20:56:16,444 - enhanced_ui_detection - INFO - EasyOCR initialized
2025-05-25 20:56:16,835 - enhanced_ui_detection - INFO - SpaCy NLP model loaded
2025-05-25 20:56:16,835 - enhanced_ui_detection - INFO - Enhanced UI Detection System initialized
2025-05-25 20:56:16,835 - enhanced_ui_detection - INFO - Available detection methods: ['Accessibility APIs', 'Machine Learning', 'Browser APIs', 'OCR', 'NLP']
2025-05-25 21:15:47,175 - enhanced_ui_detection - INFO - Loaded existing UI classifier model
2025-05-25 21:15:50,922 - enhanced_ui_detection - INFO - EasyOCR initialized
2025-05-25 21:15:51,385 - enhanced_ui_detection - INFO - SpaCy NLP model loaded
2025-05-25 21:15:51,385 - enhanced_ui_detection - INFO - Enhanced UI Detection System initialized
2025-05-25 21:15:51,385 - enhanced_ui_detection - INFO - Available detection methods: ['Accessibility APIs', 'Machine Learning', 'Browser APIs', 'OCR', 'NLP']
2025-05-25 21:16:38,318 - enhanced_ui_detection - INFO - Loaded existing UI classifier model
2025-05-25 21:16:42,142 - enhanced_ui_detection - INFO - EasyOCR initialized
2025-05-25 21:16:42,522 - enhanced_ui_detection - INFO - SpaCy NLP model loaded
2025-05-25 21:16:42,522 - enhanced_ui_detection - INFO - Enhanced UI Detection System initialized
2025-05-25 21:16:42,522 - enhanced_ui_detection - INFO - Available detection methods: ['Accessibility APIs', 'Machine Learning', 'Browser APIs', 'OCR', 'NLP']
2025-05-25 23:16:48,582 - enhanced_ui_detection - INFO - Loaded existing UI classifier model
2025-05-25 23:16:52,361 - enhanced_ui_detection - INFO - EasyOCR initialized
2025-05-25 23:16:52,772 - enhanced_ui_detection - INFO - SpaCy NLP model loaded
2025-05-25 23:16:52,772 - enhanced_ui_detection - INFO - Enhanced UI Detection System initialized
2025-05-25 23:16:52,772 - enhanced_ui_detection - INFO - Available detection methods: ['Accessibility APIs', 'Machine Learning', 'Browser APIs', 'OCR', 'NLP']
2025-05-25 23:23:21,175 - enhanced_ui_detection - INFO - Loaded existing UI classifier model
2025-05-25 23:23:23,583 - enhanced_ui_detection - INFO - EasyOCR initialized
2025-05-25 23:23:23,862 - enhanced_ui_detection - INFO - SpaCy NLP model loaded
2025-05-25 23:23:23,862 - enhanced_ui_detection - INFO - Enhanced UI Detection System initialized
2025-05-25 23:23:23,862 - enhanced_ui_detection - INFO - Available detection methods: ['Accessibility APIs', 'Machine Learning', 'Browser APIs', 'OCR', 'NLP']
2025-05-26 16:37:56,914 - enhanced_ui_detection - INFO - Loaded existing UI classifier model
2025-05-26 16:37:59,237 - enhanced_ui_detection - INFO - EasyOCR initialized
2025-05-26 16:37:59,572 - enhanced_ui_detection - INFO - SpaCy NLP model loaded
2025-05-26 16:37:59,572 - enhanced_ui_detection - INFO - Enhanced UI Detection System initialized
2025-05-26 16:37:59,572 - enhanced_ui_detection - INFO - Available detection methods: ['Accessibility APIs', 'Machine Learning', 'Browser APIs', 'OCR', 'NLP']
2025-05-26 16:40:48,291 - enhanced_ui_detection - INFO - Loaded existing UI classifier model
2025-05-26 16:40:50,924 - enhanced_ui_detection - INFO - EasyOCR initialized
2025-05-26 16:40:51,470 - enhanced_ui_detection - INFO - SpaCy NLP model loaded
2025-05-26 16:40:51,470 - enhanced_ui_detection - INFO - Enhanced UI Detection System initialized
2025-05-26 16:40:51,471 - enhanced_ui_detection - INFO - Available detection methods: ['Accessibility APIs', 'Machine Learning', 'Browser APIs', 'OCR', 'NLP']
2025-05-26 16:52:14,153 - enhanced_ui_detection - INFO - Loaded existing UI classifier model
2025-05-26 16:52:16,431 - enhanced_ui_detection - INFO - EasyOCR initialized
2025-05-26 16:52:16,698 - enhanced_ui_detection - INFO - SpaCy NLP model loaded
2025-05-26 16:52:16,698 - enhanced_ui_detection - INFO - Enhanced UI Detection System initialized
2025-05-26 16:52:16,698 - enhanced_ui_detection - INFO - Available detection methods: ['Accessibility APIs', 'Machine Learning', 'Browser APIs', 'OCR', 'NLP']
2025-05-26 17:00:35,460 - enhanced_ui_detection - INFO - Loaded existing UI classifier model
2025-05-26 17:00:37,845 - enhanced_ui_detection - INFO - EasyOCR initialized
2025-05-26 17:00:38,101 - enhanced_ui_detection - INFO - SpaCy NLP model loaded
2025-05-26 17:00:38,101 - enhanced_ui_detection - INFO - Enhanced UI Detection System initialized
2025-05-26 17:00:38,101 - enhanced_ui_detection - INFO - Available detection methods: ['Accessibility APIs', 'Machine Learning', 'Browser APIs', 'OCR', 'NLP']
2025-05-26 17:59:14,992 - enhanced_ui_detection - INFO - Loaded existing UI classifier model
2025-05-26 17:59:17,460 - enhanced_ui_detection - INFO - EasyOCR initialized
2025-05-26 17:59:17,733 - enhanced_ui_detection - INFO - SpaCy NLP model loaded
2025-05-26 17:59:17,733 - enhanced_ui_detection - INFO - Enhanced UI Detection System initialized
2025-05-26 17:59:17,733 - enhanced_ui_detection - INFO - Available detection methods: ['Accessibility APIs', 'Machine Learning', 'Browser APIs', 'OCR', 'NLP']
2025-05-26 18:13:40,727 - enhanced_ui_detection - INFO - Loaded existing UI classifier model
2025-05-26 18:13:43,185 - enhanced_ui_detection - INFO - EasyOCR initialized
2025-05-26 18:13:43,460 - enhanced_ui_detection - INFO - SpaCy NLP model loaded
2025-05-26 18:13:43,461 - enhanced_ui_detection - INFO - Enhanced UI Detection System initialized
2025-05-26 18:13:43,461 - enhanced_ui_detection - INFO - Available detection methods: ['Accessibility APIs', 'Machine Learning', 'Browser APIs', 'OCR', 'NLP']
2025-05-26 18:14:45,917 - enhanced_ui_detection - INFO - Loaded existing UI classifier model
2025-05-26 18:14:48,470 - enhanced_ui_detection - INFO - EasyOCR initialized
2025-05-26 18:14:48,755 - enhanced_ui_detection - INFO - SpaCy NLP model loaded
2025-05-26 18:14:48,755 - enhanced_ui_detection - INFO - Enhanced UI Detection System initialized
2025-05-26 18:14:48,755 - enhanced_ui_detection - INFO - Available detection methods: ['Accessibility APIs', 'Machine Learning', 'Browser APIs', 'OCR', 'NLP']
2025-05-26 18:38:28,164 - enhanced_ui_detection - INFO - Loaded existing UI classifier model
2025-05-26 18:38:30,419 - enhanced_ui_detection - INFO - EasyOCR initialized
2025-05-26 18:38:30,663 - enhanced_ui_detection - INFO - SpaCy NLP model loaded
2025-05-26 18:38:30,663 - enhanced_ui_detection - INFO - Enhanced UI Detection System initialized
2025-05-26 18:38:30,663 - enhanced_ui_detection - INFO - Available detection methods: ['Accessibility APIs', 'Machine Learning', 'Browser APIs', 'OCR', 'NLP']
2025-05-27 10:22:24,667 - enhanced_ui_detection - INFO - Loaded existing UI classifier model
2025-05-27 10:22:28,815 - enhanced_ui_detection - INFO - EasyOCR initialized
2025-05-27 10:22:30,313 - enhanced_ui_detection - INFO - SpaCy NLP model loaded
2025-05-27 10:22:30,313 - enhanced_ui_detection - INFO - Enhanced UI Detection System initialized
2025-05-27 10:22:30,313 - enhanced_ui_detection - INFO - Available detection methods: ['Accessibility APIs', 'Machine Learning', 'Browser APIs', 'OCR', 'NLP']
2025-05-27 10:36:00,117 - enhanced_ui_detection - INFO - Loaded existing UI classifier model
2025-05-27 10:36:02,967 - enhanced_ui_detection - INFO - EasyOCR initialized
2025-05-27 10:36:03,296 - enhanced_ui_detection - INFO - SpaCy NLP model loaded
2025-05-27 10:36:03,296 - enhanced_ui_detection - INFO - Enhanced UI Detection System initialized
2025-05-27 10:36:03,296 - enhanced_ui_detection - INFO - Available detection methods: ['Accessibility APIs', 'Machine Learning', 'Browser APIs', 'OCR', 'NLP']
2025-05-27 10:38:28,672 - enhanced_ui_detection - INFO - Loaded existing UI classifier model
2025-05-27 10:38:30,944 - enhanced_ui_detection - INFO - EasyOCR initialized
2025-05-27 10:38:31,191 - enhanced_ui_detection - INFO - SpaCy NLP model loaded
2025-05-27 10:38:31,191 - enhanced_ui_detection - INFO - Enhanced UI Detection System initialized
2025-05-27 10:38:31,191 - enhanced_ui_detection - INFO - Available detection methods: ['Accessibility APIs', 'Machine Learning', 'Browser APIs', 'OCR', 'NLP']
2025-05-27 10:45:50,726 - enhanced_ui_detection - INFO - Loaded existing UI classifier model
2025-05-27 10:45:53,888 - enhanced_ui_detection - INFO - EasyOCR initialized
2025-05-27 10:45:54,532 - enhanced_ui_detection - INFO - SpaCy NLP model loaded
2025-05-27 10:45:54,533 - enhanced_ui_detection - INFO - Enhanced UI Detection System initialized
2025-05-27 10:45:54,533 - enhanced_ui_detection - INFO - Available detection methods: ['Accessibility APIs', 'Machine Learning', 'Browser APIs', 'OCR', 'NLP']
2025-05-27 10:59:57,415 - enhanced_ui_detection - INFO - Loaded existing UI classifier model
2025-05-27 11:00:00,256 - enhanced_ui_detection - INFO - EasyOCR initialized
2025-05-27 11:00:00,642 - enhanced_ui_detection - INFO - SpaCy NLP model loaded
2025-05-27 11:00:00,642 - enhanced_ui_detection - INFO - Enhanced UI Detection System initialized
2025-05-27 11:00:00,642 - enhanced_ui_detection - INFO - Available detection methods: ['Accessibility APIs', 'Machine Learning', 'Browser APIs', 'OCR', 'NLP']
2025-05-27 11:16:39,759 - enhanced_ui_detection - INFO - Loaded existing UI classifier model
2025-05-27 11:16:42,018 - enhanced_ui_detection - INFO - EasyOCR initialized
2025-05-27 11:16:42,267 - enhanced_ui_detection - INFO - SpaCy NLP model loaded
2025-05-27 11:16:42,267 - enhanced_ui_detection - INFO - Enhanced UI Detection System initialized
2025-05-27 11:16:42,267 - enhanced_ui_detection - INFO - Available detection methods: ['Accessibility APIs', 'Machine Learning', 'Browser APIs', 'OCR', 'NLP']
2025-05-27 11:20:09,215 - enhanced_ui_detection - INFO - Loaded existing UI classifier model
2025-05-27 11:20:11,468 - enhanced_ui_detection - INFO - EasyOCR initialized
2025-05-27 11:20:11,709 - enhanced_ui_detection - INFO - SpaCy NLP model loaded
2025-05-27 11:20:11,709 - enhanced_ui_detection - INFO - Enhanced UI Detection System initialized
2025-05-27 11:20:11,709 - enhanced_ui_detection - INFO - Available detection methods: ['Accessibility APIs', 'Machine Learning', 'Browser APIs', 'OCR', 'NLP']
2025-05-27 11:22:11,058 - enhanced_ui_detection - INFO - Loaded existing UI classifier model
2025-05-27 11:22:13,331 - enhanced_ui_detection - INFO - EasyOCR initialized
2025-05-27 11:22:13,569 - enhanced_ui_detection - INFO - SpaCy NLP model loaded
2025-05-27 11:22:13,570 - enhanced_ui_detection - INFO - Enhanced UI Detection System initialized
2025-05-27 11:22:13,570 - enhanced_ui_detection - INFO - Available detection methods: ['Accessibility APIs', 'Machine Learning', 'Browser APIs', 'OCR', 'NLP']
2025-05-27 12:31:59,696 - enhanced_ui_detection - INFO - Loaded existing UI classifier model
2025-05-27 12:32:02,200 - enhanced_ui_detection - INFO - EasyOCR initialized
2025-05-27 12:32:02,537 - enhanced_ui_detection - INFO - SpaCy NLP model loaded
2025-05-27 12:32:02,537 - enhanced_ui_detection - INFO - Enhanced UI Detection System initialized
2025-05-27 12:32:02,537 - enhanced_ui_detection - INFO - Available detection methods: ['Accessibility APIs', 'Machine Learning', 'Browser APIs', 'OCR', 'NLP']
2025-05-27 12:43:10,117 - enhanced_ui_detection - INFO - Loaded existing UI classifier model
2025-05-27 12:43:12,871 - enhanced_ui_detection - INFO - EasyOCR initialized
2025-05-27 12:43:13,283 - enhanced_ui_detection - INFO - SpaCy NLP model loaded
2025-05-27 12:43:13,283 - enhanced_ui_detection - INFO - Enhanced UI Detection System initialized
2025-05-27 12:43:13,284 - enhanced_ui_detection - INFO - Available detection methods: ['Accessibility APIs', 'Machine Learning', 'Browser APIs', 'OCR', 'NLP']
2025-05-27 12:44:33,758 - enhanced_ui_detection - INFO - Loaded existing UI classifier model
2025-05-27 12:44:36,166 - enhanced_ui_detection - INFO - EasyOCR initialized
2025-05-27 12:44:36,428 - enhanced_ui_detection - INFO - SpaCy NLP model loaded
2025-05-27 12:44:36,428 - enhanced_ui_detection - INFO - Enhanced UI Detection System initialized
2025-05-27 12:44:36,428 - enhanced_ui_detection - INFO - Available detection methods: ['Accessibility APIs', 'Machine Learning', 'Browser APIs', 'OCR', 'NLP']
2025-05-27 12:59:15,693 - enhanced_ui_detection - INFO - Loaded existing UI classifier model
2025-05-27 12:59:18,368 - enhanced_ui_detection - INFO - EasyOCR initialized
2025-05-27 12:59:18,772 - enhanced_ui_detection - INFO - SpaCy NLP model loaded
2025-05-27 12:59:18,772 - enhanced_ui_detection - INFO - Enhanced UI Detection System initialized
2025-05-27 12:59:18,772 - enhanced_ui_detection - INFO - Available detection methods: ['Accessibility APIs', 'Machine Learning', 'Browser APIs', 'OCR', 'NLP']
2025-05-27 13:06:07,920 - enhanced_ui_detection - INFO - Loaded existing UI classifier model
2025-05-27 13:06:10,200 - enhanced_ui_detection - INFO - EasyOCR initialized
2025-05-27 13:06:10,448 - enhanced_ui_detection - INFO - SpaCy NLP model loaded
2025-05-27 13:06:10,449 - enhanced_ui_detection - INFO - Enhanced UI Detection System initialized
2025-05-27 13:06:10,449 - enhanced_ui_detection - INFO - Available detection methods: ['Accessibility APIs', 'Machine Learning', 'Browser APIs', 'OCR', 'NLP']
2025-05-27 13:50:56,667 - enhanced_ui_detection - INFO - Loaded existing UI classifier model
2025-05-27 13:50:59,042 - enhanced_ui_detection - INFO - EasyOCR initialized
2025-05-27 13:50:59,279 - enhanced_ui_detection - INFO - SpaCy NLP model loaded
2025-05-27 13:50:59,279 - enhanced_ui_detection - INFO - Enhanced UI Detection System initialized
2025-05-27 13:50:59,279 - enhanced_ui_detection - INFO - Available detection methods: ['Accessibility APIs', 'Machine Learning', 'Browser APIs', 'OCR', 'NLP']
2025-05-27 14:06:00,079 - enhanced_ui_detection - INFO - Loaded existing UI classifier model
2025-05-27 14:06:02,420 - enhanced_ui_detection - INFO - EasyOCR initialized
2025-05-27 14:06:02,665 - enhanced_ui_detection - INFO - SpaCy NLP model loaded
2025-05-27 14:06:02,665 - enhanced_ui_detection - INFO - Enhanced UI Detection System initialized
2025-05-27 14:06:02,665 - enhanced_ui_detection - INFO - Available detection methods: ['Accessibility APIs', 'Machine Learning', 'Browser APIs', 'OCR', 'NLP']
2025-05-27 14:07:00,466 - enhanced_ui_detection - INFO - Loaded existing UI classifier model
2025-05-27 14:07:02,741 - enhanced_ui_detection - INFO - EasyOCR initialized
2025-05-27 14:07:02,981 - enhanced_ui_detection - INFO - SpaCy NLP model loaded
2025-05-27 14:07:02,981 - enhanced_ui_detection - INFO - Enhanced UI Detection System initialized
2025-05-27 14:07:02,981 - enhanced_ui_detection - INFO - Available detection methods: ['Accessibility APIs', 'Machine Learning', 'Browser APIs', 'OCR', 'NLP']
2025-05-27 14:09:40,539 - enhanced_ui_detection - INFO - Loaded existing UI classifier model
2025-05-27 14:09:42,929 - enhanced_ui_detection - INFO - EasyOCR initialized
2025-05-27 14:09:43,170 - enhanced_ui_detection - INFO - SpaCy NLP model loaded
2025-05-27 14:09:43,170 - enhanced_ui_detection - INFO - Enhanced UI Detection System initialized
2025-05-27 14:09:43,170 - enhanced_ui_detection - INFO - Available detection methods: ['Accessibility APIs', 'Machine Learning', 'Browser APIs', 'OCR', 'NLP']
2025-05-27 14:19:06,595 - enhanced_ui_detection - INFO - Loaded existing UI classifier model
2025-05-27 14:19:08,799 - enhanced_ui_detection - INFO - EasyOCR initialized
2025-05-27 14:19:09,038 - enhanced_ui_detection - INFO - SpaCy NLP model loaded
2025-05-27 14:19:09,038 - enhanced_ui_detection - INFO - Enhanced UI Detection System initialized
2025-05-27 14:19:09,038 - enhanced_ui_detection - INFO - Available detection methods: ['Accessibility APIs', 'Machine Learning', 'Browser APIs', 'OCR', 'NLP']
2025-05-27 14:34:25,338 - enhanced_ui_detection - INFO - Loaded existing UI classifier model
2025-05-27 14:34:27,576 - enhanced_ui_detection - INFO - EasyOCR initialized
2025-05-27 14:34:27,818 - enhanced_ui_detection - INFO - SpaCy NLP model loaded
2025-05-27 14:34:27,818 - enhanced_ui_detection - INFO - Enhanced UI Detection System initialized
2025-05-27 14:34:27,818 - enhanced_ui_detection - INFO - Available detection methods: ['Accessibility APIs', 'Machine Learning', 'Browser APIs', 'OCR', 'NLP']
2025-05-27 14:35:05,338 - enhanced_ui_detection - INFO - Loaded existing UI classifier model
2025-05-27 14:35:07,712 - enhanced_ui_detection - INFO - EasyOCR initialized
2025-05-27 14:35:07,965 - enhanced_ui_detection - INFO - SpaCy NLP model loaded
2025-05-27 14:35:07,965 - enhanced_ui_detection - INFO - Enhanced UI Detection System initialized
2025-05-27 14:35:07,965 - enhanced_ui_detection - INFO - Available detection methods: ['Accessibility APIs', 'Machine Learning', 'Browser APIs', 'OCR', 'NLP']
2025-05-27 14:37:27,021 - enhanced_ui_detection - INFO - Loaded existing UI classifier model
2025-05-27 14:37:29,282 - enhanced_ui_detection - INFO - EasyOCR initialized
2025-05-27 14:37:29,509 - enhanced_ui_detection - INFO - SpaCy NLP model loaded
2025-05-27 14:37:29,509 - enhanced_ui_detection - INFO - Enhanced UI Detection System initialized
2025-05-27 14:37:29,509 - enhanced_ui_detection - INFO - Available detection methods: ['Accessibility APIs', 'Machine Learning', 'Browser APIs', 'OCR', 'NLP']
2025-05-27 14:39:09,237 - enhanced_ui_detection - INFO - Loaded existing UI classifier model
2025-05-27 14:39:11,576 - enhanced_ui_detection - INFO - EasyOCR initialized
2025-05-27 14:39:11,825 - enhanced_ui_detection - INFO - SpaCy NLP model loaded
2025-05-27 14:39:11,825 - enhanced_ui_detection - INFO - Enhanced UI Detection System initialized
2025-05-27 14:39:11,825 - enhanced_ui_detection - INFO - Available detection methods: ['Accessibility APIs', 'Machine Learning', 'Browser APIs', 'OCR', 'NLP']
2025-05-27 14:45:10,506 - enhanced_ui_detection - INFO - Loaded existing UI classifier model
2025-05-27 14:45:12,727 - enhanced_ui_detection - INFO - EasyOCR initialized
2025-05-27 14:45:12,966 - enhanced_ui_detection - INFO - SpaCy NLP model loaded
2025-05-27 14:45:12,966 - enhanced_ui_detection - INFO - Enhanced UI Detection System initialized
2025-05-27 14:45:12,966 - enhanced_ui_detection - INFO - Available detection methods: ['Accessibility APIs', 'Machine Learning', 'Browser APIs', 'OCR', 'NLP']
2025-05-27 15:35:52,738 - enhanced_ui_detection - INFO - Loaded existing UI classifier model
2025-05-27 15:35:54,983 - enhanced_ui_detection - INFO - EasyOCR initialized
2025-05-27 15:35:55,239 - enhanced_ui_detection - INFO - SpaCy NLP model loaded
2025-05-27 15:35:55,239 - enhanced_ui_detection - INFO - Enhanced UI Detection System initialized
2025-05-27 15:35:55,239 - enhanced_ui_detection - INFO - Available detection methods: ['Accessibility APIs', 'Machine Learning', 'Browser APIs', 'OCR', 'NLP']
2025-05-27 15:47:42,451 - enhanced_ui_detection - INFO - Loaded existing UI classifier model
2025-05-27 15:47:44,713 - enhanced_ui_detection - INFO - EasyOCR initialized
2025-05-27 15:47:44,965 - enhanced_ui_detection - INFO - SpaCy NLP model loaded
2025-05-27 15:47:44,965 - enhanced_ui_detection - INFO - Enhanced UI Detection System initialized
2025-05-27 15:47:44,965 - enhanced_ui_detection - INFO - Available detection methods: ['Accessibility APIs', 'Machine Learning', 'Browser APIs', 'OCR', 'NLP']
2025-05-27 16:36:46,271 - enhanced_ui_detection - INFO - Loaded existing UI classifier model
2025-05-27 16:36:48,576 - enhanced_ui_detection - INFO - EasyOCR initialized
2025-05-27 16:36:48,830 - enhanced_ui_detection - INFO - SpaCy NLP model loaded
2025-05-27 16:36:48,830 - enhanced_ui_detection - INFO - Enhanced UI Detection System initialized
2025-05-27 16:36:48,830 - enhanced_ui_detection - INFO - Available detection methods: ['Accessibility APIs', 'Machine Learning', 'Browser APIs', 'OCR', 'NLP']
2025-05-27 16:46:05,467 - enhanced_ui_detection - INFO - Loaded existing UI classifier model
2025-05-27 16:46:07,835 - enhanced_ui_detection - INFO - EasyOCR initialized
2025-05-27 16:46:08,095 - enhanced_ui_detection - INFO - SpaCy NLP model loaded
2025-05-27 16:46:08,095 - enhanced_ui_detection - INFO - Enhanced UI Detection System initialized
2025-05-27 16:46:08,095 - enhanced_ui_detection - INFO - Available detection methods: ['Accessibility APIs', 'Machine Learning', 'Browser APIs', 'OCR', 'NLP']
2025-05-27 17:45:12,733 - enhanced_ui_detection - INFO - Loaded existing UI classifier model
2025-05-27 17:45:15,558 - enhanced_ui_detection - INFO - EasyOCR initialized
2025-05-27 17:45:15,888 - enhanced_ui_detection - INFO - SpaCy NLP model loaded
2025-05-27 17:45:15,888 - enhanced_ui_detection - INFO - Enhanced UI Detection System initialized
2025-05-27 17:45:15,888 - enhanced_ui_detection - INFO - Available detection methods: ['Accessibility APIs', 'Machine Learning', 'Browser APIs', 'OCR', 'NLP']
