2025-05-21 23:17:27,463 - context_monitor - INFO - Starting context integration monitoring
2025-05-21 23:17:27,463 - context_monitor - INFO - ===== CONTEXT INTEGRATION SYSTEM STATUS =====
2025-05-21 23:17:27,463 - context_monitor - INFO - File Ages (seconds since last update):
2025-05-21 23:17:27,463 - context_monitor - INFO -   - Memory State: 0s ✅
2025-05-21 23:17:27,463 - context_monitor - INFO -   - Context File: 0s ✅
2025-05-21 23:17:27,463 - context_monitor - INFO -   - Process Cache: 0s ✅
2025-05-21 23:17:27,463 - context_monitor - INFO -   - Screen Cache: 26s ✅
2025-05-21 23:17:27,463 - context_monitor - INFO - File Sizes:
2025-05-21 23:17:27,463 - context_monitor - INFO -   - Memory State: 12265 bytes ✅
2025-05-21 23:17:27,463 - context_monitor - INFO -   - Context File: 465 bytes ✅
2025-05-21 23:17:27,463 - context_monitor - INFO - Current Context:
2025-05-21 23:17:27,463 - context_monitor - INFO -   - Active App: Unknown
2025-05-21 23:17:27,463 - context_monitor - INFO -   - Active Window: Unknown Window
2025-05-21 23:17:27,464 - context_monitor - INFO -   - Active Apps Count: 10
2025-05-21 23:17:27,464 - context_monitor - INFO -   - Window History Count: 1
2025-05-21 23:17:27,464 - context_monitor - INFO -   - Screen Text Length: 0
2025-05-21 23:17:27,464 - context_monitor - INFO - ✅ OVERALL STATUS: HEALTHY - All components functioning properly
2025-05-21 23:17:27,464 - context_monitor - INFO - ✅ Context integration system is healthy
2025-05-21 23:17:57,467 - context_monitor - INFO - ✅ Context integration system is healthy
2025-05-21 23:17:57,468 - context_monitor - INFO - Files updated in this cycle: memory_state, context_file, process_cache
2025-05-21 23:18:27,472 - context_monitor - INFO - ✅ Context integration system is healthy
2025-05-21 23:18:27,474 - context_monitor - INFO - Files updated in this cycle: memory_state, context_file, process_cache
2025-05-21 23:18:57,479 - context_monitor - INFO - ✅ Context integration system is healthy
2025-05-21 23:18:57,479 - context_monitor - INFO - Files updated in this cycle: memory_state, context_file, process_cache
2025-05-21 23:19:27,484 - context_monitor - WARNING - ⚠️ Context integration issues detected:
2025-05-21 23:19:27,485 - context_monitor - WARNING -   - screen_cache hasn't been updated in 146 seconds (threshold: 120s)
2025-05-21 23:19:27,487 - context_monitor - INFO - ===== CONTEXT INTEGRATION SYSTEM STATUS =====
2025-05-21 23:19:27,487 - context_monitor - INFO - File Ages (seconds since last update):
2025-05-21 23:19:27,487 - context_monitor - INFO -   - Memory State: 3s ✅
2025-05-21 23:19:27,487 - context_monitor - INFO -   - Context File: 3s ✅
2025-05-21 23:19:27,487 - context_monitor - INFO -   - Process Cache: 0s ✅
2025-05-21 23:19:27,487 - context_monitor - INFO -   - Screen Cache: 146s ❌
2025-05-21 23:19:27,487 - context_monitor - INFO - File Sizes:
2025-05-21 23:19:27,487 - context_monitor - INFO -   - Memory State: 113988 bytes ✅
2025-05-21 23:19:27,487 - context_monitor - INFO -   - Context File: 498 bytes ✅
2025-05-21 23:19:27,487 - context_monitor - INFO - Current Context:
2025-05-21 23:19:27,488 - context_monitor - INFO -   - Active App: Unknown
2025-05-21 23:19:27,488 - context_monitor - INFO -   - Active Window: Unknown Window
2025-05-21 23:19:27,488 - context_monitor - INFO -   - Active Apps Count: 10
2025-05-21 23:19:27,488 - context_monitor - INFO -   - Window History Count: 1
2025-05-21 23:19:27,488 - context_monitor - INFO -   - Screen Text Length: 0
2025-05-21 23:19:27,488 - context_monitor - WARNING - ⚠️ OVERALL STATUS: ISSUES DETECTED - Check alerts above
2025-05-21 23:19:57,492 - context_monitor - WARNING - ⚠️ Context integration issues detected:
2025-05-21 23:19:57,494 - context_monitor - WARNING -   - screen_cache hasn't been updated in 176 seconds (threshold: 120s)
2025-05-21 23:20:27,497 - context_monitor - WARNING - ⚠️ Context integration issues detected:
2025-05-21 23:20:27,498 - context_monitor - WARNING -   - screen_cache hasn't been updated in 206 seconds (threshold: 120s)
2025-05-21 23:20:57,501 - context_monitor - WARNING - ⚠️ Context integration issues detected:
2025-05-21 23:20:57,502 - context_monitor - WARNING -   - screen_cache hasn't been updated in 236 seconds (threshold: 120s)
2025-05-21 23:21:27,507 - context_monitor - WARNING - ⚠️ Context integration issues detected:
2025-05-21 23:21:27,508 - context_monitor - WARNING -   - screen_cache hasn't been updated in 266 seconds (threshold: 120s)
2025-05-21 23:21:57,514 - context_monitor - WARNING - ⚠️ Context integration issues detected:
2025-05-21 23:21:57,515 - context_monitor - WARNING -   - screen_cache hasn't been updated in 296 seconds (threshold: 120s)
2025-05-21 23:21:57,517 - context_monitor - INFO - ===== CONTEXT INTEGRATION SYSTEM STATUS =====
2025-05-21 23:21:57,517 - context_monitor - INFO - File Ages (seconds since last update):
2025-05-21 23:21:57,517 - context_monitor - INFO -   - Memory State: 3s ✅
2025-05-21 23:21:57,517 - context_monitor - INFO -   - Context File: 3s ✅
2025-05-21 23:21:57,517 - context_monitor - INFO -   - Process Cache: 4s ✅
2025-05-21 23:21:57,517 - context_monitor - INFO -   - Screen Cache: 296s ❌
2025-05-21 23:21:57,517 - context_monitor - INFO - File Sizes:
2025-05-21 23:21:57,518 - context_monitor - INFO -   - Memory State: 113789 bytes ✅
2025-05-21 23:21:57,518 - context_monitor - INFO -   - Context File: 476 bytes ✅
2025-05-21 23:21:57,518 - context_monitor - INFO - Current Context:
2025-05-21 23:21:57,518 - context_monitor - INFO -   - Active App: Unknown
2025-05-21 23:21:57,518 - context_monitor - INFO -   - Active Window: Unknown Window
2025-05-21 23:21:57,518 - context_monitor - INFO -   - Active Apps Count: 10
2025-05-21 23:21:57,518 - context_monitor - INFO -   - Window History Count: 1
2025-05-21 23:21:57,518 - context_monitor - INFO -   - Screen Text Length: 0
2025-05-21 23:21:57,518 - context_monitor - WARNING - ⚠️ OVERALL STATUS: ISSUES DETECTED - Check alerts above
2025-05-21 23:22:27,524 - context_monitor - WARNING - ⚠️ Context integration issues detected:
2025-05-21 23:22:27,525 - context_monitor - WARNING -   - screen_cache hasn't been updated in 326 seconds (threshold: 120s)
2025-05-21 23:22:57,530 - context_monitor - WARNING - ⚠️ Context integration issues detected:
2025-05-21 23:22:57,530 - context_monitor - WARNING -   - screen_cache hasn't been updated in 356 seconds (threshold: 120s)
2025-05-21 23:23:27,535 - context_monitor - WARNING - ⚠️ Context integration issues detected:
2025-05-21 23:23:27,536 - context_monitor - WARNING -   - screen_cache hasn't been updated in 386 seconds (threshold: 120s)
2025-05-21 23:23:57,542 - context_monitor - WARNING - ⚠️ Context integration issues detected:
2025-05-21 23:23:57,544 - context_monitor - WARNING -   - screen_cache hasn't been updated in 416 seconds (threshold: 120s)
2025-05-21 23:24:27,550 - context_monitor - WARNING - ⚠️ Context integration issues detected:
2025-05-21 23:24:27,552 - context_monitor - WARNING -   - screen_cache hasn't been updated in 446 seconds (threshold: 120s)
2025-05-21 23:24:27,554 - context_monitor - INFO - ===== CONTEXT INTEGRATION SYSTEM STATUS =====
2025-05-21 23:24:27,554 - context_monitor - INFO - File Ages (seconds since last update):
2025-05-21 23:24:27,554 - context_monitor - INFO -   - Memory State: 2s ✅
2025-05-21 23:24:27,554 - context_monitor - INFO -   - Context File: 2s ✅
2025-05-21 23:24:27,554 - context_monitor - INFO -   - Process Cache: 3s ✅
2025-05-21 23:24:27,554 - context_monitor - INFO -   - Screen Cache: 446s ❌
2025-05-21 23:24:27,554 - context_monitor - INFO - File Sizes:
2025-05-21 23:24:27,554 - context_monitor - INFO -   - Memory State: 113828 bytes ✅
2025-05-21 23:24:27,554 - context_monitor - INFO -   - Context File: 470 bytes ✅
2025-05-21 23:24:27,554 - context_monitor - INFO - Current Context:
2025-05-21 23:24:27,555 - context_monitor - INFO -   - Active App: Unknown
2025-05-21 23:24:27,555 - context_monitor - INFO -   - Active Window: Unknown Window
2025-05-21 23:24:27,555 - context_monitor - INFO -   - Active Apps Count: 10
2025-05-21 23:24:27,555 - context_monitor - INFO -   - Window History Count: 1
2025-05-21 23:24:27,555 - context_monitor - INFO -   - Screen Text Length: 0
2025-05-21 23:24:27,555 - context_monitor - WARNING - ⚠️ OVERALL STATUS: ISSUES DETECTED - Check alerts above
2025-05-21 23:24:57,557 - context_monitor - WARNING - ⚠️ Context integration issues detected:
2025-05-21 23:24:57,558 - context_monitor - WARNING -   - screen_cache hasn't been updated in 476 seconds (threshold: 120s)
2025-05-21 23:25:27,561 - context_monitor - WARNING - ⚠️ Context integration issues detected:
2025-05-21 23:25:27,562 - context_monitor - WARNING -   - screen_cache hasn't been updated in 506 seconds (threshold: 120s)
2025-05-21 23:25:57,568 - context_monitor - WARNING - ⚠️ Context integration issues detected:
2025-05-21 23:25:57,568 - context_monitor - WARNING -   - screen_cache hasn't been updated in 536 seconds (threshold: 120s)
2025-05-21 23:26:27,574 - context_monitor - WARNING - ⚠️ Context integration issues detected:
2025-05-21 23:26:27,576 - context_monitor - WARNING -   - screen_cache hasn't been updated in 566 seconds (threshold: 120s)
2025-05-21 23:26:57,582 - context_monitor - WARNING - ⚠️ Context integration issues detected:
2025-05-21 23:26:57,582 - context_monitor - WARNING -   - screen_cache hasn't been updated in 596 seconds (threshold: 120s)
2025-05-21 23:26:57,584 - context_monitor - INFO - ===== CONTEXT INTEGRATION SYSTEM STATUS =====
2025-05-21 23:26:57,584 - context_monitor - INFO - File Ages (seconds since last update):
2025-05-21 23:26:57,584 - context_monitor - INFO -   - Memory State: 0s ✅
2025-05-21 23:26:57,584 - context_monitor - INFO -   - Context File: 0s ✅
2025-05-21 23:26:57,585 - context_monitor - INFO -   - Process Cache: 1s ✅
2025-05-21 23:26:57,585 - context_monitor - INFO -   - Screen Cache: 596s ❌
2025-05-21 23:26:57,585 - context_monitor - INFO - File Sizes:
2025-05-21 23:26:57,585 - context_monitor - INFO -   - Memory State: 113232 bytes ✅
2025-05-21 23:26:57,585 - context_monitor - INFO -   - Context File: 471 bytes ✅
2025-05-21 23:26:57,585 - context_monitor - INFO - Current Context:
2025-05-21 23:26:57,585 - context_monitor - INFO -   - Active App: Unknown
2025-05-21 23:26:57,585 - context_monitor - INFO -   - Active Window: Unknown Window
2025-05-21 23:26:57,585 - context_monitor - INFO -   - Active Apps Count: 10
2025-05-21 23:26:57,585 - context_monitor - INFO -   - Window History Count: 1
2025-05-21 23:26:57,585 - context_monitor - INFO -   - Screen Text Length: 0
2025-05-21 23:26:57,585 - context_monitor - WARNING - ⚠️ OVERALL STATUS: ISSUES DETECTED - Check alerts above
2025-05-21 23:27:27,593 - context_monitor - WARNING - ⚠️ Context integration issues detected:
2025-05-21 23:27:27,595 - context_monitor - WARNING -   - screen_cache hasn't been updated in 626 seconds (threshold: 120s)
2025-05-21 23:27:57,601 - context_monitor - WARNING - ⚠️ Context integration issues detected:
2025-05-21 23:27:57,603 - context_monitor - WARNING -   - screen_cache hasn't been updated in 656 seconds (threshold: 120s)
2025-05-21 23:28:27,609 - context_monitor - WARNING - ⚠️ Context integration issues detected:
2025-05-21 23:28:27,611 - context_monitor - WARNING -   - screen_cache hasn't been updated in 686 seconds (threshold: 120s)
2025-05-21 23:28:57,586 - context_monitor - WARNING - ⚠️ Context integration issues detected:
2025-05-21 23:28:57,587 - context_monitor - WARNING -   - screen_cache hasn't been updated in 716 seconds (threshold: 120s)
2025-05-21 23:29:27,586 - context_monitor - WARNING - ⚠️ Context integration issues detected:
2025-05-21 23:29:27,588 - context_monitor - WARNING -   - screen_cache hasn't been updated in 746 seconds (threshold: 120s)
2025-05-21 23:29:27,589 - context_monitor - ERROR - Error reading memory state: Expecting property name enclosed in double quotes: line 286 column 13 (char 8196)
2025-05-21 23:29:27,589 - context_monitor - INFO - ===== CONTEXT INTEGRATION SYSTEM STATUS =====
2025-05-21 23:29:27,589 - context_monitor - INFO - File Ages (seconds since last update):
2025-05-21 23:29:27,589 - context_monitor - INFO -   - Memory State: 0s ✅
2025-05-21 23:29:27,589 - context_monitor - INFO -   - Context File: 4s ✅
2025-05-21 23:29:27,589 - context_monitor - INFO -   - Process Cache: 0s ✅
2025-05-21 23:29:27,589 - context_monitor - INFO -   - Screen Cache: 746s ❌
2025-05-21 23:29:27,589 - context_monitor - INFO - File Sizes:
2025-05-21 23:29:27,589 - context_monitor - INFO -   - Memory State: 8196 bytes ✅
2025-05-21 23:29:27,589 - context_monitor - INFO -   - Context File: 496 bytes ✅
2025-05-21 23:29:27,589 - context_monitor - INFO - Current Context:
2025-05-21 23:29:27,589 - context_monitor - INFO -   - Active App: Unknown
2025-05-21 23:29:27,589 - context_monitor - INFO -   - Active Window: Unknown Window
2025-05-21 23:29:27,590 - context_monitor - INFO -   - Active Apps Count: 10
2025-05-21 23:29:27,590 - context_monitor - INFO -   - Window History Count: 1
2025-05-21 23:29:27,590 - context_monitor - INFO -   - Screen Text Length: 0
2025-05-21 23:29:27,590 - context_monitor - WARNING - ⚠️ OVERALL STATUS: ISSUES DETECTED - Check alerts above
2025-05-21 23:29:57,594 - context_monitor - WARNING - ⚠️ Context integration issues detected:
2025-05-21 23:29:57,594 - context_monitor - WARNING -   - screen_cache hasn't been updated in 776 seconds (threshold: 120s)
2025-05-21 23:30:27,600 - context_monitor - WARNING - ⚠️ Context integration issues detected:
2025-05-21 23:30:27,602 - context_monitor - WARNING -   - screen_cache hasn't been updated in 806 seconds (threshold: 120s)
2025-05-21 23:30:57,606 - context_monitor - WARNING - ⚠️ Context integration issues detected:
2025-05-21 23:30:57,606 - context_monitor - WARNING -   - screen_cache hasn't been updated in 836 seconds (threshold: 120s)
2025-05-21 23:31:27,612 - context_monitor - WARNING - ⚠️ Context integration issues detected:
2025-05-21 23:31:27,614 - context_monitor - WARNING -   - screen_cache hasn't been updated in 866 seconds (threshold: 120s)
2025-05-21 23:31:57,617 - context_monitor - WARNING - ⚠️ Context integration issues detected:
2025-05-21 23:31:57,618 - context_monitor - WARNING -   - screen_cache hasn't been updated in 896 seconds (threshold: 120s)
2025-05-21 23:31:57,619 - context_monitor - INFO - ===== CONTEXT INTEGRATION SYSTEM STATUS =====
2025-05-21 23:31:57,620 - context_monitor - INFO - File Ages (seconds since last update):
2025-05-21 23:31:57,620 - context_monitor - INFO -   - Memory State: 3s ✅
2025-05-21 23:31:57,620 - context_monitor - INFO -   - Context File: 3s ✅
2025-05-21 23:31:57,620 - context_monitor - INFO -   - Process Cache: 4s ✅
2025-05-21 23:31:57,620 - context_monitor - INFO -   - Screen Cache: 896s ❌
2025-05-21 23:31:57,620 - context_monitor - INFO - File Sizes:
2025-05-21 23:31:57,620 - context_monitor - INFO -   - Memory State: 113603 bytes ✅
2025-05-21 23:31:57,620 - context_monitor - INFO -   - Context File: 473 bytes ✅
2025-05-21 23:31:57,620 - context_monitor - INFO - Current Context:
2025-05-21 23:31:57,620 - context_monitor - INFO -   - Active App: Unknown
2025-05-21 23:31:57,620 - context_monitor - INFO -   - Active Window: Unknown Window
2025-05-21 23:31:57,620 - context_monitor - INFO -   - Active Apps Count: 10
2025-05-21 23:31:57,620 - context_monitor - INFO -   - Window History Count: 1
2025-05-21 23:31:57,621 - context_monitor - INFO -   - Screen Text Length: 0
2025-05-21 23:31:57,621 - context_monitor - WARNING - ⚠️ OVERALL STATUS: ISSUES DETECTED - Check alerts above
2025-05-21 23:32:27,626 - context_monitor - WARNING - ⚠️ Context integration issues detected:
2025-05-21 23:32:27,628 - context_monitor - WARNING -   - screen_cache hasn't been updated in 926 seconds (threshold: 120s)
2025-05-21 23:32:57,632 - context_monitor - WARNING - ⚠️ Context integration issues detected:
2025-05-21 23:32:57,633 - context_monitor - WARNING -   - screen_cache hasn't been updated in 956 seconds (threshold: 120s)
2025-05-21 23:33:27,637 - context_monitor - WARNING - ⚠️ Context integration issues detected:
2025-05-21 23:33:27,639 - context_monitor - WARNING -   - screen_cache hasn't been updated in 986 seconds (threshold: 120s)
2025-05-21 23:33:57,645 - context_monitor - WARNING - ⚠️ Context integration issues detected:
2025-05-21 23:33:57,645 - context_monitor - WARNING -   - screen_cache hasn't been updated in 1016 seconds (threshold: 120s)
2025-05-21 23:34:27,648 - context_monitor - WARNING - ⚠️ Context integration issues detected:
2025-05-21 23:34:27,649 - context_monitor - WARNING -   - screen_cache hasn't been updated in 1046 seconds (threshold: 120s)
2025-05-21 23:34:27,650 - context_monitor - INFO - ===== CONTEXT INTEGRATION SYSTEM STATUS =====
2025-05-21 23:34:27,650 - context_monitor - INFO - File Ages (seconds since last update):
2025-05-21 23:34:27,650 - context_monitor - INFO -   - Memory State: 1s ✅
2025-05-21 23:34:27,650 - context_monitor - INFO -   - Context File: 1s ✅
2025-05-21 23:34:27,650 - context_monitor - INFO -   - Process Cache: 2s ✅
2025-05-21 23:34:27,650 - context_monitor - INFO -   - Screen Cache: 1046s ❌
2025-05-21 23:34:27,650 - context_monitor - INFO - File Sizes:
2025-05-21 23:34:27,650 - context_monitor - INFO -   - Memory State: 113678 bytes ✅
2025-05-21 23:34:27,650 - context_monitor - INFO -   - Context File: 466 bytes ✅
2025-05-21 23:34:27,650 - context_monitor - INFO - Current Context:
2025-05-21 23:34:27,650 - context_monitor - INFO -   - Active App: Unknown
2025-05-21 23:34:27,650 - context_monitor - INFO -   - Active Window: Unknown Window
2025-05-21 23:34:27,650 - context_monitor - INFO -   - Active Apps Count: 10
2025-05-21 23:34:27,650 - context_monitor - INFO -   - Window History Count: 1
2025-05-21 23:34:27,650 - context_monitor - INFO -   - Screen Text Length: 0
2025-05-21 23:34:27,651 - context_monitor - WARNING - ⚠️ OVERALL STATUS: ISSUES DETECTED - Check alerts above
2025-05-21 23:34:57,654 - context_monitor - WARNING - ⚠️ Context integration issues detected:
2025-05-21 23:34:57,655 - context_monitor - WARNING -   - screen_cache hasn't been updated in 1076 seconds (threshold: 120s)
2025-05-21 23:35:27,661 - context_monitor - WARNING - ⚠️ Context integration issues detected:
2025-05-21 23:35:27,662 - context_monitor - WARNING -   - screen_cache hasn't been updated in 1106 seconds (threshold: 120s)
2025-05-21 23:35:57,670 - context_monitor - WARNING - ⚠️ Context integration issues detected:
2025-05-21 23:35:57,671 - context_monitor - WARNING -   - screen_cache hasn't been updated in 1136 seconds (threshold: 120s)
2025-05-21 23:36:27,675 - context_monitor - WARNING - ⚠️ Context integration issues detected:
2025-05-21 23:36:27,677 - context_monitor - WARNING -   - screen_cache hasn't been updated in 1166 seconds (threshold: 120s)
2025-05-21 23:36:57,680 - context_monitor - WARNING - ⚠️ Context integration issues detected:
2025-05-21 23:36:57,681 - context_monitor - WARNING -   - screen_cache hasn't been updated in 1196 seconds (threshold: 120s)
2025-05-21 23:36:57,682 - context_monitor - INFO - ===== CONTEXT INTEGRATION SYSTEM STATUS =====
2025-05-21 23:36:57,682 - context_monitor - INFO - File Ages (seconds since last update):
2025-05-21 23:36:57,682 - context_monitor - INFO -   - Memory State: 4s ✅
2025-05-21 23:36:57,682 - context_monitor - INFO -   - Context File: 4s ✅
2025-05-21 23:36:57,682 - context_monitor - INFO -   - Process Cache: 0s ✅
2025-05-21 23:36:57,682 - context_monitor - INFO -   - Screen Cache: 1196s ❌
2025-05-21 23:36:57,682 - context_monitor - INFO - File Sizes:
2025-05-21 23:36:57,682 - context_monitor - INFO -   - Memory State: 112885 bytes ✅
2025-05-21 23:36:57,682 - context_monitor - INFO -   - Context File: 447 bytes ✅
2025-05-21 23:36:57,682 - context_monitor - INFO - Current Context:
2025-05-21 23:36:57,682 - context_monitor - INFO -   - Active App: Unknown
2025-05-21 23:36:57,682 - context_monitor - INFO -   - Active Window: Unknown Window
2025-05-21 23:36:57,682 - context_monitor - INFO -   - Active Apps Count: 10
2025-05-21 23:36:57,683 - context_monitor - INFO -   - Window History Count: 1
2025-05-21 23:36:57,683 - context_monitor - INFO -   - Screen Text Length: 0
2025-05-21 23:36:57,683 - context_monitor - WARNING - ⚠️ OVERALL STATUS: ISSUES DETECTED - Check alerts above
2025-05-21 23:37:27,685 - context_monitor - WARNING - ⚠️ Context integration issues detected:
2025-05-21 23:37:27,686 - context_monitor - WARNING -   - screen_cache hasn't been updated in 1226 seconds (threshold: 120s)
2025-05-21 23:37:57,746 - context_monitor - WARNING - ⚠️ Context integration issues detected:
2025-05-21 23:37:57,749 - context_monitor - WARNING -   - screen_cache hasn't been updated in 1256 seconds (threshold: 120s)
2025-05-21 23:38:27,765 - context_monitor - WARNING - ⚠️ Context integration issues detected:
2025-05-21 23:38:27,767 - context_monitor - WARNING -   - screen_cache hasn't been updated in 1286 seconds (threshold: 120s)
2025-05-21 23:38:57,798 - context_monitor - WARNING - ⚠️ Context integration issues detected:
2025-05-21 23:38:57,798 - context_monitor - WARNING -   - screen_cache hasn't been updated in 1316 seconds (threshold: 120s)
2025-05-21 23:39:27,830 - context_monitor - WARNING - ⚠️ Context integration issues detected:
2025-05-21 23:39:27,833 - context_monitor - WARNING -   - screen_cache hasn't been updated in 1346 seconds (threshold: 120s)
2025-05-21 23:39:27,839 - context_monitor - INFO - ===== CONTEXT INTEGRATION SYSTEM STATUS =====
2025-05-21 23:39:27,839 - context_monitor - INFO - File Ages (seconds since last update):
2025-05-21 23:39:27,839 - context_monitor - INFO -   - Memory State: 3s ✅
2025-05-21 23:39:27,839 - context_monitor - INFO -   - Context File: 3s ✅
2025-05-21 23:39:27,839 - context_monitor - INFO -   - Process Cache: 3s ✅
2025-05-21 23:39:27,839 - context_monitor - INFO -   - Screen Cache: 1346s ❌
2025-05-21 23:39:27,839 - context_monitor - INFO - File Sizes:
2025-05-21 23:39:27,839 - context_monitor - INFO -   - Memory State: 113510 bytes ✅
2025-05-21 23:39:27,839 - context_monitor - INFO -   - Context File: 451 bytes ✅
2025-05-21 23:39:27,839 - context_monitor - INFO - Current Context:
2025-05-21 23:39:27,839 - context_monitor - INFO -   - Active App: Unknown
2025-05-21 23:39:27,839 - context_monitor - INFO -   - Active Window: Unknown Window
2025-05-21 23:39:27,840 - context_monitor - INFO -   - Active Apps Count: 10
2025-05-21 23:39:27,840 - context_monitor - INFO -   - Window History Count: 1
2025-05-21 23:39:27,840 - context_monitor - INFO -   - Screen Text Length: 0
2025-05-21 23:39:27,840 - context_monitor - WARNING - ⚠️ OVERALL STATUS: ISSUES DETECTED - Check alerts above
2025-05-21 23:39:57,930 - context_monitor - WARNING - ⚠️ Context integration issues detected:
2025-05-21 23:39:57,943 - context_monitor - WARNING -   - screen_cache hasn't been updated in 1376 seconds (threshold: 120s)
2025-05-21 23:40:27,968 - context_monitor - WARNING - ⚠️ Context integration issues detected:
2025-05-21 23:40:27,972 - context_monitor - WARNING -   - screen_cache hasn't been updated in 1406 seconds (threshold: 120s)
2025-05-21 23:40:58,112 - context_monitor - WARNING - ⚠️ Context integration issues detected:
2025-05-21 23:40:58,119 - context_monitor - WARNING -   - screen_cache hasn't been updated in 1436 seconds (threshold: 120s)
2025-05-21 23:41:28,134 - context_monitor - WARNING - ⚠️ Context integration issues detected:
2025-05-21 23:41:28,135 - context_monitor - WARNING -   - screen_cache hasn't been updated in 1466 seconds (threshold: 120s)
2025-05-21 23:41:58,141 - context_monitor - WARNING - ⚠️ Context integration issues detected:
2025-05-21 23:41:58,141 - context_monitor - WARNING -   - screen_cache hasn't been updated in 1496 seconds (threshold: 120s)
2025-05-21 23:41:58,144 - context_monitor - INFO - ===== CONTEXT INTEGRATION SYSTEM STATUS =====
2025-05-21 23:41:58,144 - context_monitor - INFO - File Ages (seconds since last update):
2025-05-21 23:41:58,144 - context_monitor - INFO -   - Memory State: 1s ✅
2025-05-21 23:41:58,144 - context_monitor - INFO -   - Context File: 1s ✅
2025-05-21 23:41:58,144 - context_monitor - INFO -   - Process Cache: 3s ✅
2025-05-21 23:41:58,144 - context_monitor - INFO -   - Screen Cache: 1496s ❌
2025-05-21 23:41:58,144 - context_monitor - INFO - File Sizes:
2025-05-21 23:41:58,144 - context_monitor - INFO -   - Memory State: 111649 bytes ✅
2025-05-21 23:41:58,144 - context_monitor - INFO -   - Context File: 425 bytes ✅
2025-05-21 23:41:58,144 - context_monitor - INFO - Current Context:
2025-05-21 23:41:58,144 - context_monitor - INFO -   - Active App: Unknown
2025-05-21 23:41:58,144 - context_monitor - INFO -   - Active Window: Unknown Window
2025-05-21 23:41:58,144 - context_monitor - INFO -   - Active Apps Count: 10
2025-05-21 23:41:58,144 - context_monitor - INFO -   - Window History Count: 1
2025-05-21 23:41:58,144 - context_monitor - INFO -   - Screen Text Length: 0
2025-05-21 23:41:58,144 - context_monitor - WARNING - ⚠️ OVERALL STATUS: ISSUES DETECTED - Check alerts above
2025-05-21 23:42:28,149 - context_monitor - WARNING - ⚠️ Context integration issues detected:
2025-05-21 23:42:28,149 - context_monitor - WARNING -   - screen_cache hasn't been updated in 1526 seconds (threshold: 120s)
2025-05-21 23:42:58,246 - context_monitor - WARNING - ⚠️ Context integration issues detected:
2025-05-21 23:42:58,248 - context_monitor - WARNING -   - screen_cache hasn't been updated in 1557 seconds (threshold: 120s)
2025-05-21 23:43:28,254 - context_monitor - WARNING - ⚠️ Context integration issues detected:
2025-05-21 23:43:28,255 - context_monitor - WARNING -   - screen_cache hasn't been updated in 1587 seconds (threshold: 120s)
2025-05-21 23:43:58,259 - context_monitor - WARNING - ⚠️ Context integration issues detected:
2025-05-21 23:43:58,260 - context_monitor - WARNING -   - screen_cache hasn't been updated in 1617 seconds (threshold: 120s)
2025-05-21 23:44:28,268 - context_monitor - WARNING - ⚠️ Context integration issues detected:
2025-05-21 23:44:28,270 - context_monitor - WARNING -   - screen_cache hasn't been updated in 1647 seconds (threshold: 120s)
2025-05-21 23:44:28,273 - context_monitor - INFO - ===== CONTEXT INTEGRATION SYSTEM STATUS =====
2025-05-21 23:44:28,273 - context_monitor - INFO - File Ages (seconds since last update):
2025-05-21 23:44:28,273 - context_monitor - INFO -   - Memory State: 1s ✅
2025-05-21 23:44:28,273 - context_monitor - INFO -   - Context File: 1s ✅
2025-05-21 23:44:28,273 - context_monitor - INFO -   - Process Cache: 2s ✅
2025-05-21 23:44:28,273 - context_monitor - INFO -   - Screen Cache: 1647s ❌
2025-05-21 23:44:28,273 - context_monitor - INFO - File Sizes:
2025-05-21 23:44:28,273 - context_monitor - INFO -   - Memory State: 112506 bytes ✅
2025-05-21 23:44:28,273 - context_monitor - INFO -   - Context File: 464 bytes ✅
2025-05-21 23:44:28,273 - context_monitor - INFO - Current Context:
2025-05-21 23:44:28,274 - context_monitor - INFO -   - Active App: Unknown
2025-05-21 23:44:28,274 - context_monitor - INFO -   - Active Window: Unknown Window
2025-05-21 23:44:28,274 - context_monitor - INFO -   - Active Apps Count: 10
2025-05-21 23:44:28,274 - context_monitor - INFO -   - Window History Count: 1
2025-05-21 23:44:28,274 - context_monitor - INFO -   - Screen Text Length: 0
2025-05-21 23:44:28,274 - context_monitor - WARNING - ⚠️ OVERALL STATUS: ISSUES DETECTED - Check alerts above
2025-05-21 23:44:58,278 - context_monitor - WARNING - ⚠️ Context integration issues detected:
2025-05-21 23:44:58,278 - context_monitor - WARNING -   - screen_cache hasn't been updated in 1677 seconds (threshold: 120s)
2025-05-21 23:45:28,280 - context_monitor - WARNING - ⚠️ Context integration issues detected:
2025-05-21 23:45:28,281 - context_monitor - WARNING -   - screen_cache hasn't been updated in 1707 seconds (threshold: 120s)
2025-05-21 23:45:58,300 - context_monitor - WARNING - ⚠️ Context integration issues detected:
2025-05-21 23:45:58,303 - context_monitor - WARNING -   - screen_cache hasn't been updated in 1737 seconds (threshold: 120s)
2025-05-21 23:46:28,314 - context_monitor - WARNING - ⚠️ Context integration issues detected:
2025-05-21 23:46:28,316 - context_monitor - WARNING -   - screen_cache hasn't been updated in 1767 seconds (threshold: 120s)
2025-05-21 23:46:58,331 - context_monitor - WARNING - ⚠️ Context integration issues detected:
2025-05-21 23:46:58,333 - context_monitor - WARNING -   - screen_cache hasn't been updated in 1797 seconds (threshold: 120s)
2025-05-21 23:46:58,335 - context_monitor - INFO - ===== CONTEXT INTEGRATION SYSTEM STATUS =====
2025-05-21 23:46:58,335 - context_monitor - INFO - File Ages (seconds since last update):
2025-05-21 23:46:58,335 - context_monitor - INFO -   - Memory State: 5s ✅
2025-05-21 23:46:58,335 - context_monitor - INFO -   - Context File: 5s ✅
2025-05-21 23:46:58,335 - context_monitor - INFO -   - Process Cache: 1s ✅
2025-05-21 23:46:58,335 - context_monitor - INFO -   - Screen Cache: 1797s ❌
2025-05-21 23:46:58,335 - context_monitor - INFO - File Sizes:
2025-05-21 23:46:58,335 - context_monitor - INFO -   - Memory State: 112600 bytes ✅
2025-05-21 23:46:58,335 - context_monitor - INFO -   - Context File: 451 bytes ✅
2025-05-21 23:46:58,335 - context_monitor - INFO - Current Context:
2025-05-21 23:46:58,335 - context_monitor - INFO -   - Active App: Unknown
2025-05-21 23:46:58,335 - context_monitor - INFO -   - Active Window: Unknown Window
2025-05-21 23:46:58,336 - context_monitor - INFO -   - Active Apps Count: 10
2025-05-21 23:46:58,336 - context_monitor - INFO -   - Window History Count: 1
2025-05-21 23:46:58,336 - context_monitor - INFO -   - Screen Text Length: 0
2025-05-21 23:46:58,336 - context_monitor - WARNING - ⚠️ OVERALL STATUS: ISSUES DETECTED - Check alerts above
2025-05-21 23:47:28,502 - context_monitor - WARNING - ⚠️ Context integration issues detected:
2025-05-21 23:47:28,505 - context_monitor - WARNING -   - screen_cache hasn't been updated in 1827 seconds (threshold: 120s)
2025-05-21 23:47:58,521 - context_monitor - WARNING - ⚠️ Context integration issues detected:
2025-05-21 23:47:58,523 - context_monitor - WARNING -   - screen_cache hasn't been updated in 1857 seconds (threshold: 120s)
2025-05-21 23:48:28,589 - context_monitor - WARNING - ⚠️ Context integration issues detected:
2025-05-21 23:48:28,598 - context_monitor - WARNING -   - screen_cache hasn't been updated in 1887 seconds (threshold: 120s)
2025-05-21 23:48:58,638 - context_monitor - WARNING - ⚠️ Context integration issues detected:
2025-05-21 23:48:58,652 - context_monitor - WARNING -   - screen_cache hasn't been updated in 1917 seconds (threshold: 120s)
2025-05-21 23:49:28,775 - context_monitor - WARNING - ⚠️ Context integration issues detected:
2025-05-21 23:49:29,256 - context_monitor - WARNING -   - screen_cache hasn't been updated in 1947 seconds (threshold: 120s)
2025-05-21 23:49:29,448 - context_monitor - INFO - ===== CONTEXT INTEGRATION SYSTEM STATUS =====
2025-05-21 23:49:29,477 - context_monitor - INFO - File Ages (seconds since last update):
2025-05-21 23:49:29,478 - context_monitor - INFO -   - Memory State: 1s ✅
2025-05-21 23:49:29,478 - context_monitor - INFO -   - Context File: 1s ✅
2025-05-21 23:49:29,478 - context_monitor - INFO -   - Process Cache: 2s ✅
2025-05-21 23:49:29,478 - context_monitor - INFO -   - Screen Cache: 1948s ❌
2025-05-21 23:49:29,478 - context_monitor - INFO - File Sizes:
2025-05-21 23:49:29,478 - context_monitor - INFO -   - Memory State: 111308 bytes ✅
2025-05-21 23:49:29,478 - context_monitor - INFO -   - Context File: 405 bytes ✅
2025-05-21 23:49:29,478 - context_monitor - INFO - Current Context:
2025-05-21 23:49:29,478 - context_monitor - INFO -   - Active App: Unknown
2025-05-21 23:49:29,478 - context_monitor - INFO -   - Active Window: Unknown Window
2025-05-21 23:49:29,478 - context_monitor - INFO -   - Active Apps Count: 10
2025-05-21 23:49:29,478 - context_monitor - INFO -   - Window History Count: 1
2025-05-21 23:49:29,478 - context_monitor - INFO -   - Screen Text Length: 0
2025-05-21 23:49:29,478 - context_monitor - WARNING - ⚠️ OVERALL STATUS: ISSUES DETECTED - Check alerts above
2025-05-21 23:49:59,638 - context_monitor - WARNING - ⚠️ Context integration issues detected:
2025-05-21 23:49:59,655 - context_monitor - WARNING -   - screen_cache hasn't been updated in 1978 seconds (threshold: 120s)
2025-05-21 23:50:30,200 - context_monitor - WARNING - ⚠️ Context integration issues detected:
2025-05-21 23:50:30,235 - context_monitor - WARNING -   - screen_cache hasn't been updated in 2008 seconds (threshold: 120s)
2025-05-21 23:51:00,416 - context_monitor - WARNING - ⚠️ Context integration issues detected:
2025-05-21 23:51:00,418 - context_monitor - WARNING -   - screen_cache hasn't been updated in 2039 seconds (threshold: 120s)
2025-05-21 23:51:30,659 - context_monitor - WARNING - ⚠️ Context integration issues detected:
2025-05-21 23:51:30,675 - context_monitor - WARNING -   - screen_cache hasn't been updated in 2069 seconds (threshold: 120s)
2025-05-21 23:52:00,686 - context_monitor - WARNING - ⚠️ Context integration issues detected:
2025-05-21 23:52:00,687 - context_monitor - WARNING -   - screen_cache hasn't been updated in 2099 seconds (threshold: 120s)
2025-05-21 23:52:00,690 - context_monitor - INFO - ===== CONTEXT INTEGRATION SYSTEM STATUS =====
2025-05-21 23:52:00,691 - context_monitor - INFO - File Ages (seconds since last update):
2025-05-21 23:52:00,691 - context_monitor - INFO -   - Memory State: 2s ✅
2025-05-21 23:52:00,691 - context_monitor - INFO -   - Context File: 2s ✅
2025-05-21 23:52:00,691 - context_monitor - INFO -   - Process Cache: 2s ✅
2025-05-21 23:52:00,691 - context_monitor - INFO -   - Screen Cache: 2099s ❌
2025-05-21 23:52:00,691 - context_monitor - INFO - File Sizes:
2025-05-21 23:52:00,691 - context_monitor - INFO -   - Memory State: 111462 bytes ✅
2025-05-21 23:52:00,691 - context_monitor - INFO -   - Context File: 408 bytes ✅
2025-05-21 23:52:00,691 - context_monitor - INFO - Current Context:
2025-05-21 23:52:00,691 - context_monitor - INFO -   - Active App: Unknown
2025-05-21 23:52:00,691 - context_monitor - INFO -   - Active Window: Unknown Window
2025-05-21 23:52:00,691 - context_monitor - INFO -   - Active Apps Count: 10
2025-05-21 23:52:00,691 - context_monitor - INFO -   - Window History Count: 1
2025-05-21 23:52:00,692 - context_monitor - INFO -   - Screen Text Length: 0
2025-05-21 23:52:00,692 - context_monitor - WARNING - ⚠️ OVERALL STATUS: ISSUES DETECTED - Check alerts above
2025-05-21 23:52:30,729 - context_monitor - WARNING - ⚠️ Context integration issues detected:
2025-05-21 23:52:30,779 - context_monitor - WARNING -   - screen_cache hasn't been updated in 2129 seconds (threshold: 120s)
2025-05-21 23:53:00,990 - context_monitor - WARNING - ⚠️ Context integration issues detected:
2025-05-21 23:53:00,992 - context_monitor - WARNING -   - screen_cache hasn't been updated in 2159 seconds (threshold: 120s)
2025-05-21 23:53:31,026 - context_monitor - WARNING - ⚠️ Context integration issues detected:
2025-05-21 23:53:31,026 - context_monitor - WARNING -   - screen_cache hasn't been updated in 2189 seconds (threshold: 120s)
2025-05-21 23:54:01,031 - context_monitor - WARNING - ⚠️ Context integration issues detected:
2025-05-21 23:54:01,033 - context_monitor - WARNING -   - screen_cache hasn't been updated in 2219 seconds (threshold: 120s)
2025-05-21 23:54:31,037 - context_monitor - WARNING - ⚠️ Context integration issues detected:
2025-05-21 23:54:31,037 - context_monitor - WARNING -   - screen_cache hasn't been updated in 2249 seconds (threshold: 120s)
2025-05-21 23:54:31,039 - context_monitor - INFO - ===== CONTEXT INTEGRATION SYSTEM STATUS =====
2025-05-21 23:54:31,039 - context_monitor - INFO - File Ages (seconds since last update):
2025-05-21 23:54:31,039 - context_monitor - INFO -   - Memory State: 3s ✅
2025-05-21 23:54:31,039 - context_monitor - INFO -   - Context File: 3s ✅
2025-05-21 23:54:31,039 - context_monitor - INFO -   - Process Cache: 4s ✅
2025-05-21 23:54:31,039 - context_monitor - INFO -   - Screen Cache: 2249s ❌
2025-05-21 23:54:31,039 - context_monitor - INFO - File Sizes:
2025-05-21 23:54:31,039 - context_monitor - INFO -   - Memory State: 111344 bytes ✅
2025-05-21 23:54:31,039 - context_monitor - INFO -   - Context File: 482 bytes ✅
2025-05-21 23:54:31,039 - context_monitor - INFO - Current Context:
2025-05-21 23:54:31,039 - context_monitor - INFO -   - Active App: Unknown
2025-05-21 23:54:31,039 - context_monitor - INFO -   - Active Window: Unknown Window
2025-05-21 23:54:31,039 - context_monitor - INFO -   - Active Apps Count: 10
2025-05-21 23:54:31,039 - context_monitor - INFO -   - Window History Count: 1
2025-05-21 23:54:31,039 - context_monitor - INFO -   - Screen Text Length: 0
2025-05-21 23:54:31,039 - context_monitor - WARNING - ⚠️ OVERALL STATUS: ISSUES DETECTED - Check alerts above
2025-05-21 23:55:01,090 - context_monitor - WARNING - ⚠️ Context integration issues detected:
2025-05-21 23:55:01,091 - context_monitor - WARNING -   - screen_cache hasn't been updated in 2279 seconds (threshold: 120s)
2025-05-21 23:55:31,102 - context_monitor - WARNING - ⚠️ Context integration issues detected:
2025-05-21 23:55:31,103 - context_monitor - WARNING -   - screen_cache hasn't been updated in 2309 seconds (threshold: 120s)
2025-05-21 23:56:01,264 - context_monitor - WARNING - ⚠️ Context integration issues detected:
2025-05-21 23:56:01,269 - context_monitor - WARNING -   - screen_cache hasn't been updated in 2340 seconds (threshold: 120s)
2025-05-21 23:56:31,352 - context_monitor - WARNING - ⚠️ Context integration issues detected:
2025-05-21 23:56:31,354 - context_monitor - WARNING -   - screen_cache hasn't been updated in 2370 seconds (threshold: 120s)
2025-05-21 23:57:01,488 - context_monitor - WARNING - ⚠️ Context integration issues detected:
2025-05-21 23:57:01,498 - context_monitor - WARNING -   - screen_cache hasn't been updated in 2400 seconds (threshold: 120s)
2025-05-21 23:57:01,504 - context_monitor - INFO - ===== CONTEXT INTEGRATION SYSTEM STATUS =====
2025-05-21 23:57:01,504 - context_monitor - INFO - File Ages (seconds since last update):
2025-05-21 23:57:01,505 - context_monitor - INFO -   - Memory State: 1s ✅
2025-05-21 23:57:01,507 - context_monitor - INFO -   - Context File: 0s ✅
2025-05-21 23:57:01,507 - context_monitor - INFO -   - Process Cache: 2s ✅
2025-05-21 23:57:01,507 - context_monitor - INFO -   - Screen Cache: 2400s ❌
2025-05-21 23:57:01,507 - context_monitor - INFO - File Sizes:
2025-05-21 23:57:01,507 - context_monitor - INFO -   - Memory State: 112399 bytes ✅
2025-05-21 23:57:01,507 - context_monitor - INFO -   - Context File: 430 bytes ✅
2025-05-21 23:57:01,508 - context_monitor - INFO - Current Context:
2025-05-21 23:57:01,508 - context_monitor - INFO -   - Active App: Unknown
2025-05-21 23:57:01,508 - context_monitor - INFO -   - Active Window: Unknown Window
2025-05-21 23:57:01,508 - context_monitor - INFO -   - Active Apps Count: 10
2025-05-21 23:57:01,508 - context_monitor - INFO -   - Window History Count: 1
2025-05-21 23:57:01,508 - context_monitor - INFO -   - Screen Text Length: 0
2025-05-21 23:57:01,508 - context_monitor - WARNING - ⚠️ OVERALL STATUS: ISSUES DETECTED - Check alerts above
2025-05-21 23:57:31,550 - context_monitor - WARNING - ⚠️ Context integration issues detected:
2025-05-21 23:57:31,556 - context_monitor - WARNING -   - screen_cache hasn't been updated in 2430 seconds (threshold: 120s)
2025-05-21 23:58:01,575 - context_monitor - WARNING - ⚠️ Context integration issues detected:
2025-05-21 23:58:01,577 - context_monitor - WARNING -   - screen_cache hasn't been updated in 2460 seconds (threshold: 120s)
2025-05-21 23:58:32,270 - context_monitor - WARNING - ⚠️ Context integration issues detected:
2025-05-21 23:58:32,316 - context_monitor - WARNING -   - screen_cache hasn't been updated in 2490 seconds (threshold: 120s)
2025-05-21 23:59:02,721 - context_monitor - WARNING - ⚠️ Context integration issues detected:
2025-05-21 23:59:02,740 - context_monitor - WARNING -   - screen_cache hasn't been updated in 2521 seconds (threshold: 120s)
2025-05-21 23:59:32,772 - context_monitor - WARNING - ⚠️ Context integration issues detected:
2025-05-21 23:59:32,776 - context_monitor - WARNING -   - screen_cache hasn't been updated in 2551 seconds (threshold: 120s)
2025-05-21 23:59:32,780 - context_monitor - INFO - ===== CONTEXT INTEGRATION SYSTEM STATUS =====
2025-05-21 23:59:32,781 - context_monitor - INFO - File Ages (seconds since last update):
2025-05-21 23:59:32,781 - context_monitor - INFO -   - Memory State: 2s ✅
2025-05-21 23:59:32,781 - context_monitor - INFO -   - Context File: 2s ✅
2025-05-21 23:59:32,781 - context_monitor - INFO -   - Process Cache: 3s ✅
2025-05-21 23:59:32,781 - context_monitor - INFO -   - Screen Cache: 2551s ❌
2025-05-21 23:59:32,782 - context_monitor - INFO - File Sizes:
2025-05-21 23:59:32,782 - context_monitor - INFO -   - Memory State: 111810 bytes ✅
2025-05-21 23:59:32,782 - context_monitor - INFO -   - Context File: 424 bytes ✅
2025-05-21 23:59:32,782 - context_monitor - INFO - Current Context:
2025-05-21 23:59:32,782 - context_monitor - INFO -   - Active App: Unknown
2025-05-21 23:59:32,782 - context_monitor - INFO -   - Active Window: Unknown Window
2025-05-21 23:59:32,783 - context_monitor - INFO -   - Active Apps Count: 10
2025-05-21 23:59:32,783 - context_monitor - INFO -   - Window History Count: 1
2025-05-21 23:59:32,783 - context_monitor - INFO -   - Screen Text Length: 0
2025-05-21 23:59:32,783 - context_monitor - WARNING - ⚠️ OVERALL STATUS: ISSUES DETECTED - Check alerts above
2025-05-22 00:00:02,827 - context_monitor - WARNING - ⚠️ Context integration issues detected:
2025-05-22 00:00:02,832 - context_monitor - WARNING -   - screen_cache hasn't been updated in 2581 seconds (threshold: 120s)
2025-05-22 00:00:32,843 - context_monitor - WARNING - ⚠️ Context integration issues detected:
2025-05-22 00:00:32,844 - context_monitor - WARNING -   - screen_cache hasn't been updated in 2611 seconds (threshold: 120s)
2025-05-22 00:01:02,851 - context_monitor - WARNING - ⚠️ Context integration issues detected:
2025-05-22 00:01:02,852 - context_monitor - WARNING -   - screen_cache hasn't been updated in 2641 seconds (threshold: 120s)
2025-05-22 00:01:32,861 - context_monitor - WARNING - ⚠️ Context integration issues detected:
2025-05-22 00:01:32,862 - context_monitor - WARNING -   - screen_cache hasn't been updated in 2671 seconds (threshold: 120s)
2025-05-22 00:02:02,969 - context_monitor - WARNING - ⚠️ Context integration issues detected:
2025-05-22 00:02:02,969 - context_monitor - WARNING -   - screen_cache hasn't been updated in 2701 seconds (threshold: 120s)
2025-05-22 00:02:03,021 - context_monitor - INFO - ===== CONTEXT INTEGRATION SYSTEM STATUS =====
2025-05-22 00:02:03,022 - context_monitor - INFO - File Ages (seconds since last update):
2025-05-22 00:02:03,022 - context_monitor - INFO -   - Memory State: 4s ✅
2025-05-22 00:02:03,022 - context_monitor - INFO -   - Context File: 4s ✅
2025-05-22 00:02:03,022 - context_monitor - INFO -   - Process Cache: 4s ✅
2025-05-22 00:02:03,022 - context_monitor - INFO -   - Screen Cache: 2701s ❌
2025-05-22 00:02:03,023 - context_monitor - INFO - File Sizes:
2025-05-22 00:02:03,023 - context_monitor - INFO -   - Memory State: 112156 bytes ✅
2025-05-22 00:02:03,024 - context_monitor - INFO -   - Context File: 419 bytes ✅
2025-05-22 00:02:03,024 - context_monitor - INFO - Current Context:
2025-05-22 00:02:03,024 - context_monitor - INFO -   - Active App: Unknown
2025-05-22 00:02:03,024 - context_monitor - INFO -   - Active Window: Unknown Window
2025-05-22 00:02:03,024 - context_monitor - INFO -   - Active Apps Count: 10
2025-05-22 00:02:03,024 - context_monitor - INFO -   - Window History Count: 1
2025-05-22 00:02:03,024 - context_monitor - INFO -   - Screen Text Length: 0
2025-05-22 00:02:03,025 - context_monitor - WARNING - ⚠️ OVERALL STATUS: ISSUES DETECTED - Check alerts above
2025-05-22 00:02:33,033 - context_monitor - WARNING - ⚠️ Context integration issues detected:
2025-05-22 00:02:33,035 - context_monitor - WARNING -   - screen_cache hasn't been updated in 2731 seconds (threshold: 120s)
2025-05-22 00:03:03,038 - context_monitor - WARNING - ⚠️ Context integration issues detected:
2025-05-22 00:03:03,039 - context_monitor - WARNING -   - screen_cache hasn't been updated in 2761 seconds (threshold: 120s)
2025-05-22 00:03:33,042 - context_monitor - WARNING - ⚠️ Context integration issues detected:
2025-05-22 00:03:33,043 - context_monitor - WARNING -   - screen_cache hasn't been updated in 2791 seconds (threshold: 120s)
