2025-06-08 00:10:11,728 - INFO - Starting WebSocket server on localhost:8765
2025-06-08 00:10:11,786 - INFO - server listening on [::1]:8765
2025-06-08 00:10:11,786 - INFO - server listening on 127.0.0.1:8765
2025-06-08 00:10:11,786 - INFO - WebSocket server created with legacy websockets style
2025-06-08 00:10:11,788 - INFO - Server started on ws://localhost:8765
2025-06-08 00:11:09,887 - INFO - connection open
2025-06-08 00:11:09,909 - INFO - Client client_4358592832 connected at path: /
2025-06-08 00:11:09,944 - INFO - Received from client_4358592832: {'type': 'register', 'client_type': 'epiphany_mode_handler', 'client_id': 'epiphany_1749355869920'}
2025-06-08 12:23:32,014 - INFO - Starting WebSocket server on localhost:8765
2025-06-08 12:23:32,046 - INFO - server listening on 127.0.0.1:8765
2025-06-08 12:23:32,046 - INFO - server listening on [::1]:8765
2025-06-08 12:23:32,046 - INFO - WebSocket server created with legacy websockets style
2025-06-08 12:23:32,047 - INFO - Server started on ws://localhost:8765
2025-06-08 12:23:34,942 - INFO - connection open
2025-06-08 12:23:34,942 - INFO - Client client_4319516992 connected at path: /
2025-06-08 12:23:34,944 - INFO - Received from client_4319516992: {'type': 'register', 'client_type': 'epiphany_mode_handler', 'client_id': 'epiphany_1749399814944'}
2025-06-08 12:23:38,455 - INFO - Connection closed with client_4319516992
2025-06-08 12:23:38,455 - INFO - Client client_4319516992 disconnected
2025-06-08 12:23:43,542 - INFO - connection open
2025-06-08 12:23:43,543 - INFO - Client client_4317475088 connected at path: /
2025-06-08 12:23:43,608 - INFO - Received from client_4317475088: {'type': 'register', 'client_type': 'epiphany_mode_handler', 'client_id': 'epiphany_1749399823608'}
2025-06-08 12:26:33,152 - INFO - Client client_4317475088 disconnected
2025-06-08 12:26:33,348 - INFO - connection open
2025-06-08 12:26:33,349 - INFO - Client client_4317477968 connected at path: /
2025-06-08 12:26:33,349 - INFO - Received from client_4317477968: {'type': 'register', 'client_type': 'epiphany_mode_handler', 'client_id': 'epiphany_1749399993349'}
