2025-06-04 02:05:43,034 - INFO - Sending suggestion (new format): {
  "type": "suggestion",
  "response": "\ud83d\udce3 This is a simple notification",
  "buttons": [
    {
      "text": "OK",
      "value": "ok",
      "style": "success"
    }
  ],
  "importance": "medium",
  "play_sound": true,
  "plan_id": "suggestion_3e92110f-970b-4077-857c-7314c8fd302b",
  "timestamp": "2025-06-04T02:05:43.034621"
}
2025-06-04 02:05:43,084 - ERROR - Error sending suggestion: Multiple exceptions: [Errno 61] Connect call failed ('::1', 8766, 0, 0), [Errno 61] Connect call failed ('127.0.0.1', 8766)
2025-06-04 02:05:43,087 - ERROR - Traceback (most recent call last):
  File "/Users/segevbin/Desktop/SensAI/Aiayer/fixed_nextgen_suggestion_handler.py", line 86, in send_suggestion
    async with websockets.connect(f"ws://localhost:{PROXY_PORT}") as ws:
               ~~~~~~~~~~~~~~~~~~^^^^^^^^^^^^^^^^^^^^^^^^^^^^^^^^
  File "/Users/segevbin/Desktop/SensAI/Aiayer/.venv/lib/python3.13/site-packages/websockets/asyncio/client.py", line 587, in __aenter__
    return await self
           ^^^^^^^^^^
  File "/Users/segevbin/Desktop/SensAI/Aiayer/.venv/lib/python3.13/site-packages/websockets/asyncio/client.py", line 541, in __await_impl__
    self.connection = await self.create_connection()
                      ^^^^^^^^^^^^^^^^^^^^^^^^^^^^^^
  File "/Users/segevbin/Desktop/SensAI/Aiayer/.venv/lib/python3.13/site-packages/websockets/asyncio/client.py", line 467, in create_connection
    _, connection = await loop.create_connection(factory, **kwargs)
                    ^^^^^^^^^^^^^^^^^^^^^^^^^^^^^^^^^^^^^^^^^^^^^^^
  File "/opt/homebrew/Cellar/python@3.13/3.13.3/Frameworks/Python.framework/Versions/3.13/lib/python3.13/asyncio/base_events.py", line 1168, in create_connection
    raise OSError('Multiple exceptions: {}'.format(
        ', '.join(str(exc) for exc in exceptions)))
OSError: Multiple exceptions: [Errno 61] Connect call failed ('::1', 8766, 0, 0), [Errno 61] Connect call failed ('127.0.0.1', 8766)

2025-06-04 02:05:43,087 - INFO - Simple notification sent: False
2025-06-04 02:05:45,091 - INFO - Sending suggestion (new format): {
  "type": "suggestion",
  "response": "\ud83d\udd34 HIGH PRIORITY TEST\n\nThis is a test of the suggestion notification system with high importance.",
  "buttons": [
    {
      "text": "\u2705 It works!",
      "value": "success",
      "style": "success"
    },
    {
      "text": "\u274c Not working",
      "value": "failure",
      "style": "danger"
    }
  ],
  "importance": "high",
  "play_sound": true,
  "plan_id": "suggestion_41443bf5-2d90-41cd-bb8f-cf42414bd686",
  "timestamp": "2025-06-04T02:05:45.090572"
}
2025-06-04 02:05:45,098 - ERROR - Error sending suggestion: Multiple exceptions: [Errno 61] Connect call failed ('::1', 8766, 0, 0), [Errno 61] Connect call failed ('127.0.0.1', 8766)
2025-06-04 02:05:45,101 - ERROR - Traceback (most recent call last):
  File "/Users/segevbin/Desktop/SensAI/Aiayer/fixed_nextgen_suggestion_handler.py", line 86, in send_suggestion
    async with websockets.connect(f"ws://localhost:{PROXY_PORT}") as ws:
               ~~~~~~~~~~~~~~~~~~^^^^^^^^^^^^^^^^^^^^^^^^^^^^^^^^
  File "/Users/segevbin/Desktop/SensAI/Aiayer/.venv/lib/python3.13/site-packages/websockets/asyncio/client.py", line 587, in __aenter__
    return await self
           ^^^^^^^^^^
  File "/Users/segevbin/Desktop/SensAI/Aiayer/.venv/lib/python3.13/site-packages/websockets/asyncio/client.py", line 541, in __await_impl__
    self.connection = await self.create_connection()
                      ^^^^^^^^^^^^^^^^^^^^^^^^^^^^^^
  File "/Users/segevbin/Desktop/SensAI/Aiayer/.venv/lib/python3.13/site-packages/websockets/asyncio/client.py", line 467, in create_connection
    _, connection = await loop.create_connection(factory, **kwargs)
                    ^^^^^^^^^^^^^^^^^^^^^^^^^^^^^^^^^^^^^^^^^^^^^^^
  File "/opt/homebrew/Cellar/python@3.13/3.13.3/Frameworks/Python.framework/Versions/3.13/lib/python3.13/asyncio/base_events.py", line 1168, in create_connection
    raise OSError('Multiple exceptions: {}'.format(
        ', '.join(str(exc) for exc in exceptions)))
OSError: Multiple exceptions: [Errno 61] Connect call failed ('::1', 8766, 0, 0), [Errno 61] Connect call failed ('127.0.0.1', 8766)

2025-06-04 02:05:45,101 - INFO - High priority notification sent: False
2025-06-04 02:05:47,102 - INFO - Sending suggestion (new format): {
  "type": "suggestion",
  "response": "\ud83d\udca1 OPTIMIZATION SUGGESTION\n\nBased on your recent activities, you might want to consider refactoring the `processData` function to improve performance.\n\nWould you like to see a suggested implementation?",
  "buttons": [
    {
      "text": "\ud83d\udc4d Show me",
      "value": "show",
      "style": "success"
    },
    {
      "text": "\u23f1\ufe0f Later",
      "value": "later",
      "style": "warning"
    },
    {
      "text": "\u274c Dismiss",
      "value": "dismiss",
      "style": "danger"
    }
  ],
  "importance": "medium",
  "play_sound": true,
  "plan_id": "suggestion_55a20126-4bac-4a05-8257-2db38ec1f73b",
  "timestamp": "2025-06-04T02:05:47.102913"
}
2025-06-04 02:05:47,104 - ERROR - Error sending suggestion: Multiple exceptions: [Errno 61] Connect call failed ('::1', 8766, 0, 0), [Errno 61] Connect call failed ('127.0.0.1', 8766)
2025-06-04 02:05:47,105 - ERROR - Traceback (most recent call last):
  File "/Users/segevbin/Desktop/SensAI/Aiayer/fixed_nextgen_suggestion_handler.py", line 86, in send_suggestion
    async with websockets.connect(f"ws://localhost:{PROXY_PORT}") as ws:
               ~~~~~~~~~~~~~~~~~~^^^^^^^^^^^^^^^^^^^^^^^^^^^^^^^^
  File "/Users/segevbin/Desktop/SensAI/Aiayer/.venv/lib/python3.13/site-packages/websockets/asyncio/client.py", line 587, in __aenter__
    return await self
           ^^^^^^^^^^
  File "/Users/segevbin/Desktop/SensAI/Aiayer/.venv/lib/python3.13/site-packages/websockets/asyncio/client.py", line 541, in __await_impl__
    self.connection = await self.create_connection()
                      ^^^^^^^^^^^^^^^^^^^^^^^^^^^^^^
  File "/Users/segevbin/Desktop/SensAI/Aiayer/.venv/lib/python3.13/site-packages/websockets/asyncio/client.py", line 467, in create_connection
    _, connection = await loop.create_connection(factory, **kwargs)
                    ^^^^^^^^^^^^^^^^^^^^^^^^^^^^^^^^^^^^^^^^^^^^^^^
  File "/opt/homebrew/Cellar/python@3.13/3.13.3/Frameworks/Python.framework/Versions/3.13/lib/python3.13/asyncio/base_events.py", line 1168, in create_connection
    raise OSError('Multiple exceptions: {}'.format(
        ', '.join(str(exc) for exc in exceptions)))
OSError: Multiple exceptions: [Errno 61] Connect call failed ('::1', 8766, 0, 0), [Errno 61] Connect call failed ('127.0.0.1', 8766)

2025-06-04 02:05:47,105 - INFO - Technical suggestion sent: False
