::1 - - [03/Jun/2025 18:18:05] "GET /ultra_simple_ws_test.html HTTP/1.1" 200 -
::1 - - [03/Jun/2025 18:19:09] "GET /ultra_simple_ws_test.html HTTP/1.1" 200 -
::1 - - [03/Jun/2025 18:26:38] "GET /test_neural_ui_detector_fixed.html HTTP/1.1" 304 -
::1 - - [03/Jun/2025 18:41:30] "GET /ultra_simple_ws_test.html HTTP/1.1" 200 -
::1 - - [03/Jun/2025 18:41:33] "GET /test_neural_ui_detector_fixed.html HTTP/1.1" 200 -
::1 - - [03/Jun/2025 20:44:52] "GET /debug_websocket.html HTTP/1.1" 200 -
::1 - - [03/Jun/2025 20:44:52] "GET /debug_websocket.js HTTP/1.1" 304 -
::1 - - [03/Jun/2025 20:51:15] "GET /debug_websocket.html HTTP/1.1" 200 -
::1 - - [04/Jun/2025 01:21:28] "GET /test_neural_ui_detector_fixed.html HTTP/1.1" 200 -
::1 - - [04/Jun/2025 01:23:45] "GET /test_neural_ui_detector_fixed.html HTTP/1.1" 200 -
::1 - - [04/Jun/2025 01:23:47] "GET /test_neural_ui_detector_fixed.html HTTP/1.1" 200 -
::1 - - [04/Jun/2025 01:26:21] "GET /test_neural_ui_detector_fixed.html HTTP/1.1" 200 -
::1 - - [04/Jun/2025 01:26:22] "GET /neural_ui_detector_port.txt HTTP/1.1" 200 -
::1 - - [04/Jun/2025 01:37:39] "GET /neural_ui_detector_port.txt HTTP/1.1" 200 -
::1 - - [04/Jun/2025 01:45:48] "GET /test_neural_ui_detector_fixed.html HTTP/1.1" 200 -
::1 - - [04/Jun/2025 01:50:11] "GET /test_neural_ui_detector_fixed.html HTTP/1.1" 200 -
::1 - - [04/Jun/2025 01:50:11] "GET /neural_ui_detector_port.txt HTTP/1.1" 200 -
::1 - - [04/Jun/2025 01:50:13] "GET /test_neural_ui_detector_fixed.html HTTP/1.1" 200 -
::1 - - [04/Jun/2025 01:50:13] "GET /neural_ui_detector_port.txt HTTP/1.1" 200 -
::1 - - [04/Jun/2025 01:50:14] "GET /test_neural_ui_detector_fixed.html HTTP/1.1" 200 -
::1 - - [04/Jun/2025 01:50:14] "GET /neural_ui_detector_port.txt HTTP/1.1" 200 -
::1 - - [04/Jun/2025 02:22:44] "GET /debug_websocket.html HTTP/1.1" 200 -
::1 - - [04/Jun/2025 02:22:44] "GET /debug_websocket.js HTTP/1.1" 304 -
::1 - - [04/Jun/2025 02:22:53] "GET /minimal_ui_detector_test.html HTTP/1.1" 200 -
::1 - - [04/Jun/2025 11:55:39] "GET /test_neural_ui_detector_fixed.html HTTP/1.1" 200 -
::1 - - [04/Jun/2025 11:55:39] "GET /neural_ui_detector_port.txt HTTP/1.1" 200 -
