2025-07-10 22:58:03,681 - agent_workflow.input_controller - INFO - Detected screen size: 1470x956
2025-07-10 22:58:03,682 - agent_workflow.input_controller - INFO - Standard mouse listener started successfully
2025-07-10 22:58:03,683 - agent_workflow.input_controller - INFO - Keyboard listener started successfully
2025-07-10 22:58:03,683 - agent_workflow.input_controller - INFO - Input controller initialized (safe mode)
2025-07-10 22:58:03,683 - agent_workflow.input_controller - INFO - 🚨 Emergency shutdown: Press Ctrl+1 to immediately stop agent
2025-07-10 22:58:03,683 - direct_coordinate_automation - INFO - ✅ Input controller loaded successfully
2025-07-10 22:58:04,744 - websockets.server - INFO - server listening on 0.0.0.0:8765
2025-07-10 22:58:04,744 - direct_coordinate_automation - INFO - ✅ Direct Coordinate Automation Server running on ws://0.0.0.0:8765
2025-07-10 22:58:04,744 - direct_coordinate_automation - INFO - 🎮 Physical automation ready - REAL mouse and keyboard actions enabled
2025-07-10 22:58:04,744 - direct_coordinate_automation - INFO - Server status: 0 clients connected, 0 executions completed
2025-07-10 22:58:08,572 - websockets.server - INFO - connection open
2025-07-10 22:58:08,573 - direct_coordinate_automation - INFO - Client client_4677946400 connected from 127.0.0.1
2025-07-10 22:58:08,575 - direct_coordinate_automation - INFO - Received message type: register
2025-07-10 22:58:08,576 - direct_coordinate_automation - INFO - Client epiphany_1752213488574 registered as epiphany_mode_handler
2025-07-10 22:58:29,747 - direct_coordinate_automation - INFO - Client epiphany_1752213488574 disconnected
2025-07-10 22:58:29,967 - websockets.server - INFO - connection open
2025-07-10 22:58:29,967 - direct_coordinate_automation - INFO - Client client_4660779664 connected from 127.0.0.1
2025-07-10 22:58:29,969 - direct_coordinate_automation - INFO - Received message type: register
2025-07-10 22:58:29,969 - direct_coordinate_automation - INFO - Client epiphany_1752213509969 registered as epiphany_mode_handler
2025-07-10 22:58:38,129 - direct_coordinate_automation - INFO - Client epiphany_1752213509969 disconnected
2025-07-10 22:58:38,369 - websockets.server - INFO - connection open
2025-07-10 22:58:38,369 - direct_coordinate_automation - INFO - Client client_4660782864 connected from 127.0.0.1
2025-07-10 22:58:38,370 - direct_coordinate_automation - INFO - Received message type: register
2025-07-10 22:58:38,370 - direct_coordinate_automation - INFO - Client epiphany_1752213518370 registered as epiphany_mode_handler
2025-07-10 22:59:04,746 - direct_coordinate_automation - INFO - Server status: 1 clients connected, 0 executions completed
2025-07-10 23:00:04,725 - direct_coordinate_automation - INFO - Server status: 1 clients connected, 0 executions completed
2025-07-10 23:01:04,727 - direct_coordinate_automation - INFO - Server status: 1 clients connected, 0 executions completed
2025-07-10 23:02:04,729 - direct_coordinate_automation - INFO - Server status: 1 clients connected, 0 executions completed
2025-07-10 23:02:46,914 - direct_coordinate_automation - INFO - Connection closed with epiphany_1752213518370: no close frame received or sent
2025-07-10 23:02:46,919 - direct_coordinate_automation - INFO - Client epiphany_1752213518370 disconnected
2025-07-10 23:02:56,537 - websockets.server - INFO - connection open
2025-07-10 23:02:56,538 - direct_coordinate_automation - INFO - Client client_4677994352 connected from 127.0.0.1
2025-07-10 23:02:56,639 - direct_coordinate_automation - INFO - Received message type: register
2025-07-10 23:02:56,639 - direct_coordinate_automation - INFO - Client epiphany_1752213776638 registered as epiphany_mode_handler
2025-07-10 23:03:04,731 - direct_coordinate_automation - INFO - Server status: 1 clients connected, 0 executions completed
2025-07-10 23:04:04,733 - direct_coordinate_automation - INFO - Server status: 1 clients connected, 0 executions completed
2025-07-10 23:05:04,734 - direct_coordinate_automation - INFO - Server status: 1 clients connected, 0 executions completed
2025-07-10 23:06:04,736 - direct_coordinate_automation - INFO - Server status: 1 clients connected, 0 executions completed
2025-07-10 23:07:04,737 - direct_coordinate_automation - INFO - Server status: 1 clients connected, 0 executions completed
2025-07-10 23:08:16,112 - agent_workflow.input_controller - INFO - Detected screen size: 1470x956
2025-07-10 23:08:16,114 - agent_workflow.input_controller - INFO - Standard mouse listener started successfully
2025-07-10 23:08:16,114 - agent_workflow.input_controller - INFO - Keyboard listener started successfully
2025-07-10 23:08:16,114 - agent_workflow.input_controller - INFO - Input controller initialized (safe mode)
2025-07-10 23:08:16,114 - agent_workflow.input_controller - INFO - 🚨 Emergency shutdown: Press Ctrl+1 to immediately stop agent
2025-07-10 23:08:16,114 - direct_coordinate_automation - INFO - ✅ Input controller loaded successfully
2025-07-10 23:08:17,188 - websockets.server - INFO - server listening on 0.0.0.0:8765
2025-07-10 23:08:17,189 - direct_coordinate_automation - INFO - ✅ Direct Coordinate Automation Server running on ws://0.0.0.0:8765
2025-07-10 23:08:17,189 - direct_coordinate_automation - INFO - 🎮 Physical automation ready - REAL mouse and keyboard actions enabled
2025-07-10 23:08:17,189 - direct_coordinate_automation - INFO - Server status: 0 clients connected, 0 executions completed
2025-07-10 23:08:19,999 - websockets.server - INFO - connection open
2025-07-10 23:08:19,999 - direct_coordinate_automation - INFO - Client client_5272833056 connected from 127.0.0.1
2025-07-10 23:08:20,000 - direct_coordinate_automation - INFO - Received message type: register
2025-07-10 23:08:20,001 - direct_coordinate_automation - INFO - Client epiphany_1752214100000 registered as epiphany_mode_handler
2025-07-10 23:09:17,189 - direct_coordinate_automation - INFO - Server status: 1 clients connected, 0 executions completed
2025-07-10 23:10:17,190 - direct_coordinate_automation - INFO - Server status: 1 clients connected, 0 executions completed
2025-07-10 23:11:17,193 - direct_coordinate_automation - INFO - Server status: 1 clients connected, 0 executions completed
2025-07-10 23:12:17,195 - direct_coordinate_automation - INFO - Server status: 1 clients connected, 0 executions completed
2025-07-10 23:12:21,392 - websockets.server - INFO - connection open
2025-07-10 23:12:21,392 - direct_coordinate_automation - INFO - Client client_5260581520 connected from 127.0.0.1
2025-07-10 23:12:21,393 - direct_coordinate_automation - INFO - Received message type: register
2025-07-10 23:12:21,393 - direct_coordinate_automation - INFO - Client do_button_test_client registered as test
2025-07-10 23:12:21,394 - direct_coordinate_automation - INFO - Client do_button_test_client disconnected
2025-07-10 23:13:17,197 - direct_coordinate_automation - INFO - Server status: 1 clients connected, 0 executions completed
2025-07-10 23:14:17,199 - direct_coordinate_automation - INFO - Server status: 1 clients connected, 0 executions completed
2025-07-10 23:15:17,202 - direct_coordinate_automation - INFO - Server status: 1 clients connected, 0 executions completed
2025-07-10 23:16:17,204 - direct_coordinate_automation - INFO - Server status: 1 clients connected, 0 executions completed
2025-07-10 23:16:22,345 - websockets.server - INFO - connection open
2025-07-10 23:16:22,345 - direct_coordinate_automation - INFO - Client client_5260584400 connected from 127.0.0.1
2025-07-10 23:16:22,346 - direct_coordinate_automation - INFO - Received message type: register
2025-07-10 23:16:22,346 - direct_coordinate_automation - INFO - Client do_button_test_client registered as test
2025-07-10 23:16:22,346 - direct_coordinate_automation - INFO - Client do_button_test_client disconnected
2025-07-10 23:17:17,206 - direct_coordinate_automation - INFO - Server status: 1 clients connected, 0 executions completed
2025-07-10 23:18:17,208 - direct_coordinate_automation - INFO - Server status: 1 clients connected, 0 executions completed
2025-07-10 23:19:17,210 - direct_coordinate_automation - INFO - Server status: 1 clients connected, 0 executions completed
2025-07-10 23:20:17,211 - direct_coordinate_automation - INFO - Server status: 1 clients connected, 0 executions completed
2025-07-10 23:21:17,213 - direct_coordinate_automation - INFO - Server status: 1 clients connected, 0 executions completed
2025-07-10 23:22:17,216 - direct_coordinate_automation - INFO - Server status: 1 clients connected, 0 executions completed
2025-07-10 23:23:17,217 - direct_coordinate_automation - INFO - Server status: 1 clients connected, 0 executions completed
2025-07-10 23:24:17,220 - direct_coordinate_automation - INFO - Server status: 1 clients connected, 0 executions completed
2025-07-10 23:25:17,221 - direct_coordinate_automation - INFO - Server status: 1 clients connected, 0 executions completed
2025-07-10 23:26:17,224 - direct_coordinate_automation - INFO - Server status: 1 clients connected, 0 executions completed
2025-07-10 23:26:42,777 - direct_coordinate_automation - INFO - Connection closed with epiphany_1752214100000: no close frame received or sent
2025-07-10 23:26:42,778 - direct_coordinate_automation - INFO - Client epiphany_1752214100000 disconnected
2025-07-10 23:27:17,227 - direct_coordinate_automation - INFO - Server status: 0 clients connected, 0 executions completed
2025-07-10 23:28:17,231 - direct_coordinate_automation - INFO - Server status: 0 clients connected, 0 executions completed
2025-07-10 23:29:17,232 - direct_coordinate_automation - INFO - Server status: 0 clients connected, 0 executions completed
2025-07-10 23:29:31,332 - websockets.server - INFO - connection open
2025-07-10 23:29:31,332 - direct_coordinate_automation - INFO - Client client_5272897392 connected from 127.0.0.1
2025-07-10 23:29:31,365 - direct_coordinate_automation - INFO - Received message type: register
2025-07-10 23:29:31,365 - direct_coordinate_automation - INFO - Client epiphany_1752215371364 registered as epiphany_mode_handler
2025-07-10 23:30:17,236 - direct_coordinate_automation - INFO - Server status: 1 clients connected, 0 executions completed
2025-07-10 23:31:17,294 - direct_coordinate_automation - INFO - Server status: 1 clients connected, 0 executions completed
2025-07-10 23:32:17,300 - direct_coordinate_automation - INFO - Server status: 1 clients connected, 0 executions completed
2025-07-10 23:32:29,440 - direct_coordinate_automation - INFO - Client epiphany_1752215371364 disconnected
2025-07-10 23:32:29,684 - websockets.server - INFO - connection open
2025-07-10 23:32:29,685 - direct_coordinate_automation - INFO - Client client_5272900432 connected from 127.0.0.1
2025-07-10 23:32:29,686 - direct_coordinate_automation - INFO - Received message type: register
2025-07-10 23:32:29,686 - direct_coordinate_automation - INFO - Client epiphany_1752215549685 registered as epiphany_mode_handler
2025-07-10 23:33:17,305 - direct_coordinate_automation - INFO - Server status: 1 clients connected, 0 executions completed
2025-07-10 23:34:17,311 - direct_coordinate_automation - INFO - Server status: 1 clients connected, 0 executions completed
2025-07-10 23:35:17,320 - direct_coordinate_automation - INFO - Server status: 1 clients connected, 0 executions completed
2025-07-10 23:36:17,322 - direct_coordinate_automation - INFO - Server status: 1 clients connected, 0 executions completed
2025-07-10 23:37:17,325 - direct_coordinate_automation - INFO - Server status: 1 clients connected, 0 executions completed
2025-07-10 23:38:17,330 - direct_coordinate_automation - INFO - Server status: 1 clients connected, 0 executions completed
2025-07-10 23:39:17,333 - direct_coordinate_automation - INFO - Server status: 1 clients connected, 0 executions completed
2025-07-10 23:40:17,337 - direct_coordinate_automation - INFO - Server status: 1 clients connected, 0 executions completed
2025-07-10 23:41:17,345 - direct_coordinate_automation - INFO - Server status: 1 clients connected, 0 executions completed
2025-07-10 23:42:17,349 - direct_coordinate_automation - INFO - Server status: 1 clients connected, 0 executions completed
2025-07-10 23:43:17,353 - direct_coordinate_automation - INFO - Server status: 1 clients connected, 0 executions completed
2025-07-10 23:44:16,557 - direct_coordinate_automation - INFO - Connection closed with epiphany_1752215549685: no close frame received or sent
2025-07-10 23:44:16,558 - direct_coordinate_automation - INFO - Client epiphany_1752215549685 disconnected
2025-07-10 23:44:17,358 - direct_coordinate_automation - INFO - Server status: 0 clients connected, 0 executions completed
2025-07-10 23:45:17,362 - direct_coordinate_automation - INFO - Server status: 0 clients connected, 0 executions completed
2025-07-10 23:46:17,367 - direct_coordinate_automation - INFO - Server status: 0 clients connected, 0 executions completed
2025-07-10 23:47:17,372 - direct_coordinate_automation - INFO - Server status: 0 clients connected, 0 executions completed
2025-07-10 23:48:17,376 - direct_coordinate_automation - INFO - Server status: 0 clients connected, 0 executions completed
2025-07-10 23:49:17,379 - direct_coordinate_automation - INFO - Server status: 0 clients connected, 0 executions completed
2025-07-10 23:50:17,383 - direct_coordinate_automation - INFO - Server status: 0 clients connected, 0 executions completed
2025-07-10 23:51:17,386 - direct_coordinate_automation - INFO - Server status: 0 clients connected, 0 executions completed
2025-07-10 23:52:17,390 - direct_coordinate_automation - INFO - Server status: 0 clients connected, 0 executions completed
2025-07-10 23:53:17,393 - direct_coordinate_automation - INFO - Server status: 0 clients connected, 0 executions completed
2025-07-10 23:54:17,397 - direct_coordinate_automation - INFO - Server status: 0 clients connected, 0 executions completed
2025-07-10 23:55:17,401 - direct_coordinate_automation - INFO - Server status: 0 clients connected, 0 executions completed
2025-07-10 23:56:17,404 - direct_coordinate_automation - INFO - Server status: 0 clients connected, 0 executions completed
2025-07-10 23:57:17,409 - direct_coordinate_automation - INFO - Server status: 0 clients connected, 0 executions completed
2025-07-10 23:58:17,415 - direct_coordinate_automation - INFO - Server status: 0 clients connected, 0 executions completed
2025-07-10 23:59:17,418 - direct_coordinate_automation - INFO - Server status: 0 clients connected, 0 executions completed
2025-07-11 00:00:17,423 - direct_coordinate_automation - INFO - Server status: 0 clients connected, 0 executions completed
2025-07-11 00:01:17,427 - direct_coordinate_automation - INFO - Server status: 0 clients connected, 0 executions completed
2025-07-11 00:02:17,432 - direct_coordinate_automation - INFO - Server status: 0 clients connected, 0 executions completed
2025-07-11 00:03:17,437 - direct_coordinate_automation - INFO - Server status: 0 clients connected, 0 executions completed
2025-07-11 00:04:17,443 - direct_coordinate_automation - INFO - Server status: 0 clients connected, 0 executions completed
2025-07-11 00:05:17,448 - direct_coordinate_automation - INFO - Server status: 0 clients connected, 0 executions completed
2025-07-11 00:06:17,454 - direct_coordinate_automation - INFO - Server status: 0 clients connected, 0 executions completed
2025-07-11 00:07:17,431 - direct_coordinate_automation - INFO - Server status: 0 clients connected, 0 executions completed
2025-07-11 00:08:17,429 - direct_coordinate_automation - INFO - Server status: 0 clients connected, 0 executions completed
2025-07-11 00:09:17,432 - direct_coordinate_automation - INFO - Server status: 0 clients connected, 0 executions completed
2025-07-11 00:10:17,435 - direct_coordinate_automation - INFO - Server status: 0 clients connected, 0 executions completed
2025-07-11 00:11:17,441 - direct_coordinate_automation - INFO - Server status: 0 clients connected, 0 executions completed
2025-07-11 00:12:17,444 - direct_coordinate_automation - INFO - Server status: 0 clients connected, 0 executions completed
2025-07-11 00:13:17,449 - direct_coordinate_automation - INFO - Server status: 0 clients connected, 0 executions completed
2025-07-11 00:14:17,455 - direct_coordinate_automation - INFO - Server status: 0 clients connected, 0 executions completed
2025-07-11 00:15:17,458 - direct_coordinate_automation - INFO - Server status: 0 clients connected, 0 executions completed
2025-07-11 00:16:17,462 - direct_coordinate_automation - INFO - Server status: 0 clients connected, 0 executions completed
2025-07-11 00:17:17,467 - direct_coordinate_automation - INFO - Server status: 0 clients connected, 0 executions completed
2025-07-11 00:18:17,472 - direct_coordinate_automation - INFO - Server status: 0 clients connected, 0 executions completed
2025-07-11 00:19:17,477 - direct_coordinate_automation - INFO - Server status: 0 clients connected, 0 executions completed
2025-07-11 00:20:17,479 - direct_coordinate_automation - INFO - Server status: 0 clients connected, 0 executions completed
2025-07-11 00:21:17,483 - direct_coordinate_automation - INFO - Server status: 0 clients connected, 0 executions completed
2025-07-11 00:22:17,477 - direct_coordinate_automation - INFO - Server status: 0 clients connected, 0 executions completed
2025-07-11 01:43:08,986 - direct_coordinate_automation - INFO - Server status: 0 clients connected, 0 executions completed
2025-07-11 02:10:52,098 - direct_coordinate_automation - INFO - Server status: 0 clients connected, 0 executions completed
2025-07-11 04:00:01,023 - direct_coordinate_automation - INFO - Server status: 0 clients connected, 0 executions completed
2025-07-11 04:51:34,348 - direct_coordinate_automation - INFO - Server status: 0 clients connected, 0 executions completed
2025-07-11 05:36:04,647 - direct_coordinate_automation - INFO - Server status: 0 clients connected, 0 executions completed
2025-07-11 06:01:13,454 - direct_coordinate_automation - INFO - Server status: 0 clients connected, 0 executions completed
2025-07-11 06:24:14,783 - direct_coordinate_automation - INFO - Server status: 0 clients connected, 0 executions completed
2025-07-11 06:43:20,292 - direct_coordinate_automation - INFO - Server status: 0 clients connected, 0 executions completed
2025-07-11 07:54:59,009 - direct_coordinate_automation - INFO - Server status: 0 clients connected, 0 executions completed
2025-07-11 07:57:32,503 - direct_coordinate_automation - INFO - Server status: 0 clients connected, 0 executions completed
2025-07-11 08:02:23,615 - direct_coordinate_automation - INFO - Server status: 0 clients connected, 0 executions completed
2025-07-11 08:07:34,430 - direct_coordinate_automation - INFO - Server status: 0 clients connected, 0 executions completed
2025-07-11 08:53:29,787 - direct_coordinate_automation - INFO - Server status: 0 clients connected, 0 executions completed
2025-07-11 09:03:16,029 - direct_coordinate_automation - INFO - Server status: 0 clients connected, 0 executions completed
2025-07-11 09:13:09,409 - direct_coordinate_automation - INFO - Server status: 0 clients connected, 0 executions completed
2025-07-11 09:25:15,526 - direct_coordinate_automation - INFO - Server status: 0 clients connected, 0 executions completed
2025-07-11 10:04:01,987 - direct_coordinate_automation - INFO - Server status: 0 clients connected, 0 executions completed
2025-07-11 10:12:56,352 - direct_coordinate_automation - INFO - Server status: 0 clients connected, 0 executions completed
2025-07-11 11:05:28,155 - direct_coordinate_automation - INFO - Server status: 0 clients connected, 0 executions completed
2025-07-11 12:02:55,905 - direct_coordinate_automation - INFO - Server status: 0 clients connected, 0 executions completed
2025-07-11 12:08:30,132 - direct_coordinate_automation - INFO - Server status: 0 clients connected, 0 executions completed
2025-07-11 13:06:49,323 - direct_coordinate_automation - INFO - Server status: 0 clients connected, 0 executions completed
2025-07-11 13:50:14,333 - direct_coordinate_automation - INFO - Server status: 0 clients connected, 0 executions completed
2025-07-11 14:24:59,714 - direct_coordinate_automation - INFO - Server status: 0 clients connected, 0 executions completed
2025-07-11 14:40:39,874 - direct_coordinate_automation - INFO - Server status: 0 clients connected, 0 executions completed
2025-07-11 15:07:36,370 - direct_coordinate_automation - INFO - Server status: 0 clients connected, 0 executions completed
2025-07-11 16:08:25,065 - direct_coordinate_automation - INFO - Server status: 0 clients connected, 0 executions completed
2025-07-11 16:20:09,397 - direct_coordinate_automation - INFO - Server status: 0 clients connected, 0 executions completed
2025-07-11 17:09:45,976 - direct_coordinate_automation - INFO - Server status: 0 clients connected, 0 executions completed
2025-07-11 19:11:12,171 - direct_coordinate_automation - INFO - Server status: 0 clients connected, 0 executions completed
2025-07-11 20:12:25,253 - direct_coordinate_automation - INFO - Server status: 0 clients connected, 0 executions completed
2025-07-11 21:13:38,317 - direct_coordinate_automation - INFO - Server status: 0 clients connected, 0 executions completed
2025-07-11 23:15:04,517 - direct_coordinate_automation - INFO - Server status: 0 clients connected, 0 executions completed
2025-07-12 00:16:17,598 - direct_coordinate_automation - INFO - Server status: 0 clients connected, 0 executions completed
2025-07-12 00:21:31,661 - direct_coordinate_automation - INFO - Server status: 0 clients connected, 0 executions completed
2025-07-12 00:22:47,779 - direct_coordinate_automation - INFO - Server status: 0 clients connected, 0 executions completed
2025-07-12 02:23:03,780 - direct_coordinate_automation - INFO - Server status: 0 clients connected, 0 executions completed
2025-07-12 03:29:13,717 - direct_coordinate_automation - INFO - Server status: 0 clients connected, 0 executions completed
2025-07-12 04:34:58,215 - direct_coordinate_automation - INFO - Server status: 0 clients connected, 0 executions completed
2025-07-12 06:01:02,302 - direct_coordinate_automation - INFO - Server status: 0 clients connected, 0 executions completed
2025-07-12 07:06:43,736 - direct_coordinate_automation - INFO - Server status: 0 clients connected, 0 executions completed
2025-07-12 08:02:23,201 - direct_coordinate_automation - INFO - Server status: 0 clients connected, 0 executions completed
2025-07-12 08:34:32,076 - direct_coordinate_automation - INFO - Server status: 0 clients connected, 0 executions completed
2025-07-12 09:03:44,184 - direct_coordinate_automation - INFO - Server status: 0 clients connected, 0 executions completed
2025-07-12 11:04:59,876 - direct_coordinate_automation - INFO - Server status: 0 clients connected, 0 executions completed
2025-07-12 12:06:12,937 - direct_coordinate_automation - INFO - Server status: 0 clients connected, 0 executions completed
2025-07-12 13:07:26,075 - direct_coordinate_automation - INFO - Server status: 0 clients connected, 0 executions completed
2025-07-12 14:08:39,155 - direct_coordinate_automation - INFO - Server status: 0 clients connected, 0 executions completed
2025-07-12 15:09:05,354 - direct_coordinate_automation - INFO - Server status: 0 clients connected, 0 executions completed
2025-07-12 16:10:18,422 - direct_coordinate_automation - INFO - Server status: 0 clients connected, 0 executions completed
2025-07-12 16:47:32,527 - direct_coordinate_automation - INFO - Server status: 0 clients connected, 0 executions completed
2025-07-12 17:11:39,351 - direct_coordinate_automation - INFO - Server status: 0 clients connected, 0 executions completed
2025-07-12 19:13:05,494 - direct_coordinate_automation - INFO - Server status: 0 clients connected, 0 executions completed
2025-07-12 20:14:18,589 - direct_coordinate_automation - INFO - Server status: 0 clients connected, 0 executions completed
2025-07-12 21:15:31,612 - direct_coordinate_automation - INFO - Server status: 0 clients connected, 0 executions completed
2025-07-12 22:10:26,532 - direct_coordinate_automation - INFO - Server status: 0 clients connected, 0 executions completed
2025-07-12 23:11:03,437 - direct_coordinate_automation - INFO - Server status: 0 clients connected, 0 executions completed
2025-07-12 23:17:23,913 - direct_coordinate_automation - INFO - Server status: 0 clients connected, 0 executions completed
2025-07-13 00:18:36,988 - direct_coordinate_automation - INFO - Server status: 0 clients connected, 0 executions completed
2025-07-13 01:16:01,138 - direct_coordinate_automation - INFO - Server status: 0 clients connected, 0 executions completed
2025-07-13 01:20:04,987 - direct_coordinate_automation - INFO - Server status: 0 clients connected, 0 executions completed
2025-07-13 02:25:21,905 - direct_coordinate_automation - INFO - Server status: 0 clients connected, 0 executions completed
2025-07-13 03:30:37,778 - direct_coordinate_automation - INFO - Server status: 0 clients connected, 0 executions completed
2025-07-13 05:38:59,620 - direct_coordinate_automation - INFO - Server status: 0 clients connected, 0 executions completed
2025-07-13 06:01:16,416 - direct_coordinate_automation - INFO - Server status: 0 clients connected, 0 executions completed
2025-07-13 06:51:48,751 - direct_coordinate_automation - INFO - Server status: 0 clients connected, 0 executions completed
2025-07-13 07:55:32,797 - direct_coordinate_automation - INFO - Server status: 0 clients connected, 0 executions completed
2025-07-13 08:58:13,369 - direct_coordinate_automation - INFO - Server status: 0 clients connected, 0 executions completed
2025-07-13 09:03:21,839 - direct_coordinate_automation - INFO - Server status: 0 clients connected, 0 executions completed
2025-07-13 09:58:29,111 - direct_coordinate_automation - INFO - Server status: 0 clients connected, 0 executions completed
2025-07-13 09:59:53,685 - direct_coordinate_automation - INFO - Server status: 0 clients connected, 0 executions completed
2025-07-13 10:00:53,692 - direct_coordinate_automation - INFO - Server status: 0 clients connected, 0 executions completed
2025-07-13 10:01:53,701 - direct_coordinate_automation - INFO - Server status: 0 clients connected, 0 executions completed
2025-07-13 10:02:52,752 - direct_coordinate_automation - INFO - Server status: 0 clients connected, 0 executions completed
2025-07-13 10:03:52,756 - direct_coordinate_automation - INFO - Server status: 0 clients connected, 0 executions completed
2025-07-13 10:04:52,763 - direct_coordinate_automation - INFO - Server status: 0 clients connected, 0 executions completed
2025-07-13 10:05:52,770 - direct_coordinate_automation - INFO - Server status: 0 clients connected, 0 executions completed
2025-07-13 10:06:52,775 - direct_coordinate_automation - INFO - Server status: 0 clients connected, 0 executions completed
2025-07-13 10:07:52,780 - direct_coordinate_automation - INFO - Server status: 0 clients connected, 0 executions completed
2025-07-13 10:08:52,785 - direct_coordinate_automation - INFO - Server status: 0 clients connected, 0 executions completed
2025-07-13 10:09:52,792 - direct_coordinate_automation - INFO - Server status: 0 clients connected, 0 executions completed
2025-07-13 10:10:52,798 - direct_coordinate_automation - INFO - Server status: 0 clients connected, 0 executions completed
2025-07-13 10:11:52,801 - direct_coordinate_automation - INFO - Server status: 0 clients connected, 0 executions completed
2025-07-13 10:12:52,862 - direct_coordinate_automation - INFO - Server status: 0 clients connected, 0 executions completed
