2025-05-20 12:40:15,305 - memory_connector - INFO - Memory connector initialized
2025-05-20 12:40:15,305 - memory_connector - INFO - Starting memory connector
2025-05-20 12:40:15,325 - memory_connector - INFO - Connected to bridge server at ws://localhost:8768
2025-05-20 12:40:15,325 - memory_connector - INFO - SimpleMemorySystem initialized
2025-05-20 12:40:15,325 - memory_connector - INFO - Memory system initialized successfully
2025-05-20 12:40:15,326 - memory_connector - WARNING - Unknown message type: error
2025-05-20 12:40:46,355 - memory_connector - INFO - Memory connector initialized
2025-05-20 12:40:46,355 - memory_connector - INFO - Starting memory connector
2025-05-20 12:40:46,375 - memory_connector - INFO - Connected to bridge server at ws://localhost:8768
2025-05-20 12:40:46,375 - memory_connector - INFO - SimpleMemorySystem initialized
2025-05-20 12:40:46,375 - memory_connector - INFO - Memory system initialized successfully
2025-05-20 12:40:46,375 - memory_connector - WARNING - Unknown message type: error
2025-05-20 12:45:10,793 - memory_connector - INFO - Memory connector initialized
2025-05-20 12:45:10,793 - memory_connector - INFO - Starting memory connector
2025-05-20 12:45:10,814 - memory_connector - INFO - Connected to bridge server at ws://localhost:8768
2025-05-20 12:45:10,814 - memory_connector - INFO - SimpleMemorySystem initialized
2025-05-20 12:45:10,814 - memory_connector - INFO - Memory system initialized successfully
2025-05-20 12:45:10,814 - memory_connector - WARNING - Unknown message type: error
2025-05-20 12:49:57,191 - memory_connector - INFO - Memory connector initialized
2025-05-20 12:49:57,192 - memory_connector - INFO - Starting memory connector
2025-05-20 12:49:57,212 - memory_connector - INFO - Connected to bridge server at ws://localhost:8768
2025-05-20 12:49:57,213 - memory_connector - INFO - SimpleMemorySystem initialized
2025-05-20 12:49:57,213 - memory_connector - INFO - Memory system initialized successfully
2025-05-20 12:49:57,213 - memory_connector - WARNING - Unknown message type: error
2025-05-20 13:28:05,000 - memory_connector - INFO - Memory connector initialized
2025-05-20 13:28:05,000 - memory_connector - INFO - Starting memory connector
2025-05-20 13:28:05,021 - memory_connector - INFO - Connected to bridge server at ws://localhost:8768
2025-05-20 13:28:05,021 - memory_connector - INFO - SimpleMemorySystem initialized
2025-05-20 13:28:05,021 - memory_connector - INFO - Memory system initialized successfully
2025-05-20 13:31:35,485 - memory_connector - INFO - Memory connector initialized
2025-05-20 13:31:35,486 - memory_connector - INFO - Starting memory connector
2025-05-20 13:31:35,505 - memory_connector - INFO - Connected to bridge server at ws://localhost:8768
2025-05-20 13:31:35,505 - memory_connector - INFO - SimpleMemorySystem initialized
2025-05-20 13:31:35,506 - memory_connector - INFO - Memory system initialized successfully
2025-05-20 13:33:09,889 - memory_connector - INFO - Memory connector initialized
2025-05-20 13:33:09,889 - memory_connector - INFO - Starting memory connector
2025-05-20 13:33:09,909 - memory_connector - INFO - Connected to bridge server at ws://localhost:8768
2025-05-20 13:33:09,909 - memory_connector - INFO - SimpleMemorySystem initialized
2025-05-20 13:33:09,909 - memory_connector - INFO - Memory system initialized successfully
2025-05-20 13:33:47,057 - memory_connector - INFO - Memory connector initialized
2025-05-20 13:33:47,058 - memory_connector - INFO - Starting memory connector
2025-05-20 13:33:47,077 - memory_connector - INFO - Connected to bridge server at ws://localhost:8768
2025-05-20 13:33:47,077 - memory_connector - INFO - SimpleMemorySystem initialized
2025-05-20 13:33:47,077 - memory_connector - INFO - Memory system initialized successfully
2025-05-20 13:34:18,609 - memory_connector - INFO - Memory connector initialized
2025-05-20 13:34:18,610 - memory_connector - INFO - Starting memory connector
2025-05-20 13:34:18,629 - memory_connector - INFO - Connected to bridge server at ws://localhost:8768
2025-05-20 13:34:18,629 - memory_connector - INFO - SimpleMemorySystem initialized
2025-05-20 13:34:18,629 - memory_connector - INFO - Memory system initialized successfully
2025-05-20 13:35:34,109 - memory_connector - INFO - Memory connector initialized
2025-05-20 13:35:34,109 - memory_connector - INFO - Starting memory connector
2025-05-20 13:35:34,129 - memory_connector - INFO - Connected to bridge server at ws://localhost:8768
2025-05-20 13:35:34,129 - memory_connector - INFO - SimpleMemorySystem initialized
2025-05-20 13:35:34,129 - memory_connector - INFO - Memory system initialized successfully
2025-05-20 13:36:50,849 - memory_connector - INFO - Memory connector initialized
2025-05-20 13:36:50,849 - memory_connector - INFO - Starting memory connector
2025-05-20 13:36:50,868 - memory_connector - INFO - Connected to bridge server at ws://localhost:8768
2025-05-20 13:36:50,868 - memory_connector - INFO - SimpleMemorySystem initialized
2025-05-20 13:36:50,868 - memory_connector - INFO - Memory system initialized successfully
2025-05-20 13:37:34,852 - memory_connector - INFO - Memory connector initialized
2025-05-20 13:37:34,853 - memory_connector - INFO - Starting memory connector
2025-05-20 13:37:34,874 - memory_connector - INFO - Connected to bridge server at ws://localhost:8768
2025-05-20 13:37:34,874 - memory_connector - INFO - SimpleMemorySystem initialized
2025-05-20 13:37:34,874 - memory_connector - INFO - Memory system initialized successfully
2025-05-20 13:38:23,765 - memory_connector - INFO - Memory connector initialized
2025-05-20 13:38:23,765 - memory_connector - INFO - Starting memory connector
2025-05-20 13:38:23,784 - memory_connector - INFO - Connected to bridge server at ws://localhost:8768
2025-05-20 13:38:23,784 - memory_connector - INFO - SimpleMemorySystem initialized
2025-05-20 13:38:23,784 - memory_connector - INFO - Memory system initialized successfully
2025-05-20 13:40:19,749 - memory_connector - INFO - Memory connector initialized
2025-05-20 13:40:19,749 - memory_connector - INFO - Starting memory connector
2025-05-20 13:40:19,772 - memory_connector - INFO - Connected to bridge server at ws://localhost:8768
2025-05-20 13:40:19,772 - memory_connector - INFO - SimpleMemorySystem initialized
2025-05-20 13:40:19,772 - memory_connector - INFO - Memory system initialized successfully
2025-05-20 13:42:28,571 - memory_connector - INFO - Memory connector initialized
2025-05-20 13:42:28,571 - memory_connector - INFO - Starting memory connector
2025-05-20 13:42:28,591 - memory_connector - INFO - Connected to bridge server at ws://localhost:8768
2025-05-20 13:42:28,591 - memory_connector - INFO - SimpleMemorySystem initialized
2025-05-20 13:42:28,591 - memory_connector - INFO - Memory system initialized successfully
2025-05-20 13:45:14,903 - memory_connector - INFO - Memory connector initialized
2025-05-20 13:45:14,903 - memory_connector - INFO - Starting memory connector
2025-05-20 13:45:14,922 - memory_connector - INFO - Connected to bridge server at ws://localhost:8768
2025-05-20 13:45:14,922 - memory_connector - INFO - SimpleMemorySystem initialized
2025-05-20 13:45:14,922 - memory_connector - INFO - Memory system initialized successfully
2025-05-20 13:48:04,491 - memory_connector - INFO - Memory connector initialized
2025-05-20 13:48:04,491 - memory_connector - INFO - Starting memory connector
2025-05-20 13:48:04,512 - memory_connector - INFO - Connected to bridge server at ws://localhost:8768
2025-05-20 13:48:04,512 - memory_connector - INFO - SimpleMemorySystem initialized
2025-05-20 13:48:04,512 - memory_connector - INFO - Memory system initialized successfully
2025-05-20 13:54:02,444 - memory_connector - INFO - Memory connector initialized
2025-05-20 13:54:02,444 - memory_connector - INFO - Starting memory connector
2025-05-20 13:54:02,467 - memory_connector - INFO - Connected to bridge server at ws://localhost:8768
2025-05-20 13:54:02,467 - memory_connector - INFO - SimpleMemorySystem initialized
2025-05-20 13:54:02,467 - memory_connector - INFO - Memory system initialized successfully
2025-05-20 13:56:20,389 - memory_connector - INFO - Memory connector initialized
2025-05-20 13:56:20,389 - memory_connector - INFO - Starting memory connector
2025-05-20 13:56:20,412 - memory_connector - INFO - Connected to bridge server at ws://localhost:8768
2025-05-20 13:56:20,412 - memory_connector - INFO - SimpleMemorySystem initialized
2025-05-20 13:56:20,412 - memory_connector - INFO - Memory system initialized successfully
2025-05-20 13:56:56,709 - memory_connector - INFO - Memory connector initialized
2025-05-20 13:56:56,710 - memory_connector - INFO - Starting memory connector
2025-05-20 13:56:56,729 - memory_connector - INFO - Connected to bridge server at ws://localhost:8768
2025-05-20 13:56:56,729 - memory_connector - INFO - SimpleMemorySystem initialized
2025-05-20 13:56:56,729 - memory_connector - INFO - Memory system initialized successfully
2025-05-20 14:04:15,842 - memory_connector - INFO - Memory connector initialized
2025-05-20 14:04:15,843 - memory_connector - INFO - Starting memory connector
2025-05-20 14:04:15,861 - memory_connector - INFO - Connected to bridge server at ws://localhost:8768
2025-05-20 14:04:15,861 - memory_connector - INFO - SimpleMemorySystem initialized
2025-05-20 14:04:15,861 - memory_connector - INFO - Memory system initialized successfully
