/Users/segevbin/Desktop/SensAI/Aiayer/sensors/enhanced_fixed_screen_sensor.py:16: DeprecationWarning: websockets.client.WebSocketClientProtocol is deprecated
  from websockets.client import WebSocketClientProtocol
2025-05-21 22:50:07,670 - __main__ - INFO - Connected to bridge server
2025-05-21 22:50:07,671 - __main__ - INFO - Received welcome: welcome
2025-05-21 22:50:07,671 - __main__ - INFO - Sent registration message
2025-05-21 22:50:07,671 - __main__ - INFO - Registration confirmed as screen_sensor
2025-05-21 22:50:07,854 - __main__ - INFO - Sent enhanced screen data: Unknown - Unknown task
2025-05-21 22:50:11,565 - __main__ - WARNING - Received unexpected message type: sensor_data
2025-05-21 22:50:11,565 - __main__ - WARNING - Received unexpected message type: heartbeat
2025-05-21 22:50:13,059 - __main__ - INFO - Sent enhanced screen data: Unknown - Unknown task
2025-05-21 22:50:14,701 - __main__ - WARNING - Received unexpected message type: llm_service_status
2025-05-21 22:50:16,772 - __main__ - WARNING - Received unexpected message type: sensor_data
2025-05-21 22:50:16,773 - __main__ - WARNING - Received unexpected message type: heartbeat
2025-05-21 22:50:18,256 - __main__ - INFO - Sent enhanced screen data: Unknown - Unknown task
2025-05-21 22:50:19,700 - __main__ - WARNING - Received unexpected message type: context_update
2025-05-21 22:50:21,991 - __main__ - WARNING - Received unexpected message type: sensor_data
2025-05-21 22:50:21,992 - __main__ - WARNING - Received unexpected message type: heartbeat
2025-05-21 22:50:23,444 - __main__ - INFO - Sent enhanced screen data: Unknown - Unknown task
2025-05-21 22:50:24,702 - __main__ - WARNING - Received unexpected message type: context_update
2025-05-21 22:50:27,206 - __main__ - WARNING - Received unexpected message type: sensor_data
2025-05-21 22:50:27,206 - __main__ - WARNING - Received unexpected message type: heartbeat
2025-05-21 22:50:28,634 - __main__ - INFO - Sent enhanced screen data: Unknown - Unknown task
2025-05-21 22:50:29,704 - __main__ - WARNING - Received unexpected message type: context_update
2025-05-21 22:50:32,422 - __main__ - WARNING - Received unexpected message type: sensor_data
2025-05-21 22:50:32,423 - __main__ - WARNING - Received unexpected message type: heartbeat
2025-05-21 22:50:33,827 - __main__ - INFO - Sent enhanced screen data: Unknown - Unknown task
2025-05-21 22:50:34,705 - __main__ - WARNING - Received unexpected message type: context_update
2025-05-21 22:50:37,656 - __main__ - WARNING - Received unexpected message type: sensor_data
2025-05-21 22:50:37,657 - __main__ - WARNING - Received unexpected message type: heartbeat
2025-05-21 22:50:39,028 - __main__ - INFO - Sent enhanced screen data: Unknown - Unknown task
2025-05-21 22:50:39,706 - __main__ - WARNING - Received unexpected message type: context_update
2025-05-21 22:50:42,860 - __main__ - WARNING - Received unexpected message type: sensor_data
2025-05-21 22:50:42,860 - __main__ - WARNING - Received unexpected message type: heartbeat
2025-05-21 22:50:44,213 - __main__ - INFO - Sent enhanced screen data: Unknown - Unknown task
2025-05-21 22:50:44,709 - __main__ - WARNING - Received unexpected message type: context_update
2025-05-21 22:50:48,136 - __main__ - WARNING - Received unexpected message type: sensor_data
2025-05-21 22:50:48,137 - __main__ - WARNING - Received unexpected message type: heartbeat
2025-05-21 22:50:49,790 - __main__ - INFO - Sent enhanced screen data: Unknown - Unknown task
2025-05-21 22:50:49,791 - __main__ - WARNING - Received unexpected message type: context_update
2025-05-21 22:50:53,362 - __main__ - WARNING - Received unexpected message type: sensor_data
2025-05-21 22:50:53,362 - __main__ - WARNING - Received unexpected message type: heartbeat
2025-05-21 22:50:54,711 - __main__ - WARNING - Received unexpected message type: context_update
2025-05-21 22:50:54,983 - __main__ - INFO - Sent enhanced screen data: Unknown - Unknown task
2025-05-21 22:50:58,575 - __main__ - WARNING - Received unexpected message type: sensor_data
2025-05-21 22:50:58,575 - __main__ - WARNING - Received unexpected message type: heartbeat
2025-05-21 22:50:59,713 - __main__ - WARNING - Received unexpected message type: context_update
2025-05-21 22:51:00,176 - __main__ - INFO - Sent enhanced screen data: Unknown - Unknown task
2025-05-21 22:51:03,787 - __main__ - WARNING - Received unexpected message type: sensor_data
2025-05-21 22:51:03,788 - __main__ - WARNING - Received unexpected message type: heartbeat
2025-05-21 22:51:04,714 - __main__ - WARNING - Received unexpected message type: context_update
2025-05-21 22:51:05,370 - __main__ - INFO - Sent enhanced screen data: Unknown - Unknown task
2025-05-21 22:51:09,051 - __main__ - WARNING - Received unexpected message type: sensor_data
2025-05-21 22:51:09,051 - __main__ - WARNING - Received unexpected message type: heartbeat
2025-05-21 22:51:09,720 - __main__ - WARNING - Received unexpected message type: context_update
2025-05-21 22:51:13,159 - __main__ - INFO - Sent enhanced screen data: Unknown - Unknown task
2025-05-21 22:51:14,265 - __main__ - WARNING - Received unexpected message type: sensor_data
2025-05-21 22:51:14,265 - __main__ - WARNING - Received unexpected message type: heartbeat
2025-05-21 22:51:14,720 - __main__ - WARNING - Received unexpected message type: context_update
2025-05-21 22:51:18,352 - __main__ - INFO - Sent enhanced screen data: Unknown - Unknown task
2025-05-21 22:51:19,472 - __main__ - WARNING - Received unexpected message type: sensor_data
2025-05-21 22:51:19,472 - __main__ - WARNING - Received unexpected message type: heartbeat
2025-05-21 22:51:19,721 - __main__ - WARNING - Received unexpected message type: context_update
2025-05-21 22:51:23,914 - __main__ - INFO - Sent enhanced screen data: Unknown - Unknown task
2025-05-21 22:51:24,711 - __main__ - WARNING - Received unexpected message type: sensor_data
2025-05-21 22:51:24,711 - __main__ - WARNING - Received unexpected message type: heartbeat
2025-05-21 22:51:24,723 - __main__ - WARNING - Received unexpected message type: context_update
2025-05-21 22:51:29,106 - __main__ - INFO - Sent enhanced screen data: Unknown - Unknown task
2025-05-21 22:51:29,723 - __main__ - WARNING - Received unexpected message type: context_update
2025-05-21 22:51:29,913 - __main__ - WARNING - Received unexpected message type: sensor_data
2025-05-21 22:51:29,913 - __main__ - WARNING - Received unexpected message type: heartbeat
2025-05-21 22:51:34,303 - __main__ - INFO - Sent enhanced screen data: Unknown - Unknown task
2025-05-21 22:51:34,727 - __main__ - WARNING - Received unexpected message type: context_update
2025-05-21 22:51:35,122 - __main__ - WARNING - Received unexpected message type: sensor_data
2025-05-21 22:51:35,123 - __main__ - WARNING - Received unexpected message type: heartbeat
2025-05-21 22:51:39,526 - __main__ - INFO - Sent enhanced screen data: Unknown - Unknown task
2025-05-21 22:51:39,728 - __main__ - WARNING - Received unexpected message type: context_update
2025-05-21 22:51:40,329 - __main__ - WARNING - Received unexpected message type: sensor_data
2025-05-21 22:51:40,329 - __main__ - WARNING - Received unexpected message type: heartbeat
2025-05-21 22:51:44,717 - __main__ - INFO - Sent enhanced screen data: Unknown - Unknown task
2025-05-21 22:51:44,729 - __main__ - WARNING - Received unexpected message type: context_update
2025-05-21 22:51:45,540 - __main__ - WARNING - Received unexpected message type: sensor_data
2025-05-21 22:51:45,541 - __main__ - WARNING - Received unexpected message type: heartbeat
2025-05-21 22:51:50,240 - __main__ - INFO - Sent enhanced screen data: Unknown - Unknown task
2025-05-21 22:51:50,240 - __main__ - WARNING - Received unexpected message type: context_update
2025-05-21 22:51:50,745 - __main__ - WARNING - Received unexpected message type: sensor_data
2025-05-21 22:51:50,746 - __main__ - WARNING - Received unexpected message type: heartbeat
2025-05-21 22:51:54,745 - __main__ - WARNING - Received unexpected message type: context_update
2025-05-21 22:51:55,435 - __main__ - INFO - Sent enhanced screen data: Unknown - Unknown task
2025-05-21 22:51:55,968 - __main__ - WARNING - Received unexpected message type: sensor_data
2025-05-21 22:51:55,968 - __main__ - WARNING - Received unexpected message type: heartbeat
2025-05-21 22:51:59,747 - __main__ - WARNING - Received unexpected message type: context_update
2025-05-21 22:52:00,625 - __main__ - INFO - Sent enhanced screen data: Unknown - Unknown task
2025-05-21 22:52:01,176 - __main__ - WARNING - Received unexpected message type: sensor_data
2025-05-21 22:52:01,176 - __main__ - WARNING - Received unexpected message type: heartbeat
2025-05-21 22:52:04,748 - __main__ - WARNING - Received unexpected message type: context_update
2025-05-21 22:52:05,812 - __main__ - INFO - Sent enhanced screen data: Unknown - Unknown task
2025-05-21 22:52:06,683 - __main__ - WARNING - Received unexpected message type: sensor_data
2025-05-21 22:52:06,683 - __main__ - WARNING - Received unexpected message type: heartbeat
2025-05-21 22:52:09,749 - __main__ - WARNING - Received unexpected message type: context_update
2025-05-21 22:52:11,002 - __main__ - INFO - Sent enhanced screen data: Unknown - Unknown task
2025-05-21 22:52:11,888 - __main__ - WARNING - Received unexpected message type: sensor_data
2025-05-21 22:52:11,888 - __main__ - WARNING - Received unexpected message type: heartbeat
2025-05-21 22:52:14,751 - __main__ - WARNING - Received unexpected message type: context_update
2025-05-21 22:52:16,193 - __main__ - INFO - Sent enhanced screen data: Unknown - Unknown task
2025-05-21 22:52:17,103 - __main__ - WARNING - Received unexpected message type: sensor_data
2025-05-21 22:52:17,103 - __main__ - WARNING - Received unexpected message type: heartbeat
2025-05-21 22:52:19,754 - __main__ - WARNING - Received unexpected message type: context_update
2025-05-21 22:52:21,443 - __main__ - INFO - Sent enhanced screen data: Unknown - Unknown task
2025-05-21 22:52:22,321 - __main__ - WARNING - Received unexpected message type: sensor_data
2025-05-21 22:52:22,322 - __main__ - WARNING - Received unexpected message type: heartbeat
2025-05-21 22:52:24,755 - __main__ - WARNING - Received unexpected message type: context_update
2025-05-21 22:52:26,646 - __main__ - INFO - Sent enhanced screen data: Unknown - Unknown task
2025-05-21 22:52:27,529 - __main__ - WARNING - Received unexpected message type: sensor_data
2025-05-21 22:52:27,529 - __main__ - WARNING - Received unexpected message type: heartbeat
2025-05-21 22:52:29,758 - __main__ - WARNING - Received unexpected message type: context_update
2025-05-21 22:52:31,871 - __main__ - INFO - Sent enhanced screen data: Unknown - Unknown task
2025-05-21 22:52:32,741 - __main__ - WARNING - Received unexpected message type: sensor_data
2025-05-21 22:52:32,741 - __main__ - WARNING - Received unexpected message type: heartbeat
2025-05-21 22:52:34,760 - __main__ - WARNING - Received unexpected message type: context_update
2025-05-21 22:52:37,062 - __main__ - INFO - Sent enhanced screen data: Unknown - Unknown task
2025-05-21 22:52:37,945 - __main__ - WARNING - Received unexpected message type: sensor_data
2025-05-21 22:52:37,945 - __main__ - WARNING - Received unexpected message type: heartbeat
2025-05-21 22:52:39,762 - __main__ - WARNING - Received unexpected message type: context_update
2025-05-21 22:52:42,264 - __main__ - INFO - Sent enhanced screen data: Unknown - Unknown task
2025-05-21 22:52:43,148 - __main__ - WARNING - Received unexpected message type: sensor_data
2025-05-21 22:52:43,148 - __main__ - WARNING - Received unexpected message type: heartbeat
2025-05-21 22:52:44,762 - __main__ - WARNING - Received unexpected message type: context_update
