2025-05-16 11:49:40,677 - INFO - Starting WebSocket bridge server on localhost:8765
2025-05-16 11:49:40,699 - INFO - server listening on 127.0.0.1:8765
2025-05-16 11:49:40,699 - INFO - server listening on [::1]:8765
2025-05-16 11:49:40,699 - INFO - WebSocket bridge server started on ws://localhost:8765
2025-05-16 11:49:43,723 - INFO - connection open
2025-05-16 11:49:43,723 - ERROR - connection handler failed
Traceback (most recent call last):
  File "/Users/segevbin/Desktop/SensAI/Aiayer/.venv/lib/python3.11/site-packages/websockets/asyncio/server.py", line 376, in conn_handler
    await self.handler(connection)
          ^^^^^^^^^^^^^^^^^^^^^^^^
TypeError: handler() missing 1 required positional argument: 'path'
2025-05-16 11:49:44,734 - INFO - connection open
2025-05-16 11:49:44,734 - ERROR - connection handler failed
Traceback (most recent call last):
  File "/Users/segevbin/Desktop/SensAI/Aiayer/.venv/lib/python3.11/site-packages/websockets/asyncio/server.py", line 376, in conn_handler
    await self.handler(connection)
          ^^^^^^^^^^^^^^^^^^^^^^^^
TypeError: handler() missing 1 required positional argument: 'path'
2025-05-16 11:49:48,728 - INFO - connection open
2025-05-16 11:49:48,729 - ERROR - connection handler failed
Traceback (most recent call last):
  File "/Users/segevbin/Desktop/SensAI/Aiayer/.venv/lib/python3.11/site-packages/websockets/asyncio/server.py", line 376, in conn_handler
    await self.handler(connection)
          ^^^^^^^^^^^^^^^^^^^^^^^^
TypeError: handler() missing 1 required positional argument: 'path'
2025-05-16 11:49:49,744 - INFO - connection open
2025-05-16 11:49:49,744 - ERROR - connection handler failed
Traceback (most recent call last):
  File "/Users/segevbin/Desktop/SensAI/Aiayer/.venv/lib/python3.11/site-packages/websockets/asyncio/server.py", line 376, in conn_handler
    await self.handler(connection)
          ^^^^^^^^^^^^^^^^^^^^^^^^
TypeError: handler() missing 1 required positional argument: 'path'
2025-05-16 11:49:53,734 - INFO - connection open
2025-05-16 11:49:53,735 - ERROR - connection handler failed
Traceback (most recent call last):
  File "/Users/segevbin/Desktop/SensAI/Aiayer/.venv/lib/python3.11/site-packages/websockets/asyncio/server.py", line 376, in conn_handler
    await self.handler(connection)
          ^^^^^^^^^^^^^^^^^^^^^^^^
TypeError: handler() missing 1 required positional argument: 'path'
2025-05-16 11:49:54,752 - INFO - connection open
2025-05-16 11:49:54,752 - ERROR - connection handler failed
Traceback (most recent call last):
  File "/Users/segevbin/Desktop/SensAI/Aiayer/.venv/lib/python3.11/site-packages/websockets/asyncio/server.py", line 376, in conn_handler
    await self.handler(connection)
          ^^^^^^^^^^^^^^^^^^^^^^^^
TypeError: handler() missing 1 required positional argument: 'path'
2025-05-16 11:49:58,743 - INFO - connection open
2025-05-16 11:49:58,744 - ERROR - connection handler failed
Traceback (most recent call last):
  File "/Users/segevbin/Desktop/SensAI/Aiayer/.venv/lib/python3.11/site-packages/websockets/asyncio/server.py", line 376, in conn_handler
    await self.handler(connection)
          ^^^^^^^^^^^^^^^^^^^^^^^^
TypeError: handler() missing 1 required positional argument: 'path'
2025-05-16 11:49:59,762 - INFO - connection open
2025-05-16 11:49:59,762 - ERROR - connection handler failed
Traceback (most recent call last):
  File "/Users/segevbin/Desktop/SensAI/Aiayer/.venv/lib/python3.11/site-packages/websockets/asyncio/server.py", line 376, in conn_handler
    await self.handler(connection)
          ^^^^^^^^^^^^^^^^^^^^^^^^
TypeError: handler() missing 1 required positional argument: 'path'
2025-05-16 11:50:03,751 - INFO - connection open
2025-05-16 11:50:03,752 - ERROR - connection handler failed
Traceback (most recent call last):
  File "/Users/segevbin/Desktop/SensAI/Aiayer/.venv/lib/python3.11/site-packages/websockets/asyncio/server.py", line 376, in conn_handler
    await self.handler(connection)
          ^^^^^^^^^^^^^^^^^^^^^^^^
TypeError: handler() missing 1 required positional argument: 'path'
2025-05-16 11:50:04,769 - INFO - connection open
2025-05-16 11:50:04,770 - ERROR - connection handler failed
Traceback (most recent call last):
  File "/Users/segevbin/Desktop/SensAI/Aiayer/.venv/lib/python3.11/site-packages/websockets/asyncio/server.py", line 376, in conn_handler
    await self.handler(connection)
          ^^^^^^^^^^^^^^^^^^^^^^^^
TypeError: handler() missing 1 required positional argument: 'path'
2025-05-16 11:50:08,760 - INFO - connection open
2025-05-16 11:50:08,762 - ERROR - connection handler failed
Traceback (most recent call last):
  File "/Users/segevbin/Desktop/SensAI/Aiayer/.venv/lib/python3.11/site-packages/websockets/asyncio/server.py", line 376, in conn_handler
    await self.handler(connection)
          ^^^^^^^^^^^^^^^^^^^^^^^^
TypeError: handler() missing 1 required positional argument: 'path'
2025-05-16 11:50:09,777 - INFO - connection open
2025-05-16 11:50:09,777 - ERROR - connection handler failed
Traceback (most recent call last):
  File "/Users/segevbin/Desktop/SensAI/Aiayer/.venv/lib/python3.11/site-packages/websockets/asyncio/server.py", line 376, in conn_handler
    await self.handler(connection)
          ^^^^^^^^^^^^^^^^^^^^^^^^
TypeError: handler() missing 1 required positional argument: 'path'
2025-05-16 11:50:13,768 - INFO - connection open
2025-05-16 11:50:13,768 - ERROR - connection handler failed
Traceback (most recent call last):
  File "/Users/segevbin/Desktop/SensAI/Aiayer/.venv/lib/python3.11/site-packages/websockets/asyncio/server.py", line 376, in conn_handler
    await self.handler(connection)
          ^^^^^^^^^^^^^^^^^^^^^^^^
TypeError: handler() missing 1 required positional argument: 'path'
2025-05-16 11:50:14,784 - INFO - connection open
2025-05-16 11:50:14,784 - ERROR - connection handler failed
Traceback (most recent call last):
  File "/Users/segevbin/Desktop/SensAI/Aiayer/.venv/lib/python3.11/site-packages/websockets/asyncio/server.py", line 376, in conn_handler
    await self.handler(connection)
          ^^^^^^^^^^^^^^^^^^^^^^^^
TypeError: handler() missing 1 required positional argument: 'path'
2025-05-16 11:50:18,775 - INFO - connection open
2025-05-16 11:50:18,776 - ERROR - connection handler failed
Traceback (most recent call last):
  File "/Users/segevbin/Desktop/SensAI/Aiayer/.venv/lib/python3.11/site-packages/websockets/asyncio/server.py", line 376, in conn_handler
    await self.handler(connection)
          ^^^^^^^^^^^^^^^^^^^^^^^^
TypeError: handler() missing 1 required positional argument: 'path'
2025-05-16 11:50:19,792 - INFO - connection open
2025-05-16 11:50:19,793 - ERROR - connection handler failed
Traceback (most recent call last):
  File "/Users/segevbin/Desktop/SensAI/Aiayer/.venv/lib/python3.11/site-packages/websockets/asyncio/server.py", line 376, in conn_handler
    await self.handler(connection)
          ^^^^^^^^^^^^^^^^^^^^^^^^
TypeError: handler() missing 1 required positional argument: 'path'
2025-05-16 11:50:23,781 - INFO - connection open
2025-05-16 11:50:23,781 - ERROR - connection handler failed
Traceback (most recent call last):
  File "/Users/segevbin/Desktop/SensAI/Aiayer/.venv/lib/python3.11/site-packages/websockets/asyncio/server.py", line 376, in conn_handler
    await self.handler(connection)
          ^^^^^^^^^^^^^^^^^^^^^^^^
TypeError: handler() missing 1 required positional argument: 'path'
2025-05-16 11:50:24,798 - INFO - connection open
2025-05-16 11:50:24,799 - ERROR - connection handler failed
Traceback (most recent call last):
  File "/Users/segevbin/Desktop/SensAI/Aiayer/.venv/lib/python3.11/site-packages/websockets/asyncio/server.py", line 376, in conn_handler
    await self.handler(connection)
          ^^^^^^^^^^^^^^^^^^^^^^^^
TypeError: handler() missing 1 required positional argument: 'path'
2025-05-16 11:50:28,787 - INFO - connection open
2025-05-16 11:50:28,787 - ERROR - connection handler failed
Traceback (most recent call last):
  File "/Users/segevbin/Desktop/SensAI/Aiayer/.venv/lib/python3.11/site-packages/websockets/asyncio/server.py", line 376, in conn_handler
    await self.handler(connection)
          ^^^^^^^^^^^^^^^^^^^^^^^^
TypeError: handler() missing 1 required positional argument: 'path'
2025-05-16 11:50:29,805 - INFO - connection open
2025-05-16 11:50:29,805 - ERROR - connection handler failed
Traceback (most recent call last):
  File "/Users/segevbin/Desktop/SensAI/Aiayer/.venv/lib/python3.11/site-packages/websockets/asyncio/server.py", line 376, in conn_handler
    await self.handler(connection)
          ^^^^^^^^^^^^^^^^^^^^^^^^
TypeError: handler() missing 1 required positional argument: 'path'
2025-05-16 11:50:33,792 - INFO - connection open
2025-05-16 11:50:33,792 - ERROR - connection handler failed
Traceback (most recent call last):
  File "/Users/segevbin/Desktop/SensAI/Aiayer/.venv/lib/python3.11/site-packages/websockets/asyncio/server.py", line 376, in conn_handler
    await self.handler(connection)
          ^^^^^^^^^^^^^^^^^^^^^^^^
TypeError: handler() missing 1 required positional argument: 'path'
2025-05-16 11:50:34,809 - INFO - connection open
2025-05-16 11:50:34,809 - ERROR - connection handler failed
Traceback (most recent call last):
  File "/Users/segevbin/Desktop/SensAI/Aiayer/.venv/lib/python3.11/site-packages/websockets/asyncio/server.py", line 376, in conn_handler
    await self.handler(connection)
          ^^^^^^^^^^^^^^^^^^^^^^^^
TypeError: handler() missing 1 required positional argument: 'path'
2025-05-16 11:50:38,796 - INFO - connection open
2025-05-16 11:50:38,796 - ERROR - connection handler failed
Traceback (most recent call last):
  File "/Users/segevbin/Desktop/SensAI/Aiayer/.venv/lib/python3.11/site-packages/websockets/asyncio/server.py", line 376, in conn_handler
    await self.handler(connection)
          ^^^^^^^^^^^^^^^^^^^^^^^^
TypeError: handler() missing 1 required positional argument: 'path'
2025-05-16 11:50:39,813 - INFO - connection open
2025-05-16 11:50:39,813 - ERROR - connection handler failed
Traceback (most recent call last):
  File "/Users/segevbin/Desktop/SensAI/Aiayer/.venv/lib/python3.11/site-packages/websockets/asyncio/server.py", line 376, in conn_handler
    await self.handler(connection)
          ^^^^^^^^^^^^^^^^^^^^^^^^
TypeError: handler() missing 1 required positional argument: 'path'
2025-05-16 11:50:43,802 - INFO - connection open
2025-05-16 11:50:43,802 - ERROR - connection handler failed
Traceback (most recent call last):
  File "/Users/segevbin/Desktop/SensAI/Aiayer/.venv/lib/python3.11/site-packages/websockets/asyncio/server.py", line 376, in conn_handler
    await self.handler(connection)
          ^^^^^^^^^^^^^^^^^^^^^^^^
TypeError: handler() missing 1 required positional argument: 'path'
2025-05-16 11:50:44,819 - INFO - connection open
2025-05-16 11:50:44,819 - ERROR - connection handler failed
Traceback (most recent call last):
  File "/Users/segevbin/Desktop/SensAI/Aiayer/.venv/lib/python3.11/site-packages/websockets/asyncio/server.py", line 376, in conn_handler
    await self.handler(connection)
          ^^^^^^^^^^^^^^^^^^^^^^^^
TypeError: handler() missing 1 required positional argument: 'path'
2025-05-16 11:50:48,807 - INFO - connection open
2025-05-16 11:50:48,808 - ERROR - connection handler failed
Traceback (most recent call last):
  File "/Users/segevbin/Desktop/SensAI/Aiayer/.venv/lib/python3.11/site-packages/websockets/asyncio/server.py", line 376, in conn_handler
    await self.handler(connection)
          ^^^^^^^^^^^^^^^^^^^^^^^^
TypeError: handler() missing 1 required positional argument: 'path'
2025-05-16 11:50:49,825 - INFO - connection open
2025-05-16 11:50:49,825 - ERROR - connection handler failed
Traceback (most recent call last):
  File "/Users/segevbin/Desktop/SensAI/Aiayer/.venv/lib/python3.11/site-packages/websockets/asyncio/server.py", line 376, in conn_handler
    await self.handler(connection)
          ^^^^^^^^^^^^^^^^^^^^^^^^
TypeError: handler() missing 1 required positional argument: 'path'
2025-05-16 11:50:53,814 - INFO - connection open
2025-05-16 11:50:53,814 - ERROR - connection handler failed
Traceback (most recent call last):
  File "/Users/segevbin/Desktop/SensAI/Aiayer/.venv/lib/python3.11/site-packages/websockets/asyncio/server.py", line 376, in conn_handler
    await self.handler(connection)
          ^^^^^^^^^^^^^^^^^^^^^^^^
TypeError: handler() missing 1 required positional argument: 'path'
2025-05-16 11:50:54,831 - INFO - connection open
2025-05-16 11:50:54,831 - ERROR - connection handler failed
Traceback (most recent call last):
  File "/Users/segevbin/Desktop/SensAI/Aiayer/.venv/lib/python3.11/site-packages/websockets/asyncio/server.py", line 376, in conn_handler
    await self.handler(connection)
          ^^^^^^^^^^^^^^^^^^^^^^^^
TypeError: handler() missing 1 required positional argument: 'path'
2025-05-16 11:50:58,820 - INFO - connection open
2025-05-16 11:50:58,820 - ERROR - connection handler failed
Traceback (most recent call last):
  File "/Users/segevbin/Desktop/SensAI/Aiayer/.venv/lib/python3.11/site-packages/websockets/asyncio/server.py", line 376, in conn_handler
    await self.handler(connection)
          ^^^^^^^^^^^^^^^^^^^^^^^^
TypeError: handler() missing 1 required positional argument: 'path'
2025-05-16 11:50:59,842 - INFO - connection open
2025-05-16 11:50:59,842 - ERROR - connection handler failed
Traceback (most recent call last):
  File "/Users/segevbin/Desktop/SensAI/Aiayer/.venv/lib/python3.11/site-packages/websockets/asyncio/server.py", line 376, in conn_handler
    await self.handler(connection)
          ^^^^^^^^^^^^^^^^^^^^^^^^
TypeError: handler() missing 1 required positional argument: 'path'
2025-05-16 11:51:03,825 - INFO - connection open
2025-05-16 11:51:03,826 - ERROR - connection handler failed
Traceback (most recent call last):
  File "/Users/segevbin/Desktop/SensAI/Aiayer/.venv/lib/python3.11/site-packages/websockets/asyncio/server.py", line 376, in conn_handler
    await self.handler(connection)
          ^^^^^^^^^^^^^^^^^^^^^^^^
TypeError: handler() missing 1 required positional argument: 'path'
2025-05-16 11:51:04,849 - INFO - connection open
2025-05-16 11:51:04,849 - ERROR - connection handler failed
Traceback (most recent call last):
  File "/Users/segevbin/Desktop/SensAI/Aiayer/.venv/lib/python3.11/site-packages/websockets/asyncio/server.py", line 376, in conn_handler
    await self.handler(connection)
          ^^^^^^^^^^^^^^^^^^^^^^^^
TypeError: handler() missing 1 required positional argument: 'path'
2025-05-16 11:51:08,832 - INFO - connection open
2025-05-16 11:51:08,832 - ERROR - connection handler failed
Traceback (most recent call last):
  File "/Users/segevbin/Desktop/SensAI/Aiayer/.venv/lib/python3.11/site-packages/websockets/asyncio/server.py", line 376, in conn_handler
    await self.handler(connection)
          ^^^^^^^^^^^^^^^^^^^^^^^^
TypeError: handler() missing 1 required positional argument: 'path'
2025-05-16 11:51:09,855 - INFO - connection open
2025-05-16 11:51:09,856 - ERROR - connection handler failed
Traceback (most recent call last):
  File "/Users/segevbin/Desktop/SensAI/Aiayer/.venv/lib/python3.11/site-packages/websockets/asyncio/server.py", line 376, in conn_handler
    await self.handler(connection)
          ^^^^^^^^^^^^^^^^^^^^^^^^
TypeError: handler() missing 1 required positional argument: 'path'
2025-05-16 11:51:13,838 - INFO - connection open
2025-05-16 11:51:13,839 - ERROR - connection handler failed
Traceback (most recent call last):
  File "/Users/segevbin/Desktop/SensAI/Aiayer/.venv/lib/python3.11/site-packages/websockets/asyncio/server.py", line 376, in conn_handler
    await self.handler(connection)
          ^^^^^^^^^^^^^^^^^^^^^^^^
TypeError: handler() missing 1 required positional argument: 'path'
2025-05-16 11:51:14,862 - INFO - connection open
2025-05-16 11:51:14,862 - ERROR - connection handler failed
Traceback (most recent call last):
  File "/Users/segevbin/Desktop/SensAI/Aiayer/.venv/lib/python3.11/site-packages/websockets/asyncio/server.py", line 376, in conn_handler
    await self.handler(connection)
          ^^^^^^^^^^^^^^^^^^^^^^^^
TypeError: handler() missing 1 required positional argument: 'path'
2025-05-16 11:51:18,845 - INFO - connection open
2025-05-16 11:51:18,846 - ERROR - connection handler failed
Traceback (most recent call last):
  File "/Users/segevbin/Desktop/SensAI/Aiayer/.venv/lib/python3.11/site-packages/websockets/asyncio/server.py", line 376, in conn_handler
    await self.handler(connection)
          ^^^^^^^^^^^^^^^^^^^^^^^^
TypeError: handler() missing 1 required positional argument: 'path'
2025-05-16 11:51:19,868 - INFO - connection open
2025-05-16 11:51:19,869 - ERROR - connection handler failed
Traceback (most recent call last):
  File "/Users/segevbin/Desktop/SensAI/Aiayer/.venv/lib/python3.11/site-packages/websockets/asyncio/server.py", line 376, in conn_handler
    await self.handler(connection)
          ^^^^^^^^^^^^^^^^^^^^^^^^
TypeError: handler() missing 1 required positional argument: 'path'
2025-05-16 11:51:23,852 - INFO - connection open
2025-05-16 11:51:23,852 - ERROR - connection handler failed
Traceback (most recent call last):
  File "/Users/segevbin/Desktop/SensAI/Aiayer/.venv/lib/python3.11/site-packages/websockets/asyncio/server.py", line 376, in conn_handler
    await self.handler(connection)
          ^^^^^^^^^^^^^^^^^^^^^^^^
TypeError: handler() missing 1 required positional argument: 'path'
2025-05-16 11:51:24,875 - INFO - connection open
2025-05-16 11:51:24,876 - ERROR - connection handler failed
Traceback (most recent call last):
  File "/Users/segevbin/Desktop/SensAI/Aiayer/.venv/lib/python3.11/site-packages/websockets/asyncio/server.py", line 376, in conn_handler
    await self.handler(connection)
          ^^^^^^^^^^^^^^^^^^^^^^^^
TypeError: handler() missing 1 required positional argument: 'path'
2025-05-16 11:51:28,861 - INFO - connection open
2025-05-16 11:51:28,862 - ERROR - connection handler failed
Traceback (most recent call last):
  File "/Users/segevbin/Desktop/SensAI/Aiayer/.venv/lib/python3.11/site-packages/websockets/asyncio/server.py", line 376, in conn_handler
    await self.handler(connection)
          ^^^^^^^^^^^^^^^^^^^^^^^^
TypeError: handler() missing 1 required positional argument: 'path'
2025-05-16 11:51:29,886 - INFO - connection open
2025-05-16 11:51:29,886 - ERROR - connection handler failed
Traceback (most recent call last):
  File "/Users/segevbin/Desktop/SensAI/Aiayer/.venv/lib/python3.11/site-packages/websockets/asyncio/server.py", line 376, in conn_handler
    await self.handler(connection)
          ^^^^^^^^^^^^^^^^^^^^^^^^
TypeError: handler() missing 1 required positional argument: 'path'
2025-05-16 11:51:33,868 - INFO - connection open
2025-05-16 11:51:33,868 - ERROR - connection handler failed
Traceback (most recent call last):
  File "/Users/segevbin/Desktop/SensAI/Aiayer/.venv/lib/python3.11/site-packages/websockets/asyncio/server.py", line 376, in conn_handler
    await self.handler(connection)
          ^^^^^^^^^^^^^^^^^^^^^^^^
TypeError: handler() missing 1 required positional argument: 'path'
2025-05-16 11:51:34,893 - INFO - connection open
2025-05-16 11:51:34,893 - ERROR - connection handler failed
Traceback (most recent call last):
  File "/Users/segevbin/Desktop/SensAI/Aiayer/.venv/lib/python3.11/site-packages/websockets/asyncio/server.py", line 376, in conn_handler
    await self.handler(connection)
          ^^^^^^^^^^^^^^^^^^^^^^^^
TypeError: handler() missing 1 required positional argument: 'path'
2025-05-16 11:51:38,874 - INFO - connection open
2025-05-16 11:51:38,875 - ERROR - connection handler failed
Traceback (most recent call last):
  File "/Users/segevbin/Desktop/SensAI/Aiayer/.venv/lib/python3.11/site-packages/websockets/asyncio/server.py", line 376, in conn_handler
    await self.handler(connection)
          ^^^^^^^^^^^^^^^^^^^^^^^^
TypeError: handler() missing 1 required positional argument: 'path'
2025-05-16 11:51:39,900 - INFO - connection open
2025-05-16 11:51:39,902 - ERROR - connection handler failed
Traceback (most recent call last):
  File "/Users/segevbin/Desktop/SensAI/Aiayer/.venv/lib/python3.11/site-packages/websockets/asyncio/server.py", line 376, in conn_handler
    await self.handler(connection)
          ^^^^^^^^^^^^^^^^^^^^^^^^
TypeError: handler() missing 1 required positional argument: 'path'
2025-05-16 11:51:43,881 - INFO - connection open
2025-05-16 11:51:43,882 - ERROR - connection handler failed
Traceback (most recent call last):
  File "/Users/segevbin/Desktop/SensAI/Aiayer/.venv/lib/python3.11/site-packages/websockets/asyncio/server.py", line 376, in conn_handler
    await self.handler(connection)
          ^^^^^^^^^^^^^^^^^^^^^^^^
TypeError: handler() missing 1 required positional argument: 'path'
2025-05-16 11:51:44,911 - INFO - connection open
2025-05-16 11:51:44,912 - ERROR - connection handler failed
Traceback (most recent call last):
  File "/Users/segevbin/Desktop/SensAI/Aiayer/.venv/lib/python3.11/site-packages/websockets/asyncio/server.py", line 376, in conn_handler
    await self.handler(connection)
          ^^^^^^^^^^^^^^^^^^^^^^^^
TypeError: handler() missing 1 required positional argument: 'path'
2025-05-16 11:51:48,888 - INFO - connection open
2025-05-16 11:51:48,888 - ERROR - connection handler failed
Traceback (most recent call last):
  File "/Users/segevbin/Desktop/SensAI/Aiayer/.venv/lib/python3.11/site-packages/websockets/asyncio/server.py", line 376, in conn_handler
    await self.handler(connection)
          ^^^^^^^^^^^^^^^^^^^^^^^^
TypeError: handler() missing 1 required positional argument: 'path'
2025-05-16 11:51:49,918 - INFO - connection open
2025-05-16 11:51:49,919 - ERROR - connection handler failed
Traceback (most recent call last):
  File "/Users/segevbin/Desktop/SensAI/Aiayer/.venv/lib/python3.11/site-packages/websockets/asyncio/server.py", line 376, in conn_handler
    await self.handler(connection)
          ^^^^^^^^^^^^^^^^^^^^^^^^
TypeError: handler() missing 1 required positional argument: 'path'
2025-05-16 11:51:53,896 - INFO - connection open
2025-05-16 11:51:53,896 - ERROR - connection handler failed
Traceback (most recent call last):
  File "/Users/segevbin/Desktop/SensAI/Aiayer/.venv/lib/python3.11/site-packages/websockets/asyncio/server.py", line 376, in conn_handler
    await self.handler(connection)
          ^^^^^^^^^^^^^^^^^^^^^^^^
TypeError: handler() missing 1 required positional argument: 'path'
2025-05-16 11:51:54,925 - INFO - connection open
2025-05-16 11:51:54,925 - ERROR - connection handler failed
Traceback (most recent call last):
  File "/Users/segevbin/Desktop/SensAI/Aiayer/.venv/lib/python3.11/site-packages/websockets/asyncio/server.py", line 376, in conn_handler
    await self.handler(connection)
          ^^^^^^^^^^^^^^^^^^^^^^^^
TypeError: handler() missing 1 required positional argument: 'path'
2025-05-16 11:51:58,902 - INFO - connection open
2025-05-16 11:51:58,903 - ERROR - connection handler failed
Traceback (most recent call last):
  File "/Users/segevbin/Desktop/SensAI/Aiayer/.venv/lib/python3.11/site-packages/websockets/asyncio/server.py", line 376, in conn_handler
    await self.handler(connection)
          ^^^^^^^^^^^^^^^^^^^^^^^^
TypeError: handler() missing 1 required positional argument: 'path'
2025-05-16 11:51:59,931 - INFO - connection open
2025-05-16 11:51:59,932 - ERROR - connection handler failed
Traceback (most recent call last):
  File "/Users/segevbin/Desktop/SensAI/Aiayer/.venv/lib/python3.11/site-packages/websockets/asyncio/server.py", line 376, in conn_handler
    await self.handler(connection)
          ^^^^^^^^^^^^^^^^^^^^^^^^
TypeError: handler() missing 1 required positional argument: 'path'
2025-05-16 11:52:03,908 - INFO - connection open
2025-05-16 11:52:03,909 - ERROR - connection handler failed
Traceback (most recent call last):
  File "/Users/segevbin/Desktop/SensAI/Aiayer/.venv/lib/python3.11/site-packages/websockets/asyncio/server.py", line 376, in conn_handler
    await self.handler(connection)
          ^^^^^^^^^^^^^^^^^^^^^^^^
TypeError: handler() missing 1 required positional argument: 'path'
2025-05-16 11:52:04,938 - INFO - connection open
2025-05-16 11:52:04,939 - ERROR - connection handler failed
Traceback (most recent call last):
  File "/Users/segevbin/Desktop/SensAI/Aiayer/.venv/lib/python3.11/site-packages/websockets/asyncio/server.py", line 376, in conn_handler
    await self.handler(connection)
          ^^^^^^^^^^^^^^^^^^^^^^^^
TypeError: handler() missing 1 required positional argument: 'path'
2025-05-16 11:52:08,915 - INFO - connection open
2025-05-16 11:52:08,915 - ERROR - connection handler failed
Traceback (most recent call last):
  File "/Users/segevbin/Desktop/SensAI/Aiayer/.venv/lib/python3.11/site-packages/websockets/asyncio/server.py", line 376, in conn_handler
    await self.handler(connection)
          ^^^^^^^^^^^^^^^^^^^^^^^^
TypeError: handler() missing 1 required positional argument: 'path'
2025-05-16 11:52:09,945 - INFO - connection open
2025-05-16 11:52:09,945 - ERROR - connection handler failed
Traceback (most recent call last):
  File "/Users/segevbin/Desktop/SensAI/Aiayer/.venv/lib/python3.11/site-packages/websockets/asyncio/server.py", line 376, in conn_handler
    await self.handler(connection)
          ^^^^^^^^^^^^^^^^^^^^^^^^
TypeError: handler() missing 1 required positional argument: 'path'
2025-05-16 11:52:13,922 - INFO - connection open
2025-05-16 11:52:13,922 - ERROR - connection handler failed
Traceback (most recent call last):
  File "/Users/segevbin/Desktop/SensAI/Aiayer/.venv/lib/python3.11/site-packages/websockets/asyncio/server.py", line 376, in conn_handler
    await self.handler(connection)
          ^^^^^^^^^^^^^^^^^^^^^^^^
TypeError: handler() missing 1 required positional argument: 'path'
2025-05-16 11:52:14,950 - INFO - connection open
2025-05-16 11:52:14,950 - ERROR - connection handler failed
Traceback (most recent call last):
  File "/Users/segevbin/Desktop/SensAI/Aiayer/.venv/lib/python3.11/site-packages/websockets/asyncio/server.py", line 376, in conn_handler
    await self.handler(connection)
          ^^^^^^^^^^^^^^^^^^^^^^^^
TypeError: handler() missing 1 required positional argument: 'path'
2025-05-16 11:52:18,927 - INFO - connection open
2025-05-16 11:52:18,927 - ERROR - connection handler failed
Traceback (most recent call last):
  File "/Users/segevbin/Desktop/SensAI/Aiayer/.venv/lib/python3.11/site-packages/websockets/asyncio/server.py", line 376, in conn_handler
    await self.handler(connection)
          ^^^^^^^^^^^^^^^^^^^^^^^^
TypeError: handler() missing 1 required positional argument: 'path'
2025-05-16 11:52:19,954 - INFO - connection open
2025-05-16 11:52:19,954 - ERROR - connection handler failed
Traceback (most recent call last):
  File "/Users/segevbin/Desktop/SensAI/Aiayer/.venv/lib/python3.11/site-packages/websockets/asyncio/server.py", line 376, in conn_handler
    await self.handler(connection)
          ^^^^^^^^^^^^^^^^^^^^^^^^
TypeError: handler() missing 1 required positional argument: 'path'
2025-05-16 11:52:23,930 - INFO - connection open
2025-05-16 11:52:23,930 - ERROR - connection handler failed
Traceback (most recent call last):
  File "/Users/segevbin/Desktop/SensAI/Aiayer/.venv/lib/python3.11/site-packages/websockets/asyncio/server.py", line 376, in conn_handler
    await self.handler(connection)
          ^^^^^^^^^^^^^^^^^^^^^^^^
TypeError: handler() missing 1 required positional argument: 'path'
2025-05-16 11:52:24,957 - INFO - connection open
2025-05-16 11:52:24,958 - ERROR - connection handler failed
Traceback (most recent call last):
  File "/Users/segevbin/Desktop/SensAI/Aiayer/.venv/lib/python3.11/site-packages/websockets/asyncio/server.py", line 376, in conn_handler
    await self.handler(connection)
          ^^^^^^^^^^^^^^^^^^^^^^^^
TypeError: handler() missing 1 required positional argument: 'path'
2025-05-16 11:52:28,934 - INFO - connection open
2025-05-16 11:52:28,934 - ERROR - connection handler failed
Traceback (most recent call last):
  File "/Users/segevbin/Desktop/SensAI/Aiayer/.venv/lib/python3.11/site-packages/websockets/asyncio/server.py", line 376, in conn_handler
    await self.handler(connection)
          ^^^^^^^^^^^^^^^^^^^^^^^^
TypeError: handler() missing 1 required positional argument: 'path'
2025-05-16 11:52:29,961 - INFO - connection open
2025-05-16 11:52:29,961 - ERROR - connection handler failed
Traceback (most recent call last):
  File "/Users/segevbin/Desktop/SensAI/Aiayer/.venv/lib/python3.11/site-packages/websockets/asyncio/server.py", line 376, in conn_handler
    await self.handler(connection)
          ^^^^^^^^^^^^^^^^^^^^^^^^
TypeError: handler() missing 1 required positional argument: 'path'
2025-05-16 11:52:33,938 - INFO - connection open
2025-05-16 11:52:33,938 - ERROR - connection handler failed
Traceback (most recent call last):
  File "/Users/segevbin/Desktop/SensAI/Aiayer/.venv/lib/python3.11/site-packages/websockets/asyncio/server.py", line 376, in conn_handler
    await self.handler(connection)
          ^^^^^^^^^^^^^^^^^^^^^^^^
TypeError: handler() missing 1 required positional argument: 'path'
2025-05-16 11:52:34,968 - INFO - connection open
2025-05-16 11:52:34,969 - ERROR - connection handler failed
Traceback (most recent call last):
  File "/Users/segevbin/Desktop/SensAI/Aiayer/.venv/lib/python3.11/site-packages/websockets/asyncio/server.py", line 376, in conn_handler
    await self.handler(connection)
          ^^^^^^^^^^^^^^^^^^^^^^^^
TypeError: handler() missing 1 required positional argument: 'path'
2025-05-16 11:52:38,943 - INFO - connection open
2025-05-16 11:52:38,944 - ERROR - connection handler failed
Traceback (most recent call last):
  File "/Users/segevbin/Desktop/SensAI/Aiayer/.venv/lib/python3.11/site-packages/websockets/asyncio/server.py", line 376, in conn_handler
    await self.handler(connection)
          ^^^^^^^^^^^^^^^^^^^^^^^^
TypeError: handler() missing 1 required positional argument: 'path'
2025-05-16 11:52:39,976 - INFO - connection open
2025-05-16 11:52:39,976 - ERROR - connection handler failed
Traceback (most recent call last):
  File "/Users/segevbin/Desktop/SensAI/Aiayer/.venv/lib/python3.11/site-packages/websockets/asyncio/server.py", line 376, in conn_handler
    await self.handler(connection)
          ^^^^^^^^^^^^^^^^^^^^^^^^
TypeError: handler() missing 1 required positional argument: 'path'
2025-05-16 11:52:43,949 - INFO - connection open
2025-05-16 11:52:43,949 - ERROR - connection handler failed
Traceback (most recent call last):
  File "/Users/segevbin/Desktop/SensAI/Aiayer/.venv/lib/python3.11/site-packages/websockets/asyncio/server.py", line 376, in conn_handler
    await self.handler(connection)
          ^^^^^^^^^^^^^^^^^^^^^^^^
TypeError: handler() missing 1 required positional argument: 'path'
2025-05-16 11:52:44,983 - INFO - connection open
2025-05-16 11:52:44,983 - ERROR - connection handler failed
Traceback (most recent call last):
  File "/Users/segevbin/Desktop/SensAI/Aiayer/.venv/lib/python3.11/site-packages/websockets/asyncio/server.py", line 376, in conn_handler
    await self.handler(connection)
          ^^^^^^^^^^^^^^^^^^^^^^^^
TypeError: handler() missing 1 required positional argument: 'path'
2025-05-16 11:52:48,955 - INFO - connection open
2025-05-16 11:52:48,955 - ERROR - connection handler failed
Traceback (most recent call last):
  File "/Users/segevbin/Desktop/SensAI/Aiayer/.venv/lib/python3.11/site-packages/websockets/asyncio/server.py", line 376, in conn_handler
    await self.handler(connection)
          ^^^^^^^^^^^^^^^^^^^^^^^^
TypeError: handler() missing 1 required positional argument: 'path'
2025-05-16 11:52:49,989 - INFO - connection open
2025-05-16 11:52:49,990 - ERROR - connection handler failed
Traceback (most recent call last):
  File "/Users/segevbin/Desktop/SensAI/Aiayer/.venv/lib/python3.11/site-packages/websockets/asyncio/server.py", line 376, in conn_handler
    await self.handler(connection)
          ^^^^^^^^^^^^^^^^^^^^^^^^
TypeError: handler() missing 1 required positional argument: 'path'
2025-05-16 11:52:53,961 - INFO - connection open
2025-05-16 11:52:53,962 - ERROR - connection handler failed
Traceback (most recent call last):
  File "/Users/segevbin/Desktop/SensAI/Aiayer/.venv/lib/python3.11/site-packages/websockets/asyncio/server.py", line 376, in conn_handler
    await self.handler(connection)
          ^^^^^^^^^^^^^^^^^^^^^^^^
TypeError: handler() missing 1 required positional argument: 'path'
2025-05-16 11:52:54,996 - INFO - connection open
2025-05-16 11:52:54,996 - ERROR - connection handler failed
Traceback (most recent call last):
  File "/Users/segevbin/Desktop/SensAI/Aiayer/.venv/lib/python3.11/site-packages/websockets/asyncio/server.py", line 376, in conn_handler
    await self.handler(connection)
          ^^^^^^^^^^^^^^^^^^^^^^^^
TypeError: handler() missing 1 required positional argument: 'path'
2025-05-16 11:52:58,968 - INFO - connection open
2025-05-16 11:52:58,968 - ERROR - connection handler failed
Traceback (most recent call last):
  File "/Users/segevbin/Desktop/SensAI/Aiayer/.venv/lib/python3.11/site-packages/websockets/asyncio/server.py", line 376, in conn_handler
    await self.handler(connection)
          ^^^^^^^^^^^^^^^^^^^^^^^^
TypeError: handler() missing 1 required positional argument: 'path'
