Stopping Neural Memory Dashboard...
Memory Dashboard Server (PID: 27565) is not running.
Done.
Fri Jun  6 20:16:02 EDT 2025: Starting Neural Memory Dashboard
Checking dependencies...
Port 8082 is already in use. Stopping existing process...
Starting Memory Dashboard Server on port 8082...
Memory Dashboard Server started with PID: 20928
Memory Dashboard Server started successfully.
Sat Jun  7 23:47:04 EDT 2025: Starting Neural Memory Dashboard
Checking dependencies...
Port 8082 is already in use. Stopping existing process...
Starting Memory Dashboard Server on port 8082...
Memory Dashboard Server started with PID: 81296
Failed to start Memory Dashboard Server.
Sat Jun  7 23:48:09 EDT 2025: Starting Neural Memory Dashboard
Checking dependencies...
Starting Memory Dashboard Server on port 8082...
Memory Dashboard Server started with PID: 81441
Failed to start Memory Dashboard Server.
Sat Jun  7 23:49:17 EDT 2025: Starting Neural Memory Dashboard
Checking dependencies...
Sat Jun  7 23:49:17 EDT 2025: Starting Neural Memory Dashboard
Checking dependencies...
Starting Memory Dashboard Server on port 8082...
Starting Memory Dashboard Server on port 8082...
Memory Dashboard Server started with PID: 82222
Memory Dashboard Server started with PID: 82223
Failed to start Memory Dashboard Server.
Memory Dashboard Server started successfully.
Sun Jun  8 00:03:52 EDT 2025: Starting Neural Memory Dashboard
Checking dependencies...
Port 8082 is already in use. Stopping existing process...
Starting Memory Dashboard Server on port 8082...
Memory Dashboard Server started with PID: 85905
Failed to start Memory Dashboard Server.
Sun Jun  8 00:04:21 EDT 2025: Starting Neural Memory Dashboard
Checking dependencies...
Starting Memory Dashboard Server on port 8082...
Memory Dashboard Server started with PID: 86022
Memory Dashboard Server started successfully.
