2025-06-05 01:55:42 - neural_ui_do_button - INFO - neural_ui_do_button_handler.py:29 - ✅ Loaded logging configuration from config/neural_ui_do_button_logging.conf
2025-06-05 01:55:42 - neural_ui_do_button - INFO - neural_ui_do_button_handler.py:58 - ✅ Plan persistence module loaded successfully
2025-06-05 01:55:44 - neural_ui_do_button - INFO - neural_ui_do_button_handler.py:94 - ✅ Using backend's shared_pending_plans dictionary
2025-06-05 01:55:44 - neural_ui_do_button - INFO - neural_ui_do_button_handler.py:532 - Starting Neural UI DO Button Handler
2025-06-05 01:55:44 - neural_ui_do_button - ERROR - neural_ui_do_button_handler.py:134 - ❌ Connection error: Multiple exceptions: [Errno 61] Connect call failed ('::1', 8767, 0, 0), [Errno 61] Connect call failed ('127.0.0.1', 8767)
2025-06-05 01:55:44 - neural_ui_do_button - INFO - neural_ui_do_button_handler.py:153 - Disconnected from all servers
2025-06-05 01:55:44 - neural_ui_do_button - ERROR - neural_ui_do_button_handler.py:537 - Failed to connect to servers, exiting
2025-06-05 02:04:47 - neural_ui_do_button - INFO - neural_ui_do_button_handler.py:29 - ✅ Loaded logging configuration from config/neural_ui_do_button_logging.conf
2025-06-05 02:04:47 - neural_ui_do_button - INFO - neural_ui_do_button_handler.py:58 - ✅ Plan persistence module loaded successfully
2025-06-05 02:04:48 - neural_ui_do_button - INFO - neural_ui_do_button_handler.py:94 - ✅ Using backend's shared_pending_plans dictionary
2025-06-05 02:04:48 - neural_ui_do_button - INFO - neural_ui_do_button_handler.py:532 - Starting Neural UI DO Button Handler
2025-06-05 02:04:48 - neural_ui_do_button - ERROR - neural_ui_do_button_handler.py:134 - ❌ Connection error: Multiple exceptions: [Errno 61] Connect call failed ('::1', 8767, 0, 0), [Errno 61] Connect call failed ('127.0.0.1', 8767)
2025-06-05 02:04:48 - neural_ui_do_button - INFO - neural_ui_do_button_handler.py:153 - Disconnected from all servers
2025-06-05 02:04:48 - neural_ui_do_button - ERROR - neural_ui_do_button_handler.py:537 - Failed to connect to servers, exiting
2025-06-05 02:08:28 - neural_ui_do_button - INFO - neural_ui_do_button_handler.py:29 - ✅ Loaded logging configuration from config/neural_ui_do_button_logging.conf
2025-06-05 02:08:28 - neural_ui_do_button - INFO - neural_ui_do_button_handler.py:58 - ✅ Plan persistence module loaded successfully
2025-06-05 02:08:28 - neural_ui_do_button - WARNING - neural_ui_do_button_handler.py:98 - ⚠️ Error accessing backend's shared_pending_plans: name 'logger' is not defined
2025-06-05 02:08:28 - neural_ui_do_button - INFO - neural_ui_do_button_handler.py:532 - Starting Neural UI DO Button Handler
2025-06-05 02:08:28 - neural_ui_do_button - ERROR - neural_ui_do_button_handler.py:134 - ❌ Connection error: Multiple exceptions: [Errno 61] Connect call failed ('::1', 8767, 0, 0), [Errno 61] Connect call failed ('127.0.0.1', 8767)
2025-06-05 02:08:28 - neural_ui_do_button - INFO - neural_ui_do_button_handler.py:153 - Disconnected from all servers
2025-06-05 02:08:28 - neural_ui_do_button - ERROR - neural_ui_do_button_handler.py:537 - Failed to connect to servers, exiting
2025-06-05 02:09:57 - neural_ui_do_button - INFO - neural_ui_do_button_handler.py:29 - ✅ Loaded logging configuration from config/neural_ui_do_button_logging.conf
2025-06-05 02:09:57 - neural_ui_do_button - INFO - neural_ui_do_button_handler.py:58 - ✅ Plan persistence module loaded successfully
2025-06-05 02:09:58 - neural_ui_do_button - INFO - neural_ui_do_button_handler.py:94 - ✅ Using backend's shared_pending_plans dictionary
2025-06-05 02:09:58 - neural_ui_do_button - INFO - neural_ui_do_button_handler.py:532 - Starting Neural UI DO Button Handler
2025-06-05 02:09:58 - neural_ui_do_button - ERROR - neural_ui_do_button_handler.py:134 - ❌ Connection error: Multiple exceptions: [Errno 61] Connect call failed ('::1', 8767, 0, 0), [Errno 61] Connect call failed ('127.0.0.1', 8767)
2025-06-05 02:09:58 - neural_ui_do_button - INFO - neural_ui_do_button_handler.py:153 - Disconnected from all servers
2025-06-05 02:09:58 - neural_ui_do_button - ERROR - neural_ui_do_button_handler.py:537 - Failed to connect to servers, exiting
2025-06-05 02:14:14 - neural_ui_do_button - INFO - neural_ui_do_button_handler.py:29 - ✅ Loaded logging configuration from config/neural_ui_do_button_logging.conf
2025-06-05 02:14:14 - neural_ui_do_button - INFO - neural_ui_do_button_handler.py:58 - ✅ Plan persistence module loaded successfully
2025-06-05 02:14:16 - neural_ui_do_button - INFO - neural_ui_do_button_handler.py:94 - ✅ Using backend's shared_pending_plans dictionary
2025-06-05 02:14:16 - neural_ui_do_button - INFO - neural_ui_do_button_handler.py:532 - Starting Neural UI DO Button Handler
2025-06-05 02:14:16 - neural_ui_do_button - ERROR - neural_ui_do_button_handler.py:134 - ❌ Connection error: Multiple exceptions: [Errno 61] Connect call failed ('::1', 8767, 0, 0), [Errno 61] Connect call failed ('127.0.0.1', 8767)
2025-06-05 02:14:16 - neural_ui_do_button - INFO - neural_ui_do_button_handler.py:153 - Disconnected from all servers
2025-06-05 02:14:16 - neural_ui_do_button - ERROR - neural_ui_do_button_handler.py:537 - Failed to connect to servers, exiting
2025-06-05 11:02:58 - neural_ui_do_button - INFO - neural_ui_do_button_handler.py:29 - ✅ Loaded logging configuration from config/neural_ui_do_button_logging.conf
2025-06-05 11:02:58 - neural_ui_do_button - INFO - neural_ui_do_button_handler.py:58 - ✅ Plan persistence module loaded successfully
2025-06-05 11:02:59 - neural_ui_do_button - INFO - neural_ui_do_button_handler.py:94 - ✅ Using backend's shared_pending_plans dictionary
2025-06-05 11:02:59 - neural_ui_do_button - INFO - neural_ui_do_button_handler.py:532 - Starting Neural UI DO Button Handler
2025-06-05 11:02:59 - neural_ui_do_button - ERROR - neural_ui_do_button_handler.py:134 - ❌ Connection error: Multiple exceptions: [Errno 61] Connect call failed ('::1', 8767, 0, 0), [Errno 61] Connect call failed ('127.0.0.1', 8767)
2025-06-05 11:02:59 - neural_ui_do_button - INFO - neural_ui_do_button_handler.py:153 - Disconnected from all servers
2025-06-05 11:02:59 - neural_ui_do_button - ERROR - neural_ui_do_button_handler.py:537 - Failed to connect to servers, exiting
2025-06-05 11:35:27 - neural_ui_do_button - INFO - neural_ui_do_button_handler.py:29 - ✅ Loaded logging configuration from config/neural_ui_do_button_logging.conf
2025-06-05 11:35:27 - neural_ui_do_button - INFO - neural_ui_do_button_handler.py:58 - ✅ Plan persistence module loaded successfully
2025-06-05 11:35:28 - neural_ui_do_button - INFO - neural_ui_do_button_handler.py:94 - ✅ Using backend's shared_pending_plans dictionary
2025-06-05 11:35:28 - neural_ui_do_button - INFO - neural_ui_do_button_handler.py:532 - Starting Neural UI DO Button Handler
2025-06-05 11:35:28 - neural_ui_do_button - INFO - neural_ui_do_button_handler.py:114 - Connected to backend server: {"type": "connection_established", "client_id": "c...
2025-06-05 11:35:28 - neural_ui_do_button - INFO - neural_ui_do_button_handler.py:119 - Connected to DO button server: {"type": "welcome", "message": "Connected to direc...
2025-06-05 11:35:28 - neural_ui_do_button - WARNING - neural_ui_do_button_handler.py:127 - Could not connect to Neural UI server: received 1011 (internal error); then sent 1011 (internal error)
2025-06-05 11:35:28 - neural_ui_do_button - INFO - neural_ui_do_button_handler.py:131 - ✅ Connected to all required servers
2025-06-05 11:35:28 - neural_ui_do_button - INFO - neural_ui_do_button_handler.py:341 - Started listening for messages from all servers
2025-06-05 11:35:28 - neural_ui_do_button - WARNING - neural_ui_do_button_handler.py:520 - Error sending ping: 'ClientConnection' object has no attribute 'closed'
2025-06-05 11:35:28 - neural_ui_do_button - INFO - neural_ui_do_button_handler.py:384 - Started listening to backend server
2025-06-05 11:35:28 - neural_ui_do_button - INFO - neural_ui_do_button_handler.py:422 - Started listening to DO button server
2025-06-05 11:35:28 - neural_ui_do_button - INFO - neural_ui_do_button_handler.py:364 - Task completed with result: Backend listener stopped
2025-06-05 11:35:28 - neural_ui_do_button - INFO - neural_ui_do_button_handler.py:153 - Disconnected from all servers
2025-06-05 11:35:28 - neural_ui_do_button - INFO - neural_ui_do_button_handler.py:364 - Task completed with result: DO button listener stopped
2025-06-05 11:35:28 - neural_ui_do_button - INFO - neural_ui_do_button_handler.py:153 - Disconnected from all servers
2025-06-05 11:55:01 - neural_ui_do_button - INFO - neural_ui_do_button_handler.py:29 - ✅ Loaded logging configuration from config/neural_ui_do_button_logging.conf
2025-06-05 11:55:01 - neural_ui_do_button - INFO - neural_ui_do_button_handler.py:58 - ✅ Plan persistence module loaded successfully
2025-06-05 11:55:02 - neural_ui_do_button - INFO - neural_ui_do_button_handler.py:94 - ✅ Using backend's shared_pending_plans dictionary
2025-06-05 11:55:02 - neural_ui_do_button - INFO - neural_ui_do_button_handler.py:532 - Starting Neural UI DO Button Handler
2025-06-05 11:55:02 - neural_ui_do_button - INFO - neural_ui_do_button_handler.py:114 - Connected to backend server: {"type": "connection_established", "client_id": "c...
2025-06-05 11:55:02 - neural_ui_do_button - INFO - neural_ui_do_button_handler.py:119 - Connected to DO button server: {"type": "welcome", "message": "Connected to direc...
2025-06-05 11:55:02 - neural_ui_do_button - WARNING - neural_ui_do_button_handler.py:127 - Could not connect to Neural UI server: received 1011 (internal error); then sent 1011 (internal error)
2025-06-05 11:55:02 - neural_ui_do_button - INFO - neural_ui_do_button_handler.py:131 - ✅ Connected to all required servers
2025-06-05 11:55:02 - neural_ui_do_button - INFO - neural_ui_do_button_handler.py:341 - Started listening for messages from all servers
2025-06-05 11:55:02 - neural_ui_do_button - WARNING - neural_ui_do_button_handler.py:520 - Error sending ping: 'ClientConnection' object has no attribute 'closed'
2025-06-05 11:55:02 - neural_ui_do_button - INFO - neural_ui_do_button_handler.py:384 - Started listening to backend server
2025-06-05 11:55:02 - neural_ui_do_button - INFO - neural_ui_do_button_handler.py:422 - Started listening to DO button server
2025-06-05 11:55:02 - neural_ui_do_button - INFO - neural_ui_do_button_handler.py:364 - Task completed with result: Backend listener stopped
2025-06-05 11:55:02 - neural_ui_do_button - INFO - neural_ui_do_button_handler.py:153 - Disconnected from all servers
2025-06-05 11:55:02 - neural_ui_do_button - INFO - neural_ui_do_button_handler.py:364 - Task completed with result: DO button listener stopped
2025-06-05 11:55:02 - neural_ui_do_button - INFO - neural_ui_do_button_handler.py:153 - Disconnected from all servers
2025-06-05 18:06:56 - neural_ui_do_button - INFO - neural_ui_do_button_handler.py:29 - ✅ Loaded logging configuration from config/neural_ui_do_button_logging.conf
2025-06-05 18:06:56 - neural_ui_do_button - INFO - neural_ui_do_button_handler.py:58 - ✅ Plan persistence module loaded successfully
2025-06-05 18:06:57 - neural_ui_do_button - INFO - neural_ui_do_button_handler.py:94 - ✅ Using backend's shared_pending_plans dictionary
2025-06-05 18:06:57 - neural_ui_do_button - INFO - neural_ui_do_button_handler.py:532 - Starting Neural UI DO Button Handler
2025-06-05 18:06:57 - neural_ui_do_button - INFO - neural_ui_do_button_handler.py:114 - Connected to backend server: {"type": "connection_established", "client_id": "c...
2025-06-05 18:06:57 - neural_ui_do_button - INFO - neural_ui_do_button_handler.py:119 - Connected to DO button server: {"type": "welcome", "message": "Connected to direc...
2025-06-05 18:06:57 - neural_ui_do_button - WARNING - neural_ui_do_button_handler.py:127 - Could not connect to Neural UI server: received 1011 (internal error); then sent 1011 (internal error)
2025-06-05 18:06:57 - neural_ui_do_button - INFO - neural_ui_do_button_handler.py:131 - ✅ Connected to all required servers
2025-06-05 18:06:57 - neural_ui_do_button - INFO - neural_ui_do_button_handler.py:341 - Started listening for messages from all servers
2025-06-05 18:06:57 - neural_ui_do_button - WARNING - neural_ui_do_button_handler.py:520 - Error sending ping: 'ClientConnection' object has no attribute 'closed'
2025-06-05 18:06:57 - neural_ui_do_button - INFO - neural_ui_do_button_handler.py:384 - Started listening to backend server
2025-06-05 18:06:57 - neural_ui_do_button - INFO - neural_ui_do_button_handler.py:422 - Started listening to DO button server
2025-06-05 18:06:57 - neural_ui_do_button - INFO - neural_ui_do_button_handler.py:364 - Task completed with result: Backend listener stopped
2025-06-05 18:06:57 - neural_ui_do_button - INFO - neural_ui_do_button_handler.py:153 - Disconnected from all servers
2025-06-05 18:06:57 - neural_ui_do_button - INFO - neural_ui_do_button_handler.py:364 - Task completed with result: DO button listener stopped
2025-06-05 18:06:57 - neural_ui_do_button - INFO - neural_ui_do_button_handler.py:153 - Disconnected from all servers
2025-06-05 18:53:06 - neural_ui_do_button - INFO - neural_ui_do_button_handler.py:29 - ✅ Loaded logging configuration from config/neural_ui_do_button_logging.conf
2025-06-05 18:53:06 - neural_ui_do_button - INFO - neural_ui_do_button_handler.py:58 - ✅ Plan persistence module loaded successfully
2025-06-05 18:53:08 - neural_ui_do_button - INFO - neural_ui_do_button_handler.py:94 - ✅ Using backend's shared_pending_plans dictionary
2025-06-05 18:53:08 - neural_ui_do_button - INFO - neural_ui_do_button_handler.py:532 - Starting Neural UI DO Button Handler
2025-06-05 18:53:08 - neural_ui_do_button - INFO - neural_ui_do_button_handler.py:114 - Connected to backend server: {"type": "connection_established", "client_id": "c...
2025-06-05 18:53:08 - neural_ui_do_button - INFO - neural_ui_do_button_handler.py:119 - Connected to DO button server: {"type": "welcome", "message": "Connected to direc...
2025-06-05 18:53:08 - neural_ui_do_button - WARNING - neural_ui_do_button_handler.py:127 - Could not connect to Neural UI server: received 1011 (internal error); then sent 1011 (internal error)
2025-06-05 18:53:08 - neural_ui_do_button - INFO - neural_ui_do_button_handler.py:131 - ✅ Connected to all required servers
2025-06-05 18:53:08 - neural_ui_do_button - INFO - neural_ui_do_button_handler.py:341 - Started listening for messages from all servers
2025-06-05 18:53:08 - neural_ui_do_button - WARNING - neural_ui_do_button_handler.py:520 - Error sending ping: 'ClientConnection' object has no attribute 'closed'
2025-06-05 18:53:08 - neural_ui_do_button - INFO - neural_ui_do_button_handler.py:384 - Started listening to backend server
2025-06-05 18:53:08 - neural_ui_do_button - INFO - neural_ui_do_button_handler.py:422 - Started listening to DO button server
2025-06-05 18:53:08 - neural_ui_do_button - INFO - neural_ui_do_button_handler.py:364 - Task completed with result: Backend listener stopped
2025-06-05 18:53:08 - neural_ui_do_button - INFO - neural_ui_do_button_handler.py:153 - Disconnected from all servers
2025-06-05 18:53:08 - neural_ui_do_button - INFO - neural_ui_do_button_handler.py:364 - Task completed with result: DO button listener stopped
2025-06-05 18:53:08 - neural_ui_do_button - INFO - neural_ui_do_button_handler.py:153 - Disconnected from all servers
2025-06-05 19:04:48 - neural_ui_do_button - INFO - neural_ui_do_button_handler.py:29 - ✅ Loaded logging configuration from config/neural_ui_do_button_logging.conf
2025-06-05 19:04:48 - neural_ui_do_button - INFO - neural_ui_do_button_handler.py:58 - ✅ Plan persistence module loaded successfully
2025-06-05 19:04:51 - neural_ui_do_button - INFO - neural_ui_do_button_handler.py:94 - ✅ Using backend's shared_pending_plans dictionary
2025-06-05 19:04:51 - neural_ui_do_button - INFO - neural_ui_do_button_handler.py:532 - Starting Neural UI DO Button Handler
2025-06-05 19:04:51 - neural_ui_do_button - INFO - neural_ui_do_button_handler.py:114 - Connected to backend server: {"type": "connection_established", "client_id": "c...
2025-06-05 19:04:52 - neural_ui_do_button - INFO - neural_ui_do_button_handler.py:119 - Connected to DO button server: {"type": "welcome", "message": "Connected to direc...
2025-06-05 19:04:52 - neural_ui_do_button - WARNING - neural_ui_do_button_handler.py:127 - Could not connect to Neural UI server: received 1011 (internal error); then sent 1011 (internal error)
2025-06-05 19:04:52 - neural_ui_do_button - INFO - neural_ui_do_button_handler.py:131 - ✅ Connected to all required servers
2025-06-05 19:04:52 - neural_ui_do_button - INFO - neural_ui_do_button_handler.py:341 - Started listening for messages from all servers
2025-06-05 19:04:52 - neural_ui_do_button - WARNING - neural_ui_do_button_handler.py:520 - Error sending ping: 'ClientConnection' object has no attribute 'closed'
2025-06-05 19:04:52 - neural_ui_do_button - INFO - neural_ui_do_button_handler.py:384 - Started listening to backend server
2025-06-05 19:04:52 - neural_ui_do_button - INFO - neural_ui_do_button_handler.py:422 - Started listening to DO button server
2025-06-05 19:04:52 - neural_ui_do_button - INFO - neural_ui_do_button_handler.py:364 - Task completed with result: Backend listener stopped
2025-06-05 19:04:52 - neural_ui_do_button - INFO - neural_ui_do_button_handler.py:153 - Disconnected from all servers
2025-06-05 19:04:52 - neural_ui_do_button - INFO - neural_ui_do_button_handler.py:364 - Task completed with result: DO button listener stopped
2025-06-05 19:04:52 - neural_ui_do_button - INFO - neural_ui_do_button_handler.py:153 - Disconnected from all servers
2025-06-06 10:21:24 - neural_ui_do_button - INFO - neural_ui_do_button_handler.py:29 - ✅ Loaded logging configuration from config/neural_ui_do_button_logging.conf
2025-06-06 10:21:24 - neural_ui_do_button - INFO - neural_ui_do_button_handler.py:58 - ✅ Plan persistence module loaded successfully
2025-06-06 10:21:25 - neural_ui_do_button - INFO - neural_ui_do_button_handler.py:94 - ✅ Using backend's shared_pending_plans dictionary
2025-06-06 10:21:25 - neural_ui_do_button - INFO - neural_ui_do_button_handler.py:532 - Starting Neural UI DO Button Handler
2025-06-06 10:21:25 - neural_ui_do_button - INFO - neural_ui_do_button_handler.py:114 - Connected to backend server: {"type": "connection_established", "client_id": "c...
2025-06-06 10:21:26 - neural_ui_do_button - INFO - neural_ui_do_button_handler.py:119 - Connected to DO button server: {"type": "welcome", "message": "Connected to direc...
2025-06-06 10:21:26 - neural_ui_do_button - WARNING - neural_ui_do_button_handler.py:127 - Could not connect to Neural UI server: received 1011 (internal error); then sent 1011 (internal error)
2025-06-06 10:21:26 - neural_ui_do_button - INFO - neural_ui_do_button_handler.py:131 - ✅ Connected to all required servers
2025-06-06 10:21:26 - neural_ui_do_button - INFO - neural_ui_do_button_handler.py:341 - Started listening for messages from all servers
2025-06-06 10:21:26 - neural_ui_do_button - WARNING - neural_ui_do_button_handler.py:520 - Error sending ping: 'ClientConnection' object has no attribute 'closed'
2025-06-06 10:21:26 - neural_ui_do_button - INFO - neural_ui_do_button_handler.py:384 - Started listening to backend server
2025-06-06 10:21:26 - neural_ui_do_button - INFO - neural_ui_do_button_handler.py:422 - Started listening to DO button server
2025-06-06 10:21:26 - neural_ui_do_button - INFO - neural_ui_do_button_handler.py:364 - Task completed with result: Backend listener stopped
2025-06-06 10:21:26 - neural_ui_do_button - INFO - neural_ui_do_button_handler.py:153 - Disconnected from all servers
2025-06-06 10:21:26 - neural_ui_do_button - INFO - neural_ui_do_button_handler.py:364 - Task completed with result: DO button listener stopped
2025-06-06 10:21:26 - neural_ui_do_button - INFO - neural_ui_do_button_handler.py:153 - Disconnected from all servers
2025-06-06 11:09:24 - neural_ui_do_button - INFO - neural_ui_do_button_handler.py:29 - ✅ Loaded logging configuration from config/neural_ui_do_button_logging.conf
2025-06-06 11:09:24 - neural_ui_do_button - INFO - neural_ui_do_button_handler.py:58 - ✅ Plan persistence module loaded successfully
2025-06-06 11:09:25 - neural_ui_do_button - INFO - neural_ui_do_button_handler.py:94 - ✅ Using backend's shared_pending_plans dictionary
2025-06-06 11:09:25 - neural_ui_do_button - INFO - neural_ui_do_button_handler.py:532 - Starting Neural UI DO Button Handler
2025-06-06 11:09:25 - neural_ui_do_button - INFO - neural_ui_do_button_handler.py:114 - Connected to backend server: {"type": "connection_established", "client_id": "c...
2025-06-06 11:09:25 - neural_ui_do_button - INFO - neural_ui_do_button_handler.py:119 - Connected to DO button server: {"type": "welcome", "message": "Connected to direc...
2025-06-06 11:09:25 - neural_ui_do_button - WARNING - neural_ui_do_button_handler.py:127 - Could not connect to Neural UI server: received 1011 (internal error); then sent 1011 (internal error)
2025-06-06 11:09:25 - neural_ui_do_button - INFO - neural_ui_do_button_handler.py:131 - ✅ Connected to all required servers
2025-06-06 11:09:25 - neural_ui_do_button - INFO - neural_ui_do_button_handler.py:341 - Started listening for messages from all servers
2025-06-06 11:09:25 - neural_ui_do_button - WARNING - neural_ui_do_button_handler.py:520 - Error sending ping: 'ClientConnection' object has no attribute 'closed'
2025-06-06 11:09:25 - neural_ui_do_button - INFO - neural_ui_do_button_handler.py:384 - Started listening to backend server
2025-06-06 11:09:25 - neural_ui_do_button - INFO - neural_ui_do_button_handler.py:422 - Started listening to DO button server
2025-06-06 11:09:25 - neural_ui_do_button - INFO - neural_ui_do_button_handler.py:364 - Task completed with result: Backend listener stopped
2025-06-06 11:09:25 - neural_ui_do_button - INFO - neural_ui_do_button_handler.py:153 - Disconnected from all servers
2025-06-06 11:09:25 - neural_ui_do_button - INFO - neural_ui_do_button_handler.py:364 - Task completed with result: DO button listener stopped
2025-06-06 11:09:25 - neural_ui_do_button - INFO - neural_ui_do_button_handler.py:153 - Disconnected from all servers
2025-06-06 11:52:05 - neural_ui_do_button - INFO - neural_ui_do_button_handler.py:29 - ✅ Loaded logging configuration from config/neural_ui_do_button_logging.conf
2025-06-06 11:52:05 - neural_ui_do_button - INFO - neural_ui_do_button_handler.py:58 - ✅ Plan persistence module loaded successfully
2025-06-06 11:52:06 - neural_ui_do_button - INFO - neural_ui_do_button_handler.py:94 - ✅ Using backend's shared_pending_plans dictionary
2025-06-06 11:52:06 - neural_ui_do_button - INFO - neural_ui_do_button_handler.py:532 - Starting Neural UI DO Button Handler
2025-06-06 11:52:06 - neural_ui_do_button - INFO - neural_ui_do_button_handler.py:114 - Connected to backend server: {"type": "connection_established", "client_id": "c...
2025-06-06 11:52:06 - neural_ui_do_button - INFO - neural_ui_do_button_handler.py:119 - Connected to DO button server: {"type": "welcome", "message": "Connected to direc...
2025-06-06 11:52:06 - neural_ui_do_button - WARNING - neural_ui_do_button_handler.py:127 - Could not connect to Neural UI server: received 1011 (internal error); then sent 1011 (internal error)
2025-06-06 11:52:06 - neural_ui_do_button - INFO - neural_ui_do_button_handler.py:131 - ✅ Connected to all required servers
2025-06-06 11:52:06 - neural_ui_do_button - INFO - neural_ui_do_button_handler.py:341 - Started listening for messages from all servers
2025-06-06 11:52:06 - neural_ui_do_button - WARNING - neural_ui_do_button_handler.py:520 - Error sending ping: 'ClientConnection' object has no attribute 'closed'
2025-06-06 11:52:06 - neural_ui_do_button - INFO - neural_ui_do_button_handler.py:384 - Started listening to backend server
2025-06-06 11:52:06 - neural_ui_do_button - INFO - neural_ui_do_button_handler.py:422 - Started listening to DO button server
2025-06-06 11:52:06 - neural_ui_do_button - INFO - neural_ui_do_button_handler.py:364 - Task completed with result: Backend listener stopped
2025-06-06 11:52:06 - neural_ui_do_button - INFO - neural_ui_do_button_handler.py:153 - Disconnected from all servers
2025-06-06 11:52:06 - neural_ui_do_button - INFO - neural_ui_do_button_handler.py:364 - Task completed with result: DO button listener stopped
2025-06-06 11:52:06 - neural_ui_do_button - INFO - neural_ui_do_button_handler.py:153 - Disconnected from all servers
2025-06-07 23:19:57 - neural_ui_do_button - INFO - neural_ui_do_button_handler.py:29 - ✅ Loaded logging configuration from config/neural_ui_do_button_logging.conf
2025-06-07 23:19:57 - neural_ui_do_button - INFO - neural_ui_do_button_handler.py:58 - ✅ Plan persistence module loaded successfully
2025-06-07 23:19:59 - neural_ui_do_button - INFO - neural_ui_do_button_handler.py:94 - ✅ Using backend's shared_pending_plans dictionary
2025-06-07 23:19:59 - neural_ui_do_button - INFO - neural_ui_do_button_handler.py:532 - Starting Neural UI DO Button Handler
2025-06-07 23:19:59 - neural_ui_do_button - ERROR - neural_ui_do_button_handler.py:134 - ❌ Connection error: Multiple exceptions: [Errno 61] Connect call failed ('::1', 8767, 0, 0), [Errno 61] Connect call failed ('127.0.0.1', 8767)
2025-06-07 23:19:59 - neural_ui_do_button - INFO - neural_ui_do_button_handler.py:153 - Disconnected from all servers
2025-06-07 23:19:59 - neural_ui_do_button - ERROR - neural_ui_do_button_handler.py:537 - Failed to connect to servers, exiting
2025-06-07 23:20:50 - neural_ui_do_button - INFO - neural_ui_do_button_handler.py:29 - ✅ Loaded logging configuration from config/neural_ui_do_button_logging.conf
2025-06-07 23:20:50 - neural_ui_do_button - INFO - neural_ui_do_button_handler.py:58 - ✅ Plan persistence module loaded successfully
2025-06-07 23:20:52 - neural_ui_do_button - INFO - neural_ui_do_button_handler.py:94 - ✅ Using backend's shared_pending_plans dictionary
2025-06-07 23:20:52 - neural_ui_do_button - INFO - neural_ui_do_button_handler.py:532 - Starting Neural UI DO Button Handler
2025-06-07 23:20:52 - neural_ui_do_button - INFO - neural_ui_do_button_handler.py:114 - Connected to backend server: {"type": "connection_established", "client_id": "c...
2025-06-07 23:20:52 - neural_ui_do_button - INFO - neural_ui_do_button_handler.py:119 - Connected to DO button server: {"type": "welcome", "message": "Connected to direc...
2025-06-07 23:20:52 - neural_ui_do_button - WARNING - neural_ui_do_button_handler.py:127 - Could not connect to Neural UI server: received 1011 (internal error); then sent 1011 (internal error)
2025-06-07 23:20:52 - neural_ui_do_button - INFO - neural_ui_do_button_handler.py:131 - ✅ Connected to all required servers
2025-06-07 23:20:52 - neural_ui_do_button - INFO - neural_ui_do_button_handler.py:341 - Started listening for messages from all servers
2025-06-07 23:20:52 - neural_ui_do_button - WARNING - neural_ui_do_button_handler.py:520 - Error sending ping: 'ClientConnection' object has no attribute 'closed'
2025-06-07 23:20:52 - neural_ui_do_button - INFO - neural_ui_do_button_handler.py:384 - Started listening to backend server
2025-06-07 23:20:52 - neural_ui_do_button - INFO - neural_ui_do_button_handler.py:422 - Started listening to DO button server
2025-06-07 23:20:52 - neural_ui_do_button - INFO - neural_ui_do_button_handler.py:364 - Task completed with result: Backend listener stopped
2025-06-07 23:20:52 - neural_ui_do_button - INFO - neural_ui_do_button_handler.py:153 - Disconnected from all servers
2025-06-07 23:20:52 - neural_ui_do_button - INFO - neural_ui_do_button_handler.py:364 - Task completed with result: DO button listener stopped
2025-06-07 23:20:52 - neural_ui_do_button - INFO - neural_ui_do_button_handler.py:153 - Disconnected from all servers
2025-06-07 23:23:43 - neural_ui_do_button - INFO - neural_ui_do_button_handler.py:29 - ✅ Loaded logging configuration from config/neural_ui_do_button_logging.conf
2025-06-07 23:23:43 - neural_ui_do_button - INFO - neural_ui_do_button_handler.py:58 - ✅ Plan persistence module loaded successfully
2025-06-07 23:23:45 - neural_ui_do_button - INFO - neural_ui_do_button_handler.py:94 - ✅ Using backend's shared_pending_plans dictionary
2025-06-07 23:23:45 - neural_ui_do_button - INFO - neural_ui_do_button_handler.py:532 - Starting Neural UI DO Button Handler
2025-06-07 23:23:45 - neural_ui_do_button - INFO - neural_ui_do_button_handler.py:114 - Connected to backend server: {"type": "connection_established", "client_id": "c...
2025-06-07 23:23:45 - neural_ui_do_button - INFO - neural_ui_do_button_handler.py:119 - Connected to DO button server: {"type": "welcome", "message": "Connected to direc...
2025-06-07 23:23:45 - neural_ui_do_button - WARNING - neural_ui_do_button_handler.py:127 - Could not connect to Neural UI server: received 1011 (internal error); then sent 1011 (internal error)
2025-06-07 23:23:45 - neural_ui_do_button - INFO - neural_ui_do_button_handler.py:131 - ✅ Connected to all required servers
2025-06-07 23:23:45 - neural_ui_do_button - INFO - neural_ui_do_button_handler.py:341 - Started listening for messages from all servers
2025-06-07 23:23:45 - neural_ui_do_button - WARNING - neural_ui_do_button_handler.py:520 - Error sending ping: 'ClientConnection' object has no attribute 'closed'
2025-06-07 23:23:45 - neural_ui_do_button - INFO - neural_ui_do_button_handler.py:384 - Started listening to backend server
2025-06-07 23:23:45 - neural_ui_do_button - INFO - neural_ui_do_button_handler.py:422 - Started listening to DO button server
2025-06-07 23:23:45 - neural_ui_do_button - INFO - neural_ui_do_button_handler.py:364 - Task completed with result: Backend listener stopped
2025-06-07 23:23:45 - neural_ui_do_button - INFO - neural_ui_do_button_handler.py:153 - Disconnected from all servers
2025-06-07 23:23:45 - neural_ui_do_button - INFO - neural_ui_do_button_handler.py:364 - Task completed with result: DO button listener stopped
2025-06-07 23:23:45 - neural_ui_do_button - INFO - neural_ui_do_button_handler.py:153 - Disconnected from all servers
