2025-06-03 01:51:31,553 - advanced_do_button_exam - INFO - Starting Advanced WebSocket server on localhost:8766
2025-06-03 01:51:31,579 - websockets.server - INFO - server listening on [::1]:8766
2025-06-03 01:51:31,579 - websockets.server - INFO - server listening on 127.0.0.1:8766
2025-06-03 01:51:31,580 - advanced_do_button_exam - INFO - Opening exam page in browser: file:///Users/segevbin/Desktop/SensAI/Aiayer/advanced_agent_do_button_exam.html
2025-06-03 01:51:31,877 - advanced_do_button_exam - INFO - Advanced DO Button Exam Server running at ws://localhost:8766
2025-06-03 01:51:31,895 - advanced_do_button_exam - INFO - Press Ctrl+C to stop the server
2025-06-03 01:51:33,260 - websockets.server - INFO - connection open
2025-06-03 01:51:33,260 - websockets.server - ERROR - connection handler failed
Traceback (most recent call last):
  File "/Users/segevbin/Desktop/SensAI/Aiayer/.venv/lib/python3.13/site-packages/websockets/asyncio/server.py", line 376, in conn_handler
    await self.handler(connection)
          ~~~~~~~~~~~~^^^^^^^^^^^^
TypeError: websocket_handler() missing 1 required positional argument: 'path'
2025-06-03 01:51:36,451 - websockets.server - INFO - connection open
2025-06-03 01:51:36,451 - websockets.server - ERROR - connection handler failed
Traceback (most recent call last):
  File "/Users/segevbin/Desktop/SensAI/Aiayer/.venv/lib/python3.13/site-packages/websockets/asyncio/server.py", line 376, in conn_handler
    await self.handler(connection)
          ~~~~~~~~~~~~^^^^^^^^^^^^
TypeError: websocket_handler() missing 1 required positional argument: 'path'
2025-06-03 01:51:39,463 - websockets.server - INFO - connection open
2025-06-03 01:51:39,463 - websockets.server - ERROR - connection handler failed
Traceback (most recent call last):
  File "/Users/segevbin/Desktop/SensAI/Aiayer/.venv/lib/python3.13/site-packages/websockets/asyncio/server.py", line 376, in conn_handler
    await self.handler(connection)
          ~~~~~~~~~~~~^^^^^^^^^^^^
TypeError: websocket_handler() missing 1 required positional argument: 'path'
2025-06-03 01:51:42,470 - websockets.server - INFO - connection open
2025-06-03 01:51:42,470 - websockets.server - ERROR - connection handler failed
Traceback (most recent call last):
  File "/Users/segevbin/Desktop/SensAI/Aiayer/.venv/lib/python3.13/site-packages/websockets/asyncio/server.py", line 376, in conn_handler
    await self.handler(connection)
          ~~~~~~~~~~~~^^^^^^^^^^^^
TypeError: websocket_handler() missing 1 required positional argument: 'path'
2025-06-03 01:51:45,479 - websockets.server - INFO - connection open
2025-06-03 01:51:45,480 - websockets.server - ERROR - connection handler failed
Traceback (most recent call last):
  File "/Users/segevbin/Desktop/SensAI/Aiayer/.venv/lib/python3.13/site-packages/websockets/asyncio/server.py", line 376, in conn_handler
    await self.handler(connection)
          ~~~~~~~~~~~~^^^^^^^^^^^^
TypeError: websocket_handler() missing 1 required positional argument: 'path'
2025-06-03 01:51:48,488 - websockets.server - INFO - connection open
2025-06-03 01:51:48,488 - websockets.server - ERROR - connection handler failed
Traceback (most recent call last):
  File "/Users/segevbin/Desktop/SensAI/Aiayer/.venv/lib/python3.13/site-packages/websockets/asyncio/server.py", line 376, in conn_handler
    await self.handler(connection)
          ~~~~~~~~~~~~^^^^^^^^^^^^
TypeError: websocket_handler() missing 1 required positional argument: 'path'
2025-06-03 01:51:51,494 - websockets.server - INFO - connection open
2025-06-03 01:51:51,495 - websockets.server - ERROR - connection handler failed
Traceback (most recent call last):
  File "/Users/segevbin/Desktop/SensAI/Aiayer/.venv/lib/python3.13/site-packages/websockets/asyncio/server.py", line 376, in conn_handler
    await self.handler(connection)
          ~~~~~~~~~~~~^^^^^^^^^^^^
TypeError: websocket_handler() missing 1 required positional argument: 'path'
2025-06-03 01:51:54,502 - websockets.server - INFO - connection open
2025-06-03 01:51:54,503 - websockets.server - ERROR - connection handler failed
Traceback (most recent call last):
  File "/Users/segevbin/Desktop/SensAI/Aiayer/.venv/lib/python3.13/site-packages/websockets/asyncio/server.py", line 376, in conn_handler
    await self.handler(connection)
          ~~~~~~~~~~~~^^^^^^^^^^^^
TypeError: websocket_handler() missing 1 required positional argument: 'path'
2025-06-03 01:51:57,510 - websockets.server - INFO - connection open
2025-06-03 01:51:57,510 - websockets.server - ERROR - connection handler failed
Traceback (most recent call last):
  File "/Users/segevbin/Desktop/SensAI/Aiayer/.venv/lib/python3.13/site-packages/websockets/asyncio/server.py", line 376, in conn_handler
    await self.handler(connection)
          ~~~~~~~~~~~~^^^^^^^^^^^^
TypeError: websocket_handler() missing 1 required positional argument: 'path'
2025-06-03 01:52:00,517 - websockets.server - INFO - connection open
2025-06-03 01:52:00,518 - websockets.server - ERROR - connection handler failed
Traceback (most recent call last):
  File "/Users/segevbin/Desktop/SensAI/Aiayer/.venv/lib/python3.13/site-packages/websockets/asyncio/server.py", line 376, in conn_handler
    await self.handler(connection)
          ~~~~~~~~~~~~^^^^^^^^^^^^
TypeError: websocket_handler() missing 1 required positional argument: 'path'
2025-06-03 01:52:03,624 - websockets.server - INFO - connection open
2025-06-03 01:52:03,626 - websockets.server - ERROR - connection handler failed
Traceback (most recent call last):
  File "/Users/segevbin/Desktop/SensAI/Aiayer/.venv/lib/python3.13/site-packages/websockets/asyncio/server.py", line 376, in conn_handler
    await self.handler(connection)
          ~~~~~~~~~~~~^^^^^^^^^^^^
TypeError: websocket_handler() missing 1 required positional argument: 'path'
2025-06-03 01:52:06,734 - websockets.server - INFO - connection open
2025-06-03 01:52:06,735 - websockets.server - ERROR - connection handler failed
Traceback (most recent call last):
  File "/Users/segevbin/Desktop/SensAI/Aiayer/.venv/lib/python3.13/site-packages/websockets/asyncio/server.py", line 376, in conn_handler
    await self.handler(connection)
          ~~~~~~~~~~~~^^^^^^^^^^^^
TypeError: websocket_handler() missing 1 required positional argument: 'path'
2025-06-03 01:52:09,863 - websockets.server - INFO - connection open
2025-06-03 01:52:09,863 - websockets.server - ERROR - connection handler failed
Traceback (most recent call last):
  File "/Users/segevbin/Desktop/SensAI/Aiayer/.venv/lib/python3.13/site-packages/websockets/asyncio/server.py", line 376, in conn_handler
    await self.handler(connection)
          ~~~~~~~~~~~~^^^^^^^^^^^^
TypeError: websocket_handler() missing 1 required positional argument: 'path'
2025-06-03 01:52:12,955 - websockets.server - INFO - connection open
2025-06-03 01:52:12,955 - websockets.server - ERROR - connection handler failed
Traceback (most recent call last):
  File "/Users/segevbin/Desktop/SensAI/Aiayer/.venv/lib/python3.13/site-packages/websockets/asyncio/server.py", line 376, in conn_handler
    await self.handler(connection)
          ~~~~~~~~~~~~^^^^^^^^^^^^
TypeError: websocket_handler() missing 1 required positional argument: 'path'
2025-06-03 01:52:16,099 - websockets.server - INFO - connection open
2025-06-03 01:52:16,099 - websockets.server - ERROR - connection handler failed
Traceback (most recent call last):
  File "/Users/segevbin/Desktop/SensAI/Aiayer/.venv/lib/python3.13/site-packages/websockets/asyncio/server.py", line 376, in conn_handler
    await self.handler(connection)
          ~~~~~~~~~~~~^^^^^^^^^^^^
TypeError: websocket_handler() missing 1 required positional argument: 'path'
2025-06-03 01:52:19,214 - websockets.server - INFO - connection open
2025-06-03 01:52:19,215 - websockets.server - ERROR - connection handler failed
Traceback (most recent call last):
  File "/Users/segevbin/Desktop/SensAI/Aiayer/.venv/lib/python3.13/site-packages/websockets/asyncio/server.py", line 376, in conn_handler
    await self.handler(connection)
          ~~~~~~~~~~~~^^^^^^^^^^^^
TypeError: websocket_handler() missing 1 required positional argument: 'path'
2025-06-03 01:52:22,339 - websockets.server - INFO - connection open
2025-06-03 01:52:22,340 - websockets.server - ERROR - connection handler failed
Traceback (most recent call last):
  File "/Users/segevbin/Desktop/SensAI/Aiayer/.venv/lib/python3.13/site-packages/websockets/asyncio/server.py", line 376, in conn_handler
    await self.handler(connection)
          ~~~~~~~~~~~~^^^^^^^^^^^^
TypeError: websocket_handler() missing 1 required positional argument: 'path'
2025-06-03 01:52:25,448 - websockets.server - INFO - connection open
2025-06-03 01:52:25,448 - websockets.server - ERROR - connection handler failed
Traceback (most recent call last):
  File "/Users/segevbin/Desktop/SensAI/Aiayer/.venv/lib/python3.13/site-packages/websockets/asyncio/server.py", line 376, in conn_handler
    await self.handler(connection)
          ~~~~~~~~~~~~^^^^^^^^^^^^
TypeError: websocket_handler() missing 1 required positional argument: 'path'
2025-06-03 01:52:28,563 - websockets.server - INFO - connection open
2025-06-03 01:52:28,563 - websockets.server - ERROR - connection handler failed
Traceback (most recent call last):
  File "/Users/segevbin/Desktop/SensAI/Aiayer/.venv/lib/python3.13/site-packages/websockets/asyncio/server.py", line 376, in conn_handler
    await self.handler(connection)
          ~~~~~~~~~~~~^^^^^^^^^^^^
TypeError: websocket_handler() missing 1 required positional argument: 'path'
2025-06-03 01:52:31,643 - websockets.server - INFO - connection open
2025-06-03 01:52:31,645 - websockets.server - ERROR - connection handler failed
Traceback (most recent call last):
  File "/Users/segevbin/Desktop/SensAI/Aiayer/.venv/lib/python3.13/site-packages/websockets/asyncio/server.py", line 376, in conn_handler
    await self.handler(connection)
          ~~~~~~~~~~~~^^^^^^^^^^^^
TypeError: websocket_handler() missing 1 required positional argument: 'path'
2025-06-03 01:52:34,729 - websockets.server - INFO - connection open
2025-06-03 01:52:34,729 - websockets.server - ERROR - connection handler failed
Traceback (most recent call last):
  File "/Users/segevbin/Desktop/SensAI/Aiayer/.venv/lib/python3.13/site-packages/websockets/asyncio/server.py", line 376, in conn_handler
    await self.handler(connection)
          ~~~~~~~~~~~~^^^^^^^^^^^^
TypeError: websocket_handler() missing 1 required positional argument: 'path'
2025-06-03 01:52:37,838 - websockets.server - INFO - connection open
2025-06-03 01:52:37,838 - websockets.server - ERROR - connection handler failed
Traceback (most recent call last):
  File "/Users/segevbin/Desktop/SensAI/Aiayer/.venv/lib/python3.13/site-packages/websockets/asyncio/server.py", line 376, in conn_handler
    await self.handler(connection)
          ~~~~~~~~~~~~^^^^^^^^^^^^
TypeError: websocket_handler() missing 1 required positional argument: 'path'
2025-06-03 01:52:40,943 - websockets.server - INFO - connection open
2025-06-03 01:52:40,943 - websockets.server - ERROR - connection handler failed
Traceback (most recent call last):
  File "/Users/segevbin/Desktop/SensAI/Aiayer/.venv/lib/python3.13/site-packages/websockets/asyncio/server.py", line 376, in conn_handler
    await self.handler(connection)
          ~~~~~~~~~~~~^^^^^^^^^^^^
TypeError: websocket_handler() missing 1 required positional argument: 'path'
2025-06-03 01:52:43,955 - websockets.server - INFO - connection open
2025-06-03 01:52:43,956 - websockets.server - ERROR - connection handler failed
Traceback (most recent call last):
  File "/Users/segevbin/Desktop/SensAI/Aiayer/.venv/lib/python3.13/site-packages/websockets/asyncio/server.py", line 376, in conn_handler
    await self.handler(connection)
          ~~~~~~~~~~~~^^^^^^^^^^^^
TypeError: websocket_handler() missing 1 required positional argument: 'path'
2025-06-03 01:52:47,070 - websockets.server - INFO - connection open
2025-06-03 01:52:47,071 - websockets.server - ERROR - connection handler failed
Traceback (most recent call last):
  File "/Users/segevbin/Desktop/SensAI/Aiayer/.venv/lib/python3.13/site-packages/websockets/asyncio/server.py", line 376, in conn_handler
    await self.handler(connection)
          ~~~~~~~~~~~~^^^^^^^^^^^^
TypeError: websocket_handler() missing 1 required positional argument: 'path'
2025-06-03 01:52:50,195 - websockets.server - INFO - connection open
2025-06-03 01:52:50,195 - websockets.server - ERROR - connection handler failed
Traceback (most recent call last):
  File "/Users/segevbin/Desktop/SensAI/Aiayer/.venv/lib/python3.13/site-packages/websockets/asyncio/server.py", line 376, in conn_handler
    await self.handler(connection)
          ~~~~~~~~~~~~^^^^^^^^^^^^
TypeError: websocket_handler() missing 1 required positional argument: 'path'
2025-06-03 01:52:53,295 - websockets.server - INFO - connection open
2025-06-03 01:52:53,295 - websockets.server - ERROR - connection handler failed
Traceback (most recent call last):
  File "/Users/segevbin/Desktop/SensAI/Aiayer/.venv/lib/python3.13/site-packages/websockets/asyncio/server.py", line 376, in conn_handler
    await self.handler(connection)
          ~~~~~~~~~~~~^^^^^^^^^^^^
TypeError: websocket_handler() missing 1 required positional argument: 'path'
2025-06-03 01:52:56,438 - websockets.server - INFO - connection open
2025-06-03 01:52:56,439 - websockets.server - ERROR - connection handler failed
Traceback (most recent call last):
  File "/Users/segevbin/Desktop/SensAI/Aiayer/.venv/lib/python3.13/site-packages/websockets/asyncio/server.py", line 376, in conn_handler
    await self.handler(connection)
          ~~~~~~~~~~~~^^^^^^^^^^^^
TypeError: websocket_handler() missing 1 required positional argument: 'path'
2025-06-03 01:52:59,554 - websockets.server - INFO - connection open
2025-06-03 01:52:59,555 - websockets.server - ERROR - connection handler failed
Traceback (most recent call last):
  File "/Users/segevbin/Desktop/SensAI/Aiayer/.venv/lib/python3.13/site-packages/websockets/asyncio/server.py", line 376, in conn_handler
    await self.handler(connection)
          ~~~~~~~~~~~~^^^^^^^^^^^^
TypeError: websocket_handler() missing 1 required positional argument: 'path'
2025-06-03 01:53:02,687 - websockets.server - INFO - connection open
2025-06-03 01:53:02,688 - websockets.server - ERROR - connection handler failed
Traceback (most recent call last):
  File "/Users/segevbin/Desktop/SensAI/Aiayer/.venv/lib/python3.13/site-packages/websockets/asyncio/server.py", line 376, in conn_handler
    await self.handler(connection)
          ~~~~~~~~~~~~^^^^^^^^^^^^
TypeError: websocket_handler() missing 1 required positional argument: 'path'
2025-06-03 01:53:05,799 - websockets.server - INFO - connection open
2025-06-03 01:53:05,800 - websockets.server - ERROR - connection handler failed
Traceback (most recent call last):
  File "/Users/segevbin/Desktop/SensAI/Aiayer/.venv/lib/python3.13/site-packages/websockets/asyncio/server.py", line 376, in conn_handler
    await self.handler(connection)
          ~~~~~~~~~~~~^^^^^^^^^^^^
TypeError: websocket_handler() missing 1 required positional argument: 'path'
2025-06-03 01:53:08,952 - websockets.server - INFO - connection open
2025-06-03 01:53:08,953 - websockets.server - ERROR - connection handler failed
Traceback (most recent call last):
  File "/Users/segevbin/Desktop/SensAI/Aiayer/.venv/lib/python3.13/site-packages/websockets/asyncio/server.py", line 376, in conn_handler
    await self.handler(connection)
          ~~~~~~~~~~~~^^^^^^^^^^^^
TypeError: websocket_handler() missing 1 required positional argument: 'path'
2025-06-03 01:53:12,119 - websockets.server - INFO - connection open
2025-06-03 01:53:12,120 - websockets.server - ERROR - connection handler failed
Traceback (most recent call last):
  File "/Users/segevbin/Desktop/SensAI/Aiayer/.venv/lib/python3.13/site-packages/websockets/asyncio/server.py", line 376, in conn_handler
    await self.handler(connection)
          ~~~~~~~~~~~~^^^^^^^^^^^^
TypeError: websocket_handler() missing 1 required positional argument: 'path'
2025-06-03 01:53:13,679 - advanced_do_button_exam - INFO - Received shutdown signal, saving results and exiting...
2025-06-03 01:53:28,980 - advanced_do_button_exam - INFO - Starting Advanced WebSocket server on localhost:8767
2025-06-03 01:53:29,044 - websockets.server - INFO - server listening on 127.0.0.1:8767
2025-06-03 01:53:29,044 - websockets.server - INFO - server listening on [::1]:8767
2025-06-03 01:53:29,045 - advanced_do_button_exam - INFO - Advanced DO Button Exam Server running at ws://localhost:8767
2025-06-03 01:53:29,045 - advanced_do_button_exam - INFO - Press Ctrl+C to stop the server
2025-06-03 01:53:36,610 - advanced_do_button_exam - INFO - Received shutdown signal, saving results and exiting...
2025-06-03 01:53:37,770 - advanced_do_button_exam - INFO - Starting Advanced WebSocket server on localhost:8766
2025-06-03 01:53:37,798 - websockets.server - INFO - server listening on [::1]:8766
2025-06-03 01:53:37,798 - websockets.server - INFO - server listening on 127.0.0.1:8766
2025-06-03 01:53:37,798 - advanced_do_button_exam - INFO - Opening exam page in browser: file:///Users/segevbin/Desktop/SensAI/Aiayer/advanced_agent_do_button_exam.html
2025-06-03 01:53:38,219 - advanced_do_button_exam - INFO - Advanced DO Button Exam Server running at ws://localhost:8766
2025-06-03 01:53:38,220 - advanced_do_button_exam - INFO - Press Ctrl+C to stop the server
2025-06-03 01:53:38,601 - websockets.server - INFO - connection open
2025-06-03 01:53:38,602 - advanced_do_button_exam - INFO - Client client_4405555424 connected from ::1
2025-06-03 01:53:38,607 - advanced_do_button_exam - DEBUG - Received message from client_4405555424: get_all_exams
2025-06-03 01:53:38,608 - advanced_do_button_exam - DEBUG - Received message from client_4405555424: get_stats
2025-06-03 01:53:43,247 - advanced_do_button_exam - DEBUG - Received message from client_4405555424: get_exam_details
2025-06-03 01:53:51,746 - advanced_do_button_exam - DEBUG - Received message from client_4405555424: agent_request
2025-06-03 01:53:51,746 - advanced_do_button_exam - INFO - Received agent request for session exam_session_1748930018594: Ask the agent to search for "artificial intelligence news" in the search bar and click the search button.
2025-06-03 01:53:52,948 - advanced_do_button_exam - INFO - Generated plan for exam_session_1748930018594: {'steps': [{'type': 'text', 'target': 'search_box', 'text': 'artificial intelligence news', 'description': 'Type "artificial intelligence news" in the search box'}, {'type': 'click', 'target': 'search_button', 'description': 'Click the search button'}]}
2025-06-03 01:55:01,790 - advanced_do_button_exam - DEBUG - Received message from client_4405555424: button_action
2025-06-03 01:55:01,791 - advanced_do_button_exam - INFO - Received button action: EXECUTE_PLAN for plan exam_session_1748930018594
2025-06-03 01:55:03,996 - advanced_do_button_exam - INFO - Execution completed for session exam_session_1748930018594 in 71.25s
2025-06-03 01:55:56,398 - advanced_do_button_exam - DEBUG - Received message from client_4405555424: get_exam_details
2025-06-03 01:56:02,362 - advanced_do_button_exam - DEBUG - Received message from client_4405555424: agent_request
2025-06-03 01:56:02,362 - advanced_do_button_exam - INFO - Received agent request for session exam_session_1748930018594: Ask the agent to create a new meeting event titled "Team Sync" for next Monday at 2:00 PM with a duration of 1 hour.
2025-06-03 01:56:03,863 - advanced_do_button_exam - INFO - Generated plan for exam_session_1748930018594: {'steps': [{'type': 'click', 'target': 'new_event_button', 'description': 'Click the new event button'}, {'type': 'text', 'target': 'event_title', 'text': 'Team Sync', 'description': 'Enter event title'}, {'type': 'click', 'target': 'date_field', 'description': 'Click on date field'}, {'type': 'click', 'target': 'next_monday', 'description': 'Select next Monday'}, {'type': 'click', 'target': 'time_field', 'description': 'Click on time field'}, {'type': 'text', 'target': 'time_field', 'text': '2:00 PM', 'description': 'Enter start time'}, {'type': 'click', 'target': 'duration_field', 'description': 'Click duration field'}, {'type': 'text', 'target': 'duration_field', 'text': '1:00', 'description': 'Set duration to 1 hour'}, {'type': 'click', 'target': 'save_button', 'description': 'Click save button'}]}
2025-06-03 01:56:19,211 - advanced_do_button_exam - DEBUG - Received message from client_4405555424: button_action
2025-06-03 01:56:19,212 - advanced_do_button_exam - INFO - Received button action: EXECUTE_PLAN for plan exam_session_1748930018594
2025-06-03 01:56:25,931 - advanced_do_button_exam - INFO - Execution completed for session exam_session_1748930018594 in 22.57s
2025-06-03 01:58:38,344 - advanced_do_button_exam - INFO - Saved 2 test results to logs/exams/results/advanced_exam_results_20250603_015838.json
2025-06-03 01:59:37,248 - advanced_do_button_exam - INFO - Received shutdown signal, saving results and exiting...
2025-06-03 01:59:37,282 - advanced_do_button_exam - INFO - Saved 2 test results to logs/exams/results/advanced_exam_results_20250603_015937.json
2025-06-03 01:59:37,313 - advanced_do_button_exam - INFO - Saved 2 test results to logs/exams/results/advanced_exam_results_20250603_015937.json
2025-06-03 01:59:37,317 - advanced_do_button_exam - INFO - Client client_4405555424 disconnected
2025-06-03 01:59:40,038 - advanced_do_button_exam - INFO - Starting Advanced WebSocket server on localhost:8766
2025-06-03 01:59:40,172 - websockets.server - INFO - server listening on 127.0.0.1:8766
2025-06-03 01:59:40,173 - websockets.server - INFO - server listening on [::1]:8766
2025-06-03 01:59:40,174 - advanced_do_button_exam - INFO - Opening exam page in browser: file:///Users/segevbin/Desktop/SensAI/Aiayer/advanced_agent_do_button_exam.html
2025-06-03 01:59:42,074 - advanced_do_button_exam - INFO - Advanced DO Button Exam Server running at ws://localhost:8766
2025-06-03 01:59:42,297 - advanced_do_button_exam - INFO - Press Ctrl+C to stop the server
2025-06-03 02:02:38,079 - advanced_do_button_exam - INFO - Received shutdown signal, saving results and exiting...
