2025-06-04 13:32:36,171 - auto_suggestion_system - INFO - Connecting to ws://localhost:8766...
2025-06-04 13:32:36,460 - auto_suggestion_system - INFO - Connected to ws://localhost:8766! Welcome message received.
2025-06-04 13:32:36,460 - auto_suggestion_system - INFO - Sending suggestion: ✅ ACTION SUGGESTION: The automatic suggestion system is now active. You'll receive contextual notifications based on your activity.
2025-06-04 13:32:36,962 - auto_suggestion_system - INFO - Legacy format also sent for compatibility
2025-06-04 13:32:36,962 - auto_suggestion_system - INFO - Response received from overlay
2025-06-04 13:32:36,964 - auto_suggestion_system - INFO - Starting automatic suggestion system...
2025-06-04 13:32:36,964 - auto_suggestion_system - INFO - Connecting to ws://localhost:8766...
2025-06-04 13:32:36,967 - auto_suggestion_system - INFO - Connected to ws://localhost:8766! Welcome message received.
2025-06-04 13:32:36,968 - auto_suggestion_system - INFO - Sending suggestion: 💡 UI SUGGESTION: Based on the current screen, consider testing the WebSocket connection to ensure notifications are working properly.
2025-06-04 13:32:37,469 - auto_suggestion_system - INFO - Legacy format also sent for compatibility
2025-06-04 13:32:37,469 - auto_suggestion_system - INFO - Response received from overlay
2025-06-04 13:32:37,470 - auto_suggestion_system - INFO - Suggestion #1 sent successfully
2025-06-04 13:33:37,474 - auto_suggestion_system - INFO - Connecting to ws://localhost:8766...
2025-06-04 13:33:37,487 - auto_suggestion_system - INFO - Connected to ws://localhost:8766! Welcome message received.
2025-06-04 13:33:37,487 - auto_suggestion_system - INFO - Sending suggestion: 🔍 ACTION SUGGESTION: I notice you're working on the SensAI project. Would you like help with the notification system?
2025-06-04 13:33:37,989 - auto_suggestion_system - INFO - Legacy format also sent for compatibility
2025-06-04 13:33:37,989 - auto_suggestion_system - INFO - Response received from overlay
2025-06-04 13:33:37,991 - auto_suggestion_system - INFO - Suggestion #2 sent successfully
2025-06-04 13:34:37,991 - auto_suggestion_system - INFO - Connecting to ws://localhost:8766...
2025-06-04 13:34:38,008 - auto_suggestion_system - INFO - Connected to ws://localhost:8766! Welcome message received.
2025-06-04 13:34:38,008 - auto_suggestion_system - INFO - Sending suggestion: 🧩 AUTOMATION SUGGESTION: I can help you fix the plan persistence system to handle AutomationPlan objects correctly.
2025-06-04 13:34:38,510 - auto_suggestion_system - INFO - Legacy format also sent for compatibility
2025-06-04 13:34:38,510 - auto_suggestion_system - INFO - Response received from overlay
2025-06-04 13:34:38,511 - auto_suggestion_system - INFO - Suggestion #3 sent successfully
2025-06-04 13:35:38,513 - auto_suggestion_system - INFO - Maximum suggestions per hour (3) reached. Waiting...
2025-06-04 13:36:38,515 - auto_suggestion_system - INFO - Maximum suggestions per hour (3) reached. Waiting...
2025-06-04 13:37:38,517 - auto_suggestion_system - INFO - Maximum suggestions per hour (3) reached. Waiting...
2025-06-04 13:38:38,595 - auto_suggestion_system - INFO - Maximum suggestions per hour (3) reached. Waiting...
2025-06-04 13:39:38,817 - auto_suggestion_system - INFO - Maximum suggestions per hour (3) reached. Waiting...
2025-06-04 13:40:40,976 - auto_suggestion_system - INFO - Maximum suggestions per hour (3) reached. Waiting...
2025-06-04 13:41:42,269 - auto_suggestion_system - INFO - Maximum suggestions per hour (3) reached. Waiting...
2025-06-04 13:42:42,273 - auto_suggestion_system - INFO - Maximum suggestions per hour (3) reached. Waiting...
2025-06-04 13:43:42,297 - auto_suggestion_system - INFO - Maximum suggestions per hour (3) reached. Waiting...
2025-06-04 13:44:42,302 - auto_suggestion_system - INFO - Maximum suggestions per hour (3) reached. Waiting...
2025-06-04 13:45:42,308 - auto_suggestion_system - INFO - Maximum suggestions per hour (3) reached. Waiting...
2025-06-04 13:46:42,311 - auto_suggestion_system - INFO - Maximum suggestions per hour (3) reached. Waiting...
2025-06-04 13:47:42,320 - auto_suggestion_system - INFO - Maximum suggestions per hour (3) reached. Waiting...
