2025-05-29 15:37:59,759 - asyncio - DEBUG - Using selector: KqueueSelector
2025-05-29 15:37:59,778 - debug_ws_connections - INFO - Killed any existing process on port 8765
2025-05-29 15:37:59,778 - debug_ws_connections - INFO - Starting debug WebSocket server on localhost:8765
2025-05-29 15:37:59,814 - websockets.server - INFO - server listening on 127.0.0.1:8765
2025-05-29 15:37:59,814 - websockets.server - INFO - server listening on [::1]:8765
2025-05-29 15:37:59,814 - debug_ws_connections - INFO - Debug WebSocket server running on ws://localhost:8765
2025-05-29 15:40:37,565 - websockets.server - DEBUG - = connection is CONNECTING
2025-05-29 15:40:37,566 - websockets.server - DEBUG - < GET / HTTP/1.1
2025-05-29 15:40:37,566 - websockets.server - DEBUG - < Host: localhost:8765
2025-05-29 15:40:37,566 - websockets.server - DEBUG - < Upgrade: websocket
2025-05-29 15:40:37,566 - websockets.server - DEBUG - < Connection: Upgrade
2025-05-29 15:40:37,566 - websockets.server - DEBUG - < Sec-WebSocket-Key: fb3cPmDkBV3hUc4tR7/HLA==
2025-05-29 15:40:37,566 - websockets.server - DEBUG - < Sec-WebSocket-Version: 13
2025-05-29 15:40:37,566 - websockets.server - DEBUG - < Sec-WebSocket-Extensions: permessage-deflate; client_max_window_bits
2025-05-29 15:40:37,566 - websockets.server - DEBUG - < User-Agent: Python/3.13 websockets/15.0.1
2025-05-29 15:40:37,567 - websockets.server - DEBUG - > HTTP/1.1 101 Switching Protocols
2025-05-29 15:40:37,567 - websockets.server - DEBUG - > Date: Thu, 29 May 2025 19:40:37 GMT
2025-05-29 15:40:37,567 - websockets.server - DEBUG - > Upgrade: websocket
2025-05-29 15:40:37,567 - websockets.server - DEBUG - > Connection: Upgrade
2025-05-29 15:40:37,567 - websockets.server - DEBUG - > Sec-WebSocket-Accept: AlNUuh+Nhi2DWg6aMQQbu3ysPEg=
2025-05-29 15:40:37,567 - websockets.server - DEBUG - > Sec-WebSocket-Extensions: permessage-deflate; server_max_window_bits=12; client_max_window_bits=12
2025-05-29 15:40:37,567 - websockets.server - DEBUG - > Server: Python/3.13 websockets/15.0.1
2025-05-29 15:40:37,567 - websockets.server - DEBUG - = connection is OPEN
2025-05-29 15:40:37,567 - websockets.server - INFO - connection open
2025-05-29 15:40:37,567 - debug_ws_connections - INFO - 🟢 Client client_4367571264 connected from ('::1', 58916, 0, 0)
2025-05-29 15:40:37,567 - websockets.server - DEBUG - > TEXT '{"type": "welcome", "message": "Debug WebSocket...05-29T15:40:37.567638"}' [111 bytes]
2025-05-29 15:40:37,568 - websockets.server - DEBUG - < CLOSE 1000 (OK) [2 bytes]
2025-05-29 15:40:37,568 - websockets.server - DEBUG - > CLOSE 1000 (OK) [2 bytes]
2025-05-29 15:40:37,568 - websockets.server - DEBUG - = connection is CLOSING
2025-05-29 15:40:37,568 - websockets.server - DEBUG - > EOF
2025-05-29 15:40:37,568 - websockets.server - DEBUG - x half-closing TCP connection
2025-05-29 15:40:37,568 - websockets.server - DEBUG - < EOF
2025-05-29 15:40:37,568 - websockets.server - DEBUG - = connection is CLOSED
2025-05-29 15:40:37,568 - debug_ws_connections - INFO - Client client_4367571264 disconnected
2025-05-29 15:40:37,569 - websockets.server - DEBUG - = connection is CONNECTING
2025-05-29 15:40:37,569 - websockets.server - DEBUG - < GET / HTTP/1.1
2025-05-29 15:40:37,569 - websockets.server - DEBUG - < Host: localhost:8765
2025-05-29 15:40:37,569 - websockets.server - DEBUG - < Upgrade: websocket
2025-05-29 15:40:37,569 - websockets.server - DEBUG - < Connection: Upgrade
2025-05-29 15:40:37,569 - websockets.server - DEBUG - < Sec-WebSocket-Key: T9S4r1baEYMbh2lv/PZY4A==
2025-05-29 15:40:37,569 - websockets.server - DEBUG - < Sec-WebSocket-Version: 13
2025-05-29 15:40:37,569 - websockets.server - DEBUG - < Sec-WebSocket-Extensions: permessage-deflate; client_max_window_bits
2025-05-29 15:40:37,569 - websockets.server - DEBUG - < User-Agent: Python/3.13 websockets/15.0.1
2025-05-29 15:40:37,570 - websockets.server - DEBUG - > HTTP/1.1 101 Switching Protocols
2025-05-29 15:40:37,570 - websockets.server - DEBUG - > Date: Thu, 29 May 2025 19:40:37 GMT
2025-05-29 15:40:37,570 - websockets.server - DEBUG - > Upgrade: websocket
2025-05-29 15:40:37,570 - websockets.server - DEBUG - > Connection: Upgrade
2025-05-29 15:40:37,570 - websockets.server - DEBUG - > Sec-WebSocket-Accept: YG8jJ8vQ8CmlsRk0POFm+xLeKjs=
2025-05-29 15:40:37,570 - websockets.server - DEBUG - > Sec-WebSocket-Extensions: permessage-deflate; server_max_window_bits=12; client_max_window_bits=12
2025-05-29 15:40:37,570 - websockets.server - DEBUG - > Server: Python/3.13 websockets/15.0.1
2025-05-29 15:40:37,570 - websockets.server - DEBUG - = connection is OPEN
2025-05-29 15:40:37,570 - websockets.server - INFO - connection open
2025-05-29 15:40:37,570 - debug_ws_connections - INFO - 🟢 Client client_4361579216 connected from ('::1', 58917, 0, 0)
2025-05-29 15:40:37,570 - websockets.server - DEBUG - > TEXT '{"type": "welcome", "message": "Debug WebSocket...05-29T15:40:37.570268"}' [111 bytes]
2025-05-29 15:40:37,570 - websockets.server - DEBUG - < TEXT '{"type": "agent_confirmation", "session_id": "t...05-29T15:40:37.570431"}' [151 bytes]
2025-05-29 15:40:37,570 - debug_ws_connections - INFO - 📥 Raw message: {"type": "agent_confirmation", "session_id": "test_session_1748547637", "action": "DO", "modifications": {}, "timestamp": "2025-05-29T15:40:37.570431"}
2025-05-29 15:40:37,570 - debug_ws_connections - INFO - 📦 Message type: agent_confirmation
2025-05-29 15:40:37,570 - debug_ws_connections - INFO - 🎯 Agent confirmation: action=DO, session_id=test_session_1748547637
2025-05-29 15:40:37,570 - websockets.server - DEBUG - > TEXT '{"type": "agent_progress", "session_id": "test_...: Analyzing screen..."}' [168 bytes]
2025-05-29 15:40:38,572 - websockets.server - DEBUG - > TEXT '{"type": "agent_progress", "session_id": "test_...cating UI elements..."}' [152 bytes]
2025-05-29 15:40:39,573 - websockets.server - DEBUG - > TEXT '{"type": "agent_progress", "session_id": "test_...g automation steps..."}' [152 bytes]
2025-05-29 15:40:40,574 - websockets.server - DEBUG - > TEXT '{"type": "agent_execution_success", "session_id...ution_completed": true}' [287 bytes]
2025-05-29 15:40:40,574 - debug_ws_connections - INFO - ✅ Sent debug execution success for test_session_1748547637
2025-05-29 15:40:50,579 - websockets.server - DEBUG - < CLOSE 1000 (OK) [2 bytes]
2025-05-29 15:40:50,579 - websockets.server - DEBUG - > CLOSE 1000 (OK) [2 bytes]
2025-05-29 15:40:50,580 - websockets.server - DEBUG - = connection is CLOSING
2025-05-29 15:40:50,580 - websockets.server - DEBUG - > EOF
2025-05-29 15:40:50,580 - websockets.server - DEBUG - x half-closing TCP connection
2025-05-29 15:40:50,580 - websockets.server - DEBUG - < EOF
2025-05-29 15:40:50,580 - websockets.server - DEBUG - = connection is CLOSED
2025-05-29 15:40:50,581 - debug_ws_connections - INFO - Client client_4361579216 disconnected
