2025-05-30 14:48:16,639 - do_button_standalone - INFO - Port 8765 is available
2025-05-30 14:48:16,640 - do_button_standalone - INFO - 🚀 Starting guaranteed DO button server on localhost:8765
2025-05-30 14:48:16,670 - websockets.server - INFO - server listening on 127.0.0.1:8765
2025-05-30 14:48:16,671 - websockets.server - INFO - server listening on [::1]:8765
2025-05-30 14:48:16,671 - do_button_standalone - INFO - ✅ Guaranteed DO button server running on ws://localhost:8765
2025-05-30 14:48:16,671 - do_button_standalone - INFO - 🎯 Ready to handle DO button clicks with DIRECT SUCCESS RESPONSES
2025-05-30 14:48:16,671 - do_button_standalone - INFO - 📋 This server responds directly to all DO buttons without any backend processing
2025-05-30 14:49:51,978 - do_button_standalone - INFO - Port 8765 is available
2025-05-30 14:49:51,978 - do_button_standalone - INFO - 🚀 Starting guaranteed DO button server on localhost:8765
2025-05-30 14:49:52,000 - websockets.server - INFO - server listening on [::1]:8765
2025-05-30 14:49:52,000 - websockets.server - INFO - server listening on 127.0.0.1:8765
2025-05-30 14:49:52,000 - do_button_standalone - INFO - ✅ Guaranteed DO button server running on ws://localhost:8765
2025-05-30 14:49:52,000 - do_button_standalone - INFO - 🎯 Ready to handle DO button clicks with DIRECT SUCCESS RESPONSES
2025-05-30 14:49:52,000 - do_button_standalone - INFO - 📋 This server responds directly to all DO buttons without any backend processing
2025-05-30 14:52:21,486 - do_button_standalone - INFO - Port 8765 is available
2025-05-30 14:52:21,486 - do_button_standalone - INFO - 🚀 Starting guaranteed DO button server on localhost:8765
2025-05-30 14:52:21,506 - websockets.server - INFO - server listening on [::1]:8765
2025-05-30 14:52:21,506 - websockets.server - INFO - server listening on 127.0.0.1:8765
2025-05-30 14:52:21,507 - do_button_standalone - INFO - ✅ Guaranteed DO button server running on ws://localhost:8765
2025-05-30 14:52:21,507 - do_button_standalone - INFO - 🎯 Ready to handle DO button clicks with DIRECT SUCCESS RESPONSES
2025-05-30 14:52:21,507 - do_button_standalone - INFO - 📋 This server responds directly to all DO buttons without any backend processing
