2025-06-04 19:32:35,036 - INFO - Detected screen size: 1470x956
2025-06-04 19:32:35,039 - INFO - Standard mouse listener started successfully
2025-06-04 19:32:35,040 - INFO - Keyboard listener started successfully
2025-06-04 19:32:35,040 - INFO - Input controller initialized (safe mode)
2025-06-04 19:32:35,040 - INFO - 🚨 Emergency shutdown: Press Ctrl+1 to immediately stop agent
2025-06-04 19:32:35,040 - INFO - ✅ Input controller loaded successfully
2025-06-04 19:32:35,173 - INFO - Killed any existing processes on port 8765
2025-06-04 19:32:36,204 - INFO - Port 8765 is available
2025-06-04 19:32:36,205 - INFO - Starting WebSocket server on localhost:8765
2025-06-04 19:32:36,372 - INFO - server listening on 127.0.0.1:8765
2025-06-04 19:32:36,377 - INFO - server listening on [::1]:8765
2025-06-04 19:32:36,378 - INFO - ✅ Fixed WebSocket server running on ws://localhost:8765
2025-06-04 19:32:36,378 - INFO - 🎯 Ready to handle agent_confirmation messages (DO button)
2025-06-04 19:32:45,122 - INFO - connection open
2025-06-04 19:32:45,123 - INFO - Client client_4908717056 connected
2025-06-04 19:33:20,199 - INFO - connection open
2025-06-04 19:33:20,211 - INFO - Client client_4895599952 connected
2025-06-04 19:33:20,232 - INFO - Received message type: unknown
2025-06-04 19:33:20,247 - INFO - Client client_4895599952 disconnected
2025-06-04 19:33:28,369 - INFO - connection open
2025-06-04 19:33:28,380 - INFO - Client client_4895602512 connected
2025-06-04 19:33:28,416 - INFO - Received message type: suggestion
2025-06-04 19:33:28,418 - INFO - Handling notification message with different format
2025-06-04 19:33:28,418 - INFO - Sent properly formatted suggestion to client client_4895602512
2025-06-04 19:33:28,423 - INFO - Client client_4895602512 disconnected
2025-06-04 19:34:09,311 - INFO - connection open
2025-06-04 19:34:09,333 - INFO - Client client_4908638912 connected
2025-06-04 19:34:09,338 - INFO - Received message type: unknown
2025-06-04 19:34:09,342 - INFO - Client client_4908638912 disconnected
2025-06-04 19:34:19,824 - INFO - connection open
2025-06-04 19:34:19,828 - INFO - Client client_4908641952 connected
2025-06-04 19:34:19,831 - INFO - Received message type: unknown
2025-06-04 19:34:19,832 - INFO - Client client_4908641952 disconnected
2025-06-04 19:36:24,716 - INFO - connection open
2025-06-04 19:36:24,725 - INFO - Client client_4908644688 connected
2025-06-04 19:36:24,727 - INFO - Received message type: unknown
2025-06-04 19:36:24,730 - INFO - Client client_4908644688 disconnected
2025-06-04 19:37:13,116 - INFO - connection open
2025-06-04 19:37:13,119 - INFO - Client client_4908645600 connected
2025-06-04 19:37:13,122 - INFO - Received message type: unknown
2025-06-04 19:37:13,123 - INFO - Client client_4908645600 disconnected
2025-06-04 19:37:48,308 - INFO - connection open
2025-06-04 19:37:48,318 - INFO - Client client_4909039696 connected
2025-06-04 19:37:48,435 - INFO - Received message type: unknown
2025-06-04 19:37:48,461 - INFO - Client client_4909039696 disconnected
2025-06-04 19:41:44,912 - INFO - Detected screen size: 1470x956
2025-06-04 19:41:44,913 - INFO - Standard mouse listener started successfully
2025-06-04 19:41:44,914 - INFO - Keyboard listener started successfully
2025-06-04 19:41:44,914 - INFO - Input controller initialized (safe mode)
2025-06-04 19:41:44,914 - INFO - 🚨 Emergency shutdown: Press Ctrl+1 to immediately stop agent
2025-06-04 19:41:44,914 - INFO - ✅ Input controller loaded successfully
2025-06-04 19:41:44,967 - INFO - Killed any existing processes on port 8765
2025-06-04 19:41:45,970 - INFO - Port 8765 is available
2025-06-04 19:41:45,970 - INFO - Starting WebSocket server on localhost:8765
2025-06-04 19:41:45,983 - INFO - server listening on [::1]:8765
2025-06-04 19:41:45,983 - INFO - server listening on 127.0.0.1:8765
2025-06-04 19:41:45,985 - INFO - ✅ Fixed WebSocket server running on ws://localhost:8765
2025-06-04 19:41:45,985 - INFO - 🎯 Ready to handle agent_confirmation messages (DO button)
2025-06-04 19:42:15,081 - INFO - connection open
2025-06-04 19:42:15,084 - INFO - Client client_4966421504 connected
2025-06-04 19:42:15,087 - INFO - Received message type: unknown
2025-06-04 19:42:15,089 - INFO - Client client_4966421504 disconnected
2025-06-04 19:42:25,338 - INFO - connection open
2025-06-04 19:42:25,339 - INFO - Client client_4818480784 connected
2025-06-04 19:42:25,341 - INFO - Received message type: unknown
2025-06-04 19:42:25,342 - INFO - Client client_4818480784 disconnected
2025-06-04 19:42:32,112 - INFO - connection open
2025-06-04 19:42:32,114 - INFO - Client client_4818483344 connected
2025-06-04 19:42:32,115 - INFO - Received message type: suggestion
2025-06-04 19:42:32,115 - INFO - Handling notification message with different format
2025-06-04 19:42:32,115 - INFO - Sent properly formatted suggestion to client client_4818483344
2025-06-04 19:42:32,116 - INFO - Client client_4818483344 disconnected
2025-06-04 19:45:36,670 - INFO - Detected screen size: 1470x956
2025-06-04 19:45:36,673 - INFO - Standard mouse listener started successfully
2025-06-04 19:45:36,674 - INFO - Keyboard listener started successfully
2025-06-04 19:45:36,674 - INFO - Input controller initialized (safe mode)
2025-06-04 19:45:36,674 - INFO - 🚨 Emergency shutdown: Press Ctrl+1 to immediately stop agent
2025-06-04 19:45:36,674 - INFO - ✅ Input controller loaded successfully
2025-06-04 19:45:36,722 - INFO - Killed any existing processes on port 8765
2025-06-04 19:45:37,728 - INFO - Port 8765 is available
2025-06-04 19:45:37,728 - INFO - Starting WebSocket server on localhost:8765
2025-06-04 19:45:37,783 - INFO - server listening on [::1]:8765
2025-06-04 19:45:37,783 - INFO - server listening on 127.0.0.1:8765
2025-06-04 19:45:37,785 - INFO - ✅ Fixed WebSocket server running on ws://localhost:8765
2025-06-04 19:45:37,785 - INFO - 🎯 Ready to handle agent_confirmation messages (DO button)
2025-06-04 19:45:41,407 - INFO - connection open
2025-06-04 19:45:41,409 - INFO - Client client_4690646016 connected
2025-06-04 19:45:41,414 - INFO - Received message type: suggestion
2025-06-04 19:45:41,415 - INFO - Handling notification message with different format
2025-06-04 19:45:41,415 - INFO - Sent properly formatted suggestion to client client_4690646016
2025-06-04 19:45:41,418 - INFO - Client client_4690646016 disconnected
2025-06-04 19:45:41,428 - INFO - connection open
2025-06-04 19:45:41,428 - INFO - Client client_4687883600 connected
2025-06-04 19:45:41,428 - INFO - Received message type: unknown
2025-06-04 19:45:41,429 - INFO - Client client_4687883600 disconnected
2025-06-04 19:45:41,582 - INFO - connection open
2025-06-04 19:45:41,582 - INFO - Client client_4687886800 connected
2025-06-04 19:45:41,583 - INFO - Received message type: suggestion
2025-06-04 19:45:41,583 - INFO - Handling notification message with different format
2025-06-04 19:45:41,583 - INFO - Sent properly formatted suggestion to client client_4687886800
2025-06-04 19:45:41,583 - INFO - Client client_4687886800 disconnected
2025-06-04 19:46:42,730 - INFO - connection open
2025-06-04 19:46:42,731 - INFO - Client client_4690551792 connected
2025-06-04 19:46:42,732 - INFO - Received message type: unknown
2025-06-04 19:46:42,733 - INFO - Client client_4690551792 disconnected
2025-06-04 19:47:43,589 - INFO - connection open
2025-06-04 19:47:43,591 - INFO - Client client_4690555136 connected
2025-06-04 19:47:43,591 - INFO - Received message type: unknown
2025-06-04 19:47:43,592 - INFO - Client client_4690555136 disconnected
2025-06-04 19:49:05,044 - INFO - connection open
2025-06-04 19:49:05,048 - INFO - Client client_4690557872 connected
2025-06-04 19:49:05,050 - INFO - Received message type: unknown
2025-06-04 19:49:05,053 - INFO - Client client_4690557872 disconnected
2025-06-04 19:49:25,315 - INFO - connection open
2025-06-04 19:49:25,316 - INFO - Client client_4690558480 connected
2025-06-04 19:49:25,316 - INFO - Received message type: unknown
2025-06-04 19:49:25,317 - INFO - Client client_4690558480 disconnected
2025-06-04 20:02:19,616 - INFO - Detected screen size: 1470x956
2025-06-04 20:02:19,619 - INFO - Standard mouse listener started successfully
2025-06-04 20:02:19,620 - INFO - Keyboard listener started successfully
2025-06-04 20:02:19,620 - INFO - Input controller initialized (safe mode)
2025-06-04 20:02:19,620 - INFO - 🚨 Emergency shutdown: Press Ctrl+1 to immediately stop agent
2025-06-04 20:02:19,621 - INFO - ✅ Input controller loaded successfully
2025-06-04 20:02:19,696 - INFO - Killed any existing processes on port 8765
2025-06-04 20:02:20,700 - INFO - Port 8765 is available
2025-06-04 20:02:20,700 - INFO - Starting WebSocket server on localhost:8765
2025-06-04 20:02:20,722 - INFO - server listening on [::1]:8765
2025-06-04 20:02:20,723 - INFO - server listening on 127.0.0.1:8765
2025-06-04 20:02:20,723 - INFO - ✅ Fixed WebSocket server running on ws://localhost:8765
2025-06-04 20:02:20,723 - INFO - 🎯 Ready to handle agent_confirmation messages (DO button)
2025-06-04 20:02:24,818 - INFO - connection open
2025-06-04 20:02:24,819 - INFO - Client client_4822766592 connected
2025-06-04 20:02:24,821 - INFO - Received message type: suggestion
2025-06-04 20:02:24,821 - INFO - Handling notification message with different format
2025-06-04 20:02:24,821 - INFO - Sent properly formatted suggestion to client client_4822766592
2025-06-04 20:02:24,822 - INFO - Client client_4822766592 disconnected
2025-06-04 20:02:25,057 - INFO - connection open
2025-06-04 20:02:25,057 - INFO - Client client_4795592016 connected
2025-06-04 20:02:25,058 - INFO - Received message type: suggestion
2025-06-04 20:02:25,058 - INFO - Handling notification message with different format
2025-06-04 20:02:25,058 - INFO - Sent properly formatted suggestion to client client_4795592016
2025-06-04 20:02:25,059 - INFO - Client client_4795592016 disconnected
2025-06-04 20:04:41,887 - INFO - connection open
2025-06-04 20:04:41,900 - INFO - Client client_4795595216 connected
2025-06-04 20:04:41,909 - INFO - Received message type: suggestion
2025-06-04 20:04:41,910 - INFO - Handling notification message with different format
2025-06-04 20:04:41,911 - INFO - Sent properly formatted suggestion to client client_4795595216
2025-06-04 20:04:41,913 - INFO - Client client_4795595216 disconnected
2025-06-04 20:04:48,488 - INFO - connection open
2025-06-04 20:04:48,489 - INFO - Client client_4822672368 connected
2025-06-04 20:04:48,490 - INFO - Client client_4822672368 disconnected
2025-06-04 20:04:48,500 - INFO - connection open
2025-06-04 20:04:48,500 - INFO - Client client_4822675712 connected
2025-06-04 20:04:48,500 - INFO - Received message type: suggestion
2025-06-04 20:04:48,500 - INFO - Handling notification message with different format
2025-06-04 20:04:48,501 - INFO - Sent properly formatted suggestion to client client_4822675712
2025-06-04 20:04:48,501 - INFO - Client client_4822675712 disconnected
2025-06-04 20:04:53,537 - INFO - connection open
2025-06-04 20:04:53,538 - INFO - Client client_4822678448 connected
2025-06-04 20:04:53,540 - INFO - Received message type: suggestion
2025-06-04 20:04:53,541 - INFO - Handling notification message with different format
2025-06-04 20:04:53,541 - INFO - Sent properly formatted suggestion to client client_4822678448
2025-06-04 20:04:53,541 - INFO - Client client_4822678448 disconnected
2025-06-04 20:04:56,598 - INFO - connection open
2025-06-04 20:04:56,603 - INFO - Client client_4822679056 connected
2025-06-04 20:04:56,607 - INFO - Received message type: suggestion
2025-06-04 20:04:56,607 - INFO - Handling notification message with different format
2025-06-04 20:04:56,607 - INFO - Sent properly formatted suggestion to client client_4822679056
2025-06-04 20:04:56,608 - INFO - Client client_4822679056 disconnected
2025-06-04 20:04:59,632 - INFO - connection open
2025-06-04 20:04:59,635 - INFO - Client client_4823073152 connected
2025-06-04 20:04:59,639 - INFO - Received message type: suggestion
2025-06-04 20:04:59,639 - INFO - Handling notification message with different format
2025-06-04 20:04:59,639 - INFO - Sent properly formatted suggestion to client client_4823073152
2025-06-04 20:04:59,640 - INFO - Client client_4823073152 disconnected
2025-06-04 20:05:02,659 - INFO - connection open
2025-06-04 20:05:02,660 - INFO - Client client_4823073760 connected
2025-06-04 20:05:02,666 - INFO - Received message type: suggestion
2025-06-04 20:05:02,666 - INFO - Handling notification message with different format
2025-06-04 20:05:02,667 - INFO - Sent properly formatted suggestion to client client_4823073760
2025-06-04 20:05:02,668 - INFO - Client client_4823073760 disconnected
2025-06-04 20:05:05,682 - INFO - connection open
2025-06-04 20:05:05,685 - INFO - Client client_4823074368 connected
2025-06-04 20:05:05,689 - INFO - Received message type: suggestion
2025-06-04 20:05:05,689 - INFO - Handling notification message with different format
2025-06-04 20:05:05,689 - INFO - Sent properly formatted suggestion to client client_4823074368
2025-06-04 20:05:05,689 - INFO - Client client_4823074368 disconnected
2025-06-04 20:05:08,797 - INFO - connection open
2025-06-04 20:05:08,801 - INFO - Client client_4823074976 connected
2025-06-04 20:05:08,806 - INFO - Received message type: suggestion
2025-06-04 20:05:08,806 - INFO - Handling notification message with different format
2025-06-04 20:05:08,806 - INFO - Sent properly formatted suggestion to client client_4823074976
2025-06-04 20:05:08,808 - INFO - Client client_4823074976 disconnected
2025-06-04 20:05:11,902 - INFO - connection open
2025-06-04 20:05:11,904 - INFO - Client client_4823075584 connected
2025-06-04 20:05:11,908 - INFO - Received message type: suggestion
2025-06-04 20:05:11,908 - INFO - Handling notification message with different format
2025-06-04 20:05:11,908 - INFO - Sent properly formatted suggestion to client client_4823075584
2025-06-04 20:05:11,909 - INFO - Client client_4823075584 disconnected
2025-06-04 20:05:14,955 - INFO - connection open
2025-06-04 20:05:14,965 - INFO - Client client_4822678448 connected
2025-06-04 20:05:14,977 - INFO - Received message type: suggestion
2025-06-04 20:05:14,979 - INFO - Handling notification message with different format
2025-06-04 20:05:14,979 - INFO - Sent properly formatted suggestion to client client_4822678448
2025-06-04 20:05:14,980 - INFO - Client client_4822678448 disconnected
2025-06-04 20:05:18,054 - INFO - connection open
2025-06-04 20:05:18,054 - INFO - Client client_4822675712 connected
2025-06-04 20:05:18,055 - INFO - Received message type: suggestion
2025-06-04 20:05:18,055 - INFO - Handling notification message with different format
2025-06-04 20:05:18,055 - INFO - Sent properly formatted suggestion to client client_4822675712
2025-06-04 20:05:18,056 - INFO - Client client_4822675712 disconnected
2025-06-04 20:05:21,782 - INFO - connection open
2025-06-04 20:05:21,783 - INFO - Client client_4822676624 connected
2025-06-04 20:05:21,786 - INFO - Received message type: suggestion
2025-06-04 20:05:21,786 - INFO - Handling notification message with different format
2025-06-04 20:05:21,786 - INFO - Sent properly formatted suggestion to client client_4822676624
2025-06-04 20:05:21,790 - INFO - Client client_4822676624 disconnected
2025-06-04 20:05:24,815 - INFO - connection open
2025-06-04 20:05:24,816 - INFO - Client client_4822677536 connected
2025-06-04 20:05:24,817 - INFO - Received message type: suggestion
2025-06-04 20:05:24,817 - INFO - Handling notification message with different format
2025-06-04 20:05:24,817 - INFO - Sent properly formatted suggestion to client client_4822677536
2025-06-04 20:05:24,818 - INFO - Client client_4822677536 disconnected
2025-06-04 20:05:27,824 - INFO - connection open
2025-06-04 20:05:27,826 - INFO - Client client_4822676016 connected
2025-06-04 20:05:27,827 - INFO - Received message type: suggestion
2025-06-04 20:05:27,827 - INFO - Handling notification message with different format
2025-06-04 20:05:27,827 - INFO - Sent properly formatted suggestion to client client_4822676016
2025-06-04 20:05:27,828 - INFO - Client client_4822676016 disconnected
2025-06-04 20:07:32,746 - INFO - connection open
2025-06-04 20:07:32,760 - INFO - Client client_4822675408 connected
2025-06-04 20:07:32,791 - INFO - Received message type: suggestion
2025-06-04 20:07:32,793 - INFO - Handling notification message with different format
2025-06-04 20:07:32,793 - INFO - Sent properly formatted suggestion to client client_4822675408
2025-06-04 20:07:32,801 - INFO - Client client_4822675408 disconnected
2025-06-04 20:07:40,497 - INFO - connection open
2025-06-04 20:07:40,508 - INFO - Client client_4822676928 connected
2025-06-04 20:07:40,534 - INFO - Client client_4822676928 disconnected
