2025-05-29 12:12:55,547 - memory.enhanced_semantic_search - INFO - Enhanced semantic search initialized with embedding dim: 384
2025-05-29 12:12:55,547 - memory.enhanced_semantic_search - INFO - Hybrid retrieval enabled: True
2025-05-29 12:12:55,826 - memory.enhanced_semantic_search - INFO - Enhanced semantic search initialized with embedding dim: 384
2025-05-29 12:12:55,826 - memory.enhanced_semantic_search - INFO - Hybrid retrieval enabled: True
2025-05-29 12:12:55,826 - utils.folder_summarizer - INFO - Folder summarizer initialized
2025-05-29 12:12:55,826 - memory.enhanced_semantic_search - INFO - Enhanced semantic search initialized with embedding dim: 384
2025-05-29 12:12:55,826 - memory.enhanced_semantic_search - INFO - Hybrid retrieval enabled: True
2025-05-29 12:12:55,826 - __main__ - INFO - Folder reader initialized
2025-05-29 12:13:19,154 - memory.enhanced_semantic_search - INFO - Enhanced semantic search initialized with embedding dim: 384
2025-05-29 12:13:19,154 - memory.enhanced_semantic_search - INFO - Hybrid retrieval enabled: True
2025-05-29 12:13:19,381 - memory.enhanced_semantic_search - INFO - Enhanced semantic search initialized with embedding dim: 384
2025-05-29 12:13:19,381 - memory.enhanced_semantic_search - INFO - Hybrid retrieval enabled: True
2025-05-29 12:13:19,381 - utils.folder_summarizer - INFO - Folder summarizer initialized
2025-05-29 12:13:19,381 - memory.enhanced_semantic_search - INFO - Enhanced semantic search initialized with embedding dim: 384
2025-05-29 12:13:19,381 - memory.enhanced_semantic_search - INFO - Hybrid retrieval enabled: True
2025-05-29 12:13:19,381 - __main__ - INFO - Folder reader initialized
2025-05-29 12:13:19,455 - utils.folder_summarizer - WARNING - Could not analyze content of /Users/segevbin/Downloads/LocalAI_Sensor_Architecture/dialogue_ui/dialogue_ui_demo_1.py: 'analyzed_files'
2025-05-29 12:13:19,459 - utils.folder_summarizer - WARNING - Could not analyze content of /Users/segevbin/Downloads/LocalAI_Sensor_Architecture/dialogue_ui/dialogue_ui_demo_5.py: 'analyzed_files'
2025-05-29 12:13:19,463 - utils.folder_summarizer - WARNING - Could not analyze content of /Users/segevbin/Downloads/LocalAI_Sensor_Architecture/dialogue_ui/dialogue_ui_demo_4.py: 'analyzed_files'
2025-05-29 12:13:19,468 - utils.folder_summarizer - WARNING - Could not analyze content of /Users/segevbin/Downloads/LocalAI_Sensor_Architecture/dialogue_ui/dialogue_ui_demo_3.py: 'analyzed_files'
2025-05-29 12:13:19,472 - utils.folder_summarizer - WARNING - Could not analyze content of /Users/segevbin/Downloads/LocalAI_Sensor_Architecture/dialogue_ui/dialogue_ui_demo_2.py: 'analyzed_files'
2025-05-29 12:13:19,476 - utils.folder_summarizer - WARNING - Could not analyze content of /Users/segevbin/Downloads/LocalAI_Sensor_Architecture/llm_engine/llm_engine_demo_3.py: 'analyzed_files'
2025-05-29 12:13:19,480 - utils.folder_summarizer - WARNING - Could not analyze content of /Users/segevbin/Downloads/LocalAI_Sensor_Architecture/llm_engine/llm_engine_demo_2.py: 'analyzed_files'
2025-05-29 12:13:19,484 - utils.folder_summarizer - WARNING - Could not analyze content of /Users/segevbin/Downloads/LocalAI_Sensor_Architecture/llm_engine/llm_engine_demo_1.py: 'analyzed_files'
2025-05-29 12:13:19,488 - utils.folder_summarizer - WARNING - Could not analyze content of /Users/segevbin/Downloads/LocalAI_Sensor_Architecture/llm_engine/llm_engine_demo_5.py: 'analyzed_files'
2025-05-29 12:13:19,492 - utils.folder_summarizer - WARNING - Could not analyze content of /Users/segevbin/Downloads/LocalAI_Sensor_Architecture/llm_engine/llm_engine_demo_4.py: 'analyzed_files'
2025-05-29 12:13:19,496 - utils.folder_summarizer - WARNING - Could not analyze content of /Users/segevbin/Downloads/LocalAI_Sensor_Architecture/memory/memory_demo_1.py: 'analyzed_files'
2025-05-29 12:13:19,501 - utils.folder_summarizer - WARNING - Could not analyze content of /Users/segevbin/Downloads/LocalAI_Sensor_Architecture/memory/memory_demo_5.py: 'analyzed_files'
2025-05-29 12:13:19,505 - utils.folder_summarizer - WARNING - Could not analyze content of /Users/segevbin/Downloads/LocalAI_Sensor_Architecture/memory/memory_demo_4.py: 'analyzed_files'
2025-05-29 12:13:19,509 - utils.folder_summarizer - WARNING - Could not analyze content of /Users/segevbin/Downloads/LocalAI_Sensor_Architecture/memory/memory_demo_3.py: 'analyzed_files'
2025-05-29 12:13:19,513 - utils.folder_summarizer - WARNING - Could not analyze content of /Users/segevbin/Downloads/LocalAI_Sensor_Architecture/memory/memory_demo_2.py: 'analyzed_files'
2025-05-29 12:13:19,517 - utils.folder_summarizer - WARNING - Could not analyze content of /Users/segevbin/Downloads/LocalAI_Sensor_Architecture/config/config_demo_3.py: 'analyzed_files'
2025-05-29 12:13:19,522 - utils.folder_summarizer - WARNING - Could not analyze content of /Users/segevbin/Downloads/LocalAI_Sensor_Architecture/config/config_demo_2.py: 'analyzed_files'
2025-05-29 12:13:19,526 - utils.folder_summarizer - WARNING - Could not analyze content of /Users/segevbin/Downloads/LocalAI_Sensor_Architecture/config/config_demo_1.py: 'analyzed_files'
2025-05-29 12:13:19,530 - utils.folder_summarizer - WARNING - Could not analyze content of /Users/segevbin/Downloads/LocalAI_Sensor_Architecture/config/config_demo_5.py: 'analyzed_files'
2025-05-29 12:13:19,534 - utils.folder_summarizer - WARNING - Could not analyze content of /Users/segevbin/Downloads/LocalAI_Sensor_Architecture/config/config_demo_4.py: 'analyzed_files'
2025-05-29 12:13:19,538 - utils.folder_summarizer - WARNING - Could not analyze content of /Users/segevbin/Downloads/LocalAI_Sensor_Architecture/docs/docs_demo_3.py: 'analyzed_files'
2025-05-29 12:13:19,542 - utils.folder_summarizer - WARNING - Could not analyze content of /Users/segevbin/Downloads/LocalAI_Sensor_Architecture/docs/docs_demo_2.py: 'analyzed_files'
2025-05-29 12:13:19,546 - utils.folder_summarizer - WARNING - Could not analyze content of /Users/segevbin/Downloads/LocalAI_Sensor_Architecture/docs/docs_demo_1.py: 'analyzed_files'
2025-05-29 12:13:19,550 - utils.folder_summarizer - WARNING - Could not analyze content of /Users/segevbin/Downloads/LocalAI_Sensor_Architecture/docs/docs_demo_5.py: 'analyzed_files'
2025-05-29 12:13:19,555 - utils.folder_summarizer - WARNING - Could not analyze content of /Users/segevbin/Downloads/LocalAI_Sensor_Architecture/docs/docs_demo_4.py: 'analyzed_files'
2025-05-29 12:13:19,559 - utils.folder_summarizer - WARNING - Could not analyze content of /Users/segevbin/Downloads/LocalAI_Sensor_Architecture/sensor/sensor_demo_2.py: 'analyzed_files'
2025-05-29 12:13:19,563 - utils.folder_summarizer - WARNING - Could not analyze content of /Users/segevbin/Downloads/LocalAI_Sensor_Architecture/sensor/sensor_demo_3.py: 'analyzed_files'
2025-05-29 12:13:19,567 - utils.folder_summarizer - WARNING - Could not analyze content of /Users/segevbin/Downloads/LocalAI_Sensor_Architecture/sensor/sensor_demo_4.py: 'analyzed_files'
2025-05-29 12:13:19,571 - utils.folder_summarizer - WARNING - Could not analyze content of /Users/segevbin/Downloads/LocalAI_Sensor_Architecture/sensor/sensor_demo_1.py: 'analyzed_files'
2025-05-29 12:13:19,575 - utils.folder_summarizer - WARNING - Could not analyze content of /Users/segevbin/Downloads/LocalAI_Sensor_Architecture/sensor/sensor_demo_5.py: 'analyzed_files'
2025-05-29 12:13:19,579 - utils.folder_summarizer - WARNING - Could not analyze content of /Users/segevbin/Downloads/LocalAI_Sensor_Architecture/scripts/scripts_demo_2.py: 'analyzed_files'
2025-05-29 12:13:19,583 - utils.folder_summarizer - WARNING - Could not analyze content of /Users/segevbin/Downloads/LocalAI_Sensor_Architecture/scripts/scripts_demo_3.py: 'analyzed_files'
2025-05-29 12:13:19,588 - utils.folder_summarizer - WARNING - Could not analyze content of /Users/segevbin/Downloads/LocalAI_Sensor_Architecture/scripts/scripts_demo_4.py: 'analyzed_files'
2025-05-29 12:13:19,592 - utils.folder_summarizer - WARNING - Could not analyze content of /Users/segevbin/Downloads/LocalAI_Sensor_Architecture/scripts/scripts_demo_5.py: 'analyzed_files'
2025-05-29 12:13:19,596 - utils.folder_summarizer - WARNING - Could not analyze content of /Users/segevbin/Downloads/LocalAI_Sensor_Architecture/scripts/scripts_demo_1.py: 'analyzed_files'
2025-05-29 12:13:19,600 - utils.folder_summarizer - WARNING - Could not analyze content of /Users/segevbin/Downloads/LocalAI_Sensor_Architecture/task_agent/task_agent_demo_4.py: 'analyzed_files'
2025-05-29 12:13:19,604 - utils.folder_summarizer - WARNING - Could not analyze content of /Users/segevbin/Downloads/LocalAI_Sensor_Architecture/task_agent/task_agent_demo_5.py: 'analyzed_files'
2025-05-29 12:13:19,608 - utils.folder_summarizer - WARNING - Could not analyze content of /Users/segevbin/Downloads/LocalAI_Sensor_Architecture/task_agent/task_agent_demo_1.py: 'analyzed_files'
2025-05-29 12:13:19,612 - utils.folder_summarizer - WARNING - Could not analyze content of /Users/segevbin/Downloads/LocalAI_Sensor_Architecture/task_agent/task_agent_demo_2.py: 'analyzed_files'
2025-05-29 12:13:19,616 - utils.folder_summarizer - WARNING - Could not analyze content of /Users/segevbin/Downloads/LocalAI_Sensor_Architecture/task_agent/task_agent_demo_3.py: 'analyzed_files'
2025-05-29 12:13:19,616 - utils.folder_summarizer - INFO - Folder summary completed for /Users/segevbin/Downloads/LocalAI_Sensor_Architecture: 41 files, 8 folders
2025-05-29 12:13:19,616 - __main__ - INFO - Successfully read folder: /Users/segevbin/Downloads/LocalAI_Sensor_Architecture
