2025-05-29 16:18:28,571 - asyncio - DEBUG - Using selector: KqueueSelector
2025-05-29 16:18:28,601 - guaranteed_ws_8765 - INFO - Killed any existing processes on port 8765
2025-05-29 16:18:29,605 - guaranteed_ws_8765 - INFO - Port 8765 is available
2025-05-29 16:18:29,605 - guaranteed_ws_8765 - INFO - Starting guaranteed WebSocket server on localhost:8765
2025-05-29 16:18:29,648 - websockets.server - INFO - server listening on [::1]:8765
2025-05-29 16:18:29,648 - websockets.server - INFO - server listening on 127.0.0.1:8765
2025-05-29 16:18:29,649 - guaranteed_ws_8765 - INFO - ✅ Guaranteed WebSocket server running on ws://localhost:8765
2025-05-29 16:18:29,649 - guaranteed_ws_8765 - INFO - 🎯 Ready to handle agent_confirmation messages
2025-05-29 16:18:29,649 - guaranteed_ws_8765 - DEBUG - Heartbeat at 2025-05-29T16:18:29.649308
2025-05-29 16:18:59,651 - guaranteed_ws_8765 - DEBUG - Heartbeat at 2025-05-29T16:18:59.651649
2025-05-29 16:19:09,078 - websockets.server - DEBUG - = connection is CONNECTING
2025-05-29 16:19:09,083 - websockets.server - DEBUG - < GET / HTTP/1.1
2025-05-29 16:19:09,084 - websockets.server - DEBUG - < Host: localhost:8765
2025-05-29 16:19:09,084 - websockets.server - DEBUG - < Upgrade: websocket
2025-05-29 16:19:09,084 - websockets.server - DEBUG - < Connection: Upgrade
2025-05-29 16:19:09,084 - websockets.server - DEBUG - < Sec-WebSocket-Key: Nea3VIfhzs8yPxuIMI1Sfg==
2025-05-29 16:19:09,084 - websockets.server - DEBUG - < Sec-WebSocket-Version: 13
2025-05-29 16:19:09,084 - websockets.server - DEBUG - < Sec-WebSocket-Extensions: permessage-deflate; client_max_window_bits
2025-05-29 16:19:09,084 - websockets.server - DEBUG - < User-Agent: Python/3.13 websockets/15.0.1
2025-05-29 16:19:09,087 - websockets.server - DEBUG - > HTTP/1.1 101 Switching Protocols
2025-05-29 16:19:09,087 - websockets.server - DEBUG - > Date: Thu, 29 May 2025 20:19:09 GMT
2025-05-29 16:19:09,087 - websockets.server - DEBUG - > Upgrade: websocket
2025-05-29 16:19:09,087 - websockets.server - DEBUG - > Connection: Upgrade
2025-05-29 16:19:09,087 - websockets.server - DEBUG - > Sec-WebSocket-Accept: WGI80FcYpnUdMiSSGBjNa8XTEBw=
2025-05-29 16:19:09,087 - websockets.server - DEBUG - > Sec-WebSocket-Extensions: permessage-deflate; server_max_window_bits=12; client_max_window_bits=12
2025-05-29 16:19:09,087 - websockets.server - DEBUG - > Server: Python/3.13 websockets/15.0.1
2025-05-29 16:19:09,087 - websockets.server - DEBUG - = connection is OPEN
2025-05-29 16:19:09,087 - websockets.server - INFO - connection open
2025-05-29 16:19:09,088 - guaranteed_ws_8765 - INFO - Client client_4332902720 connected
2025-05-29 16:19:09,088 - websockets.server - DEBUG - > TEXT '{"type": "connection_established", "server_vers...05-29T16:19:09.088237"}' [181 bytes]
2025-05-29 16:19:09,089 - websockets.server - DEBUG - < TEXT '{"type": "agent_confirmation", "session_id": "t...: "2025-05-29T16:19:0"}' [143 bytes]
2025-05-29 16:19:09,089 - guaranteed_ws_8765 - DEBUG - Raw message received: {"type": "agent_confirmation", "session_id": "test_session_1748549949", "action": "DO", "modifications": {}, "timestamp": "2025-05-29T16:19:0"}
2025-05-29 16:19:09,089 - guaranteed_ws_8765 - INFO - Received message type: agent_confirmation
2025-05-29 16:19:09,089 - guaranteed_ws_8765 - INFO - Agent confirmation received: {'type': 'agent_confirmation', 'session_id': 'test_session_1748549949', 'action': 'DO', 'modifications': {}, 'timestamp': '2025-05-29T16:19:0'}
2025-05-29 16:19:09,089 - websockets.server - DEBUG - > TEXT '{"type": "agent_progress", "session_id": "test_...: Analyzing screen..."}' [161 bytes]
2025-05-29 16:19:10,290 - websockets.server - DEBUG - > TEXT '{"type": "agent_progress", "session_id": "test_...cating UI elements..."}' [145 bytes]
2025-05-29 16:19:11,491 - websockets.server - DEBUG - > TEXT '{"type": "agent_progress", "session_id": "test_...g automation steps..."}' [145 bytes]
2025-05-29 16:19:12,693 - websockets.server - DEBUG - > TEXT '{"type": "agent_execution_success", "session_id...ution_completed": true}' [257 bytes]
2025-05-29 16:19:12,693 - guaranteed_ws_8765 - INFO - Backend result: {'type': 'agent_execution_success', 'session_id': 'test_session_1748549949', 'result': {'success': True, 'steps_executed': 3, 'execution_time': 3.6}, 'summary': 'Task completed successfully! All steps were executed as planned.', 'execution_completed': True}
2025-05-29 16:19:12,694 - websockets.server - DEBUG - < CLOSE 1000 (OK) [2 bytes]
2025-05-29 16:19:12,694 - websockets.server - DEBUG - > CLOSE 1000 (OK) [2 bytes]
2025-05-29 16:19:12,694 - websockets.server - DEBUG - = connection is CLOSING
2025-05-29 16:19:12,694 - websockets.server - DEBUG - > EOF
2025-05-29 16:19:12,694 - websockets.server - DEBUG - x half-closing TCP connection
2025-05-29 16:19:12,695 - websockets.server - DEBUG - < EOF
2025-05-29 16:19:12,695 - websockets.server - DEBUG - = connection is CLOSED
2025-05-29 16:19:12,695 - guaranteed_ws_8765 - INFO - Client client_4332902720 disconnected
2025-05-29 16:19:29,654 - guaranteed_ws_8765 - DEBUG - Heartbeat at 2025-05-29T16:19:29.654574
2025-05-29 16:19:59,657 - guaranteed_ws_8765 - DEBUG - Heartbeat at 2025-05-29T16:19:59.657165
2025-05-29 16:20:29,659 - guaranteed_ws_8765 - DEBUG - Heartbeat at 2025-05-29T16:20:29.659571
2025-05-29 16:20:59,663 - guaranteed_ws_8765 - DEBUG - Heartbeat at 2025-05-29T16:20:59.663149
2025-05-29 16:21:29,666 - guaranteed_ws_8765 - DEBUG - Heartbeat at 2025-05-29T16:21:29.666291
2025-05-29 16:21:59,670 - guaranteed_ws_8765 - DEBUG - Heartbeat at 2025-05-29T16:21:59.669913
2025-05-29 16:22:29,672 - guaranteed_ws_8765 - DEBUG - Heartbeat at 2025-05-29T16:22:29.672726
2025-05-29 16:22:59,681 - guaranteed_ws_8765 - DEBUG - Heartbeat at 2025-05-29T16:22:59.681048
2025-05-29 16:23:29,692 - guaranteed_ws_8765 - DEBUG - Heartbeat at 2025-05-29T16:23:29.691670
2025-05-29 16:23:59,703 - guaranteed_ws_8765 - DEBUG - Heartbeat at 2025-05-29T16:23:59.702923
2025-05-29 16:24:29,709 - guaranteed_ws_8765 - DEBUG - Heartbeat at 2025-05-29T16:24:29.709220
2025-05-29 16:24:59,711 - guaranteed_ws_8765 - DEBUG - Heartbeat at 2025-05-29T16:24:59.711449
2025-05-29 16:25:29,714 - guaranteed_ws_8765 - DEBUG - Heartbeat at 2025-05-29T16:25:29.713964
