Thu Jun  5 00:21:16 EDT 2025: Starting Neural Memory Dashboard
Checking dependencies...
Starting Memory Dashboard Server on port 8082...
Memory Dashboard Server started with PID: 20627
Memory Dashboard Server started successfully.
Stopping Neural Memory Dashboard...
Stopping Memory Dashboard Server (PID: 20627)...
Memory Dashboard Server stopped.
Done.
Thu Jun  5 00:32:47 EDT 2025: Starting Neural Memory Dashboard
Checking dependencies...
Starting Memory Dashboard Server on port 8082...
Memory Dashboard Server started with PID: 21990
Memory Dashboard Server started successfully.
Stopping Neural Memory Dashboard...
Memory Dashboard Server (PID: 21990) is not running.
Done.
Thu Jun  5 00:36:19 EDT 2025: Starting Neural Memory Dashboard
Checking dependencies...
Starting Memory Dashboard Server on port 8082...
Memory Dashboard Server started with PID: 22601
Memory Dashboard Server started successfully.
Stopping Neural Memory Dashboard...
Memory Dashboard Server (PID: 22601) is not running.
Done.
Thu Jun  5 00:40:06 EDT 2025: Starting Neural Memory Dashboard
Checking dependencies...
Starting Memory Dashboard Server on port 8082...
Memory Dashboard Server started with PID: 23728
Memory Dashboard Server started successfully.
Thu Jun  5 00:47:29 EDT 2025: Starting Neural Memory Dashboard
Checking dependencies...
Starting Memory Dashboard Server on port 8082...
Memory Dashboard Server started with PID: 26276
Memory Dashboard Server started successfully.
Stopping Neural Memory Dashboard...
Memory Dashboard Server (PID: 26276) is not running.
Done.
Thu Jun  5 00:51:13 EDT 2025: Starting Neural Memory Dashboard
Checking dependencies...
Starting Memory Dashboard Server on port 8082...
Memory Dashboard Server started with PID: 26976
Memory Dashboard Server started successfully.
Thu Jun  5 00:54:03 EDT 2025: Starting Neural Memory Dashboard
Checking dependencies...
Starting Memory Dashboard Server on port 8082...
Memory Dashboard Server started with PID: 27565
Memory Dashboard Server started successfully.
