2025-06-04 20:04:48,490 - notification_demo - INFO - ✅ Connection to port 8765 successful
2025-06-04 20:04:48,497 - notification_demo - WARNING - ❌ Connection to port 8766 failed: received 1011 (internal error); then sent 1011 (internal error)
2025-06-04 20:04:48,500 - notification_demo - INFO - Connected to port 8765. Welcome: {"type": "connection_established", "server_version": "1.0.0", "capabilities": ["context_tracking", "agent_automation", "semantic_search"], "timestamp": "2025-06-04T20:04:48.500453"}
2025-06-04 20:04:48,500 - notification_demo - INFO - Sending notification to port 8765: 🎮 Notification System Demo Starting!
2025-06-04 20:04:48,501 - notification_demo - INFO - Response from port 8765: {"type": "suggestion", "response": "\ud83c\udfae Notification System Demo Starting!", "mode": "SUGGEST", "buttons": [{"text": "\u2705 Continue", "value": "continue", "style": "success"}, {"text": "\u2753 Help", "value": "help", "style": "primary"}], "importance": "high", "play_sound": true, "notification": true, "timestamp": "2025-06-04T20:04:48.497882"}
2025-06-04 20:04:53,513 - notification_demo - INFO - === Demonstrating Basic Notifications ===
2025-06-04 20:04:53,540 - notification_demo - INFO - Connected to port 8765. Welcome: {"type": "connection_established", "server_version": "1.0.0", "capabilities": ["context_tracking", "agent_automation", "semantic_search"], "timestamp": "2025-06-04T20:04:53.538695"}
2025-06-04 20:04:53,540 - notification_demo - INFO - Sending notification to port 8765: This is a high importance notification
2025-06-04 20:04:53,541 - notification_demo - INFO - Response from port 8765: {"type": "suggestion", "response": "This is a high importance notification", "mode": "SUGGEST", "buttons": [{"text": "\u2705 Got it", "value": "understood", "style": "success"}, {"text": "\u274c Dismiss", "value": "dismiss", "style": "danger"}], "importance": "high", "play_sound": true, "notification": true, "timestamp": "2025-06-04T20:04:53.520847"}
2025-06-04 20:04:56,606 - notification_demo - INFO - Connected to port 8765. Welcome: {"type": "connection_established", "server_version": "1.0.0", "capabilities": ["context_tracking", "agent_automation", "semantic_search"], "timestamp": "2025-06-04T20:04:56.603651"}
2025-06-04 20:04:56,606 - notification_demo - INFO - Sending notification to port 8765: This is a medium importance notification
2025-06-04 20:04:56,607 - notification_demo - INFO - Response from port 8765: {"type": "suggestion", "response": "This is a medium importance notification", "mode": "SUGGEST", "buttons": [{"text": "\u2705 Got it", "value": "understood", "style": "success"}, {"text": "\u274c Dismiss", "value": "dismiss", "style": "danger"}], "importance": "medium", "play_sound": false, "notification": true, "timestamp": "2025-06-04T20:04:56.551421"}
2025-06-04 20:04:59,638 - notification_demo - INFO - Connected to port 8765. Welcome: {"type": "connection_established", "server_version": "1.0.0", "capabilities": ["context_tracking", "agent_automation", "semantic_search"], "timestamp": "2025-06-04T20:04:59.636033"}
2025-06-04 20:04:59,638 - notification_demo - INFO - Sending notification to port 8765: This is a low importance notification
2025-06-04 20:04:59,640 - notification_demo - INFO - Response from port 8765: {"type": "suggestion", "response": "This is a low importance notification", "mode": "SUGGEST", "buttons": [{"text": "\u2705 Got it", "value": "understood", "style": "success"}, {"text": "\u274c Dismiss", "value": "dismiss", "style": "danger"}], "importance": "low", "play_sound": false, "notification": true, "timestamp": "2025-06-04T20:04:59.612946"}
2025-06-04 20:05:02,646 - notification_demo - INFO - === Demonstrating Button Configurations ===
2025-06-04 20:05:02,662 - notification_demo - INFO - Connected to port 8765. Welcome: {"type": "connection_established", "server_version": "1.0.0", "capabilities": ["context_tracking", "agent_automation", "semantic_search"], "timestamp": "2025-06-04T20:05:02.660490"}
2025-06-04 20:05:02,662 - notification_demo - INFO - Sending notification to port 8765: Button demo: standard configuration
2025-06-04 20:05:02,667 - notification_demo - INFO - Response from port 8765: {"type": "suggestion", "response": "Button demo: standard configuration", "mode": "SUGGEST", "buttons": [{"text": "\u2705 Got it", "value": "understood", "style": "success"}, {"text": "\u274c Dismiss", "value": "dismiss", "style": "danger"}], "importance": "medium", "play_sound": true, "notification": true, "timestamp": "2025-06-04T20:05:02.647215"}
2025-06-04 20:05:05,688 - notification_demo - INFO - Connected to port 8765. Welcome: {"type": "connection_established", "server_version": "1.0.0", "capabilities": ["context_tracking", "agent_automation", "semantic_search"], "timestamp": "2025-06-04T20:05:05.686389"}
2025-06-04 20:05:05,688 - notification_demo - INFO - Sending notification to port 8765: Button demo: yes_no configuration
2025-06-04 20:05:05,689 - notification_demo - INFO - Response from port 8765: {"type": "suggestion", "response": "Button demo: yes_no configuration", "mode": "SUGGEST", "buttons": [{"text": "\u2705 Yes", "value": "yes", "style": "success"}, {"text": "\u274c No", "value": "no", "style": "danger"}], "importance": "medium", "play_sound": true, "notification": true, "timestamp": "2025-06-04T20:05:05.669736"}
2025-06-04 20:05:08,804 - notification_demo - INFO - Connected to port 8765. Welcome: {"type": "connection_established", "server_version": "1.0.0", "capabilities": ["context_tracking", "agent_automation", "semantic_search"], "timestamp": "2025-06-04T20:05:08.802133"}
2025-06-04 20:05:08,805 - notification_demo - INFO - Sending notification to port 8765: Button demo: actions configuration
2025-06-04 20:05:08,807 - notification_demo - INFO - Response from port 8765: {"type": "suggestion", "response": "Button demo: actions configuration", "mode": "SUGGEST", "buttons": [{"text": "\ud83d\udc41\ufe0f View", "value": "view", "style": "primary"}, {"text": "\u2b07\ufe0f Download", "value": "download", "style": "success"}, {"text": "\u274c Dismiss", "value": "dismiss", "style": "danger"}], "importance": "medium", "play_sound": true, "notification": true, "timestamp": "2025-06-04T20:05:08.710339"}
2025-06-04 20:05:11,905 - notification_demo - INFO - Connected to port 8765. Welcome: {"type": "connection_established", "server_version": "1.0.0", "capabilities": ["context_tracking", "agent_automation", "semantic_search"], "timestamp": "2025-06-04T20:05:11.904800"}
2025-06-04 20:05:11,906 - notification_demo - INFO - Sending notification to port 8765: Button demo: rich configuration
2025-06-04 20:05:11,909 - notification_demo - INFO - Response from port 8765: {"type": "suggestion", "response": "Button demo: rich configuration", "mode": "SUGGEST", "buttons": [{"text": "\ud83d\udc4d Approve", "value": "approve", "style": "success"}, {"text": "\u270f\ufe0f Edit", "value": "edit", "style": "primary"}, {"text": "\u23f1\ufe0f Remind Later", "value": "remind", "style": "warning"}, {"text": "\u274c Decline", "value": "decline", "style": "danger"}], "importance": "medium", "play_sound": true, "notification": true, "timestamp": "2025-06-04T20:05:11.815632"}
2025-06-04 20:05:14,966 - notification_demo - INFO - Connected to port 8765. Welcome: {"type": "connection_established", "server_version": "1.0.0", "capabilities": ["context_tracking", "agent_automation", "semantic_search"], "timestamp": "2025-06-04T20:05:14.965321"}
2025-06-04 20:05:14,969 - notification_demo - INFO - Sending notification to port 8765: Button demo: confirmation configuration
2025-06-04 20:05:14,979 - notification_demo - INFO - Response from port 8765: {"type": "suggestion", "response": "Button demo: confirmation configuration", "mode": "SUGGEST", "buttons": [{"text": "\u2705 Confirm", "value": "confirm", "style": "success"}], "importance": "medium", "play_sound": true, "notification": true, "timestamp": "2025-06-04T20:05:14.915897"}
2025-06-04 20:05:17,986 - notification_demo - INFO - === Demonstrating 3 Random Notifications ===
2025-06-04 20:05:17,990 - notification_demo - INFO - Sending random notification 1/3 to port 8766
2025-06-04 20:05:18,050 - notification_demo - ERROR - Error sending to port 8766: received 1011 (internal error); then sent 1011 (internal error)
2025-06-04 20:05:18,055 - notification_demo - INFO - Connected to port 8765. Welcome: {"type": "connection_established", "server_version": "1.0.0", "capabilities": ["context_tracking", "agent_automation", "semantic_search"], "timestamp": "2025-06-04T20:05:18.054892"}
2025-06-04 20:05:18,055 - notification_demo - INFO - Sending notification to port 8765: 🛑 Error detected in background process
2025-06-04 20:05:18,056 - notification_demo - INFO - Response from port 8765: {"type": "suggestion", "response": "\ud83d\uded1 Error detected in background process", "mode": "SUGGEST", "buttons": [{"text": "\u2705 Confirm", "value": "confirm", "style": "success"}], "importance": "high", "play_sound": true, "notification": true, "timestamp": "2025-06-04T20:05:17.990384"}
2025-06-04 20:05:21,059 - notification_demo - INFO - Sending random notification 2/3 to port 8766
2025-06-04 20:05:21,772 - notification_demo - ERROR - Error sending to port 8766: received 1011 (internal error); then sent 1011 (internal error)
2025-06-04 20:05:21,784 - notification_demo - INFO - Connected to port 8765. Welcome: {"type": "connection_established", "server_version": "1.0.0", "capabilities": ["context_tracking", "agent_automation", "semantic_search"], "timestamp": "2025-06-04T20:05:21.783694"}
2025-06-04 20:05:21,784 - notification_demo - INFO - Sending notification to port 8765: 🔔 Meeting reminder: Team check-in in 15 minutes
2025-06-04 20:05:21,787 - notification_demo - INFO - Response from port 8765: {"type": "suggestion", "response": "\ud83d\udd14 Meeting reminder: Team check-in in 15 minutes", "mode": "SUGGEST", "buttons": [{"text": "\u2705 Yes", "value": "yes", "style": "success"}, {"text": "\u274c No", "value": "no", "style": "danger"}], "importance": "high", "play_sound": false, "notification": true, "timestamp": "2025-06-04T20:05:21.059238"}
2025-06-04 20:05:24,793 - notification_demo - INFO - Sending random notification 3/3 to port 8766
2025-06-04 20:05:24,809 - notification_demo - ERROR - Error sending to port 8766: received 1011 (internal error); then sent 1011 (internal error)
2025-06-04 20:05:24,817 - notification_demo - INFO - Connected to port 8765. Welcome: {"type": "connection_established", "server_version": "1.0.0", "capabilities": ["context_tracking", "agent_automation", "semantic_search"], "timestamp": "2025-06-04T20:05:24.816710"}
2025-06-04 20:05:24,817 - notification_demo - INFO - Sending notification to port 8765: 🔍 Scan completed: No issues found
2025-06-04 20:05:24,817 - notification_demo - INFO - Response from port 8765: {"type": "suggestion", "response": "\ud83d\udd0d Scan completed: No issues found", "mode": "SUGGEST", "buttons": [{"text": "\ud83d\udc4d Approve", "value": "approve", "style": "success"}, {"text": "\u270f\ufe0f Edit", "value": "edit", "style": "primary"}, {"text": "\u23f1\ufe0f Remind Later", "value": "remind", "style": "warning"}, {"text": "\u274c Decline", "value": "decline", "style": "danger"}], "importance": "high", "play_sound": true, "notification": true, "timestamp": "2025-06-04T20:05:24.793092"}
2025-06-04 20:05:27,826 - notification_demo - INFO - Connected to port 8765. Welcome: {"type": "connection_established", "server_version": "1.0.0", "capabilities": ["context_tracking", "agent_automation", "semantic_search"], "timestamp": "2025-06-04T20:05:27.826210"}
2025-06-04 20:05:27,827 - notification_demo - INFO - Sending notification to port 8765: ✨ Notification System Demo Complete!
2025-06-04 20:05:27,827 - notification_demo - INFO - Response from port 8765: {"type": "suggestion", "response": "\u2728 Notification System Demo Complete!", "mode": "SUGGEST", "buttons": [{"text": "\ud83d\udc4d Great!", "value": "great", "style": "success"}], "importance": "medium", "play_sound": true, "notification": true, "timestamp": "2025-06-04T20:05:27.819387"}
2025-06-04 20:07:40,512 - notification_demo - INFO - ✅ Connection to port 8765 successful
2025-06-04 20:07:40,561 - notification_demo - INFO - ✅ Connection to port 8766 successful
2025-06-04 20:07:40,575 - notification_demo - ERROR - Error in demo: EOF when reading a line
