2025-06-04 20:02:19,616 - INFO - Detected screen size: 1470x956
2025-06-04 20:02:19,619 - INFO - Standard mouse listener started successfully
2025-06-04 20:02:19,620 - INFO - Keyboard listener started successfully
2025-06-04 20:02:19,620 - INFO - Input controller initialized (safe mode)
2025-06-04 20:02:19,620 - INFO - 🚨 Emergency shutdown: Press Ctrl+1 to immediately stop agent
2025-06-04 20:02:19,621 - INFO - ✅ Input controller loaded successfully
2025-06-04 20:02:19,696 - INFO - Killed any existing processes on port 8765
2025-06-04 20:02:20,700 - INFO - Port 8765 is available
2025-06-04 20:02:20,700 - INFO - Starting WebSocket server on localhost:8765
2025-06-04 20:02:20,722 - INFO - server listening on [::1]:8765
2025-06-04 20:02:20,723 - INFO - server listening on 127.0.0.1:8765
2025-06-04 20:02:20,723 - INFO - ✅ Fixed WebSocket server running on ws://localhost:8765
2025-06-04 20:02:20,723 - INFO - 🎯 Ready to handle agent_confirmation messages (DO button)
2025-06-04 20:02:24,818 - INFO - connection open
2025-06-04 20:02:24,819 - INFO - Client client_4822766592 connected
2025-06-04 20:02:24,821 - INFO - Received message type: suggestion
2025-06-04 20:02:24,821 - INFO - Handling notification message with different format
2025-06-04 20:02:24,821 - INFO - Sent properly formatted suggestion to client client_4822766592
2025-06-04 20:02:24,822 - INFO - Client client_4822766592 disconnected
2025-06-04 20:02:25,057 - INFO - connection open
2025-06-04 20:02:25,057 - INFO - Client client_4795592016 connected
2025-06-04 20:02:25,058 - INFO - Received message type: suggestion
2025-06-04 20:02:25,058 - INFO - Handling notification message with different format
2025-06-04 20:02:25,058 - INFO - Sent properly formatted suggestion to client client_4795592016
2025-06-04 20:02:25,059 - INFO - Client client_4795592016 disconnected
2025-06-04 20:04:41,887 - INFO - connection open
2025-06-04 20:04:41,900 - INFO - Client client_4795595216 connected
2025-06-04 20:04:41,909 - INFO - Received message type: suggestion
2025-06-04 20:04:41,910 - INFO - Handling notification message with different format
2025-06-04 20:04:41,911 - INFO - Sent properly formatted suggestion to client client_4795595216
2025-06-04 20:04:41,913 - INFO - Client client_4795595216 disconnected
2025-06-04 20:04:48,488 - INFO - connection open
2025-06-04 20:04:48,489 - INFO - Client client_4822672368 connected
2025-06-04 20:04:48,490 - INFO - Client client_4822672368 disconnected
2025-06-04 20:04:48,500 - INFO - connection open
2025-06-04 20:04:48,500 - INFO - Client client_4822675712 connected
2025-06-04 20:04:48,500 - INFO - Received message type: suggestion
2025-06-04 20:04:48,500 - INFO - Handling notification message with different format
2025-06-04 20:04:48,501 - INFO - Sent properly formatted suggestion to client client_4822675712
2025-06-04 20:04:48,501 - INFO - Client client_4822675712 disconnected
2025-06-04 20:04:53,537 - INFO - connection open
2025-06-04 20:04:53,538 - INFO - Client client_4822678448 connected
2025-06-04 20:04:53,540 - INFO - Received message type: suggestion
2025-06-04 20:04:53,541 - INFO - Handling notification message with different format
2025-06-04 20:04:53,541 - INFO - Sent properly formatted suggestion to client client_4822678448
2025-06-04 20:04:53,541 - INFO - Client client_4822678448 disconnected
2025-06-04 20:04:56,598 - INFO - connection open
2025-06-04 20:04:56,603 - INFO - Client client_4822679056 connected
2025-06-04 20:04:56,607 - INFO - Received message type: suggestion
2025-06-04 20:04:56,607 - INFO - Handling notification message with different format
2025-06-04 20:04:56,607 - INFO - Sent properly formatted suggestion to client client_4822679056
2025-06-04 20:04:56,608 - INFO - Client client_4822679056 disconnected
2025-06-04 20:04:59,632 - INFO - connection open
2025-06-04 20:04:59,635 - INFO - Client client_4823073152 connected
2025-06-04 20:04:59,639 - INFO - Received message type: suggestion
2025-06-04 20:04:59,639 - INFO - Handling notification message with different format
2025-06-04 20:04:59,639 - INFO - Sent properly formatted suggestion to client client_4823073152
2025-06-04 20:04:59,640 - INFO - Client client_4823073152 disconnected
2025-06-04 20:05:02,659 - INFO - connection open
2025-06-04 20:05:02,660 - INFO - Client client_4823073760 connected
2025-06-04 20:05:02,666 - INFO - Received message type: suggestion
2025-06-04 20:05:02,666 - INFO - Handling notification message with different format
2025-06-04 20:05:02,667 - INFO - Sent properly formatted suggestion to client client_4823073760
2025-06-04 20:05:02,668 - INFO - Client client_4823073760 disconnected
2025-06-04 20:05:05,682 - INFO - connection open
2025-06-04 20:05:05,685 - INFO - Client client_4823074368 connected
2025-06-04 20:05:05,689 - INFO - Received message type: suggestion
2025-06-04 20:05:05,689 - INFO - Handling notification message with different format
2025-06-04 20:05:05,689 - INFO - Sent properly formatted suggestion to client client_4823074368
2025-06-04 20:05:05,689 - INFO - Client client_4823074368 disconnected
2025-06-04 20:05:08,797 - INFO - connection open
2025-06-04 20:05:08,801 - INFO - Client client_4823074976 connected
2025-06-04 20:05:08,806 - INFO - Received message type: suggestion
2025-06-04 20:05:08,806 - INFO - Handling notification message with different format
2025-06-04 20:05:08,806 - INFO - Sent properly formatted suggestion to client client_4823074976
2025-06-04 20:05:08,808 - INFO - Client client_4823074976 disconnected
2025-06-04 20:05:11,902 - INFO - connection open
2025-06-04 20:05:11,904 - INFO - Client client_4823075584 connected
2025-06-04 20:05:11,908 - INFO - Received message type: suggestion
2025-06-04 20:05:11,908 - INFO - Handling notification message with different format
2025-06-04 20:05:11,908 - INFO - Sent properly formatted suggestion to client client_4823075584
2025-06-04 20:05:11,909 - INFO - Client client_4823075584 disconnected
2025-06-04 20:05:14,955 - INFO - connection open
2025-06-04 20:05:14,965 - INFO - Client client_4822678448 connected
2025-06-04 20:05:14,977 - INFO - Received message type: suggestion
2025-06-04 20:05:14,979 - INFO - Handling notification message with different format
2025-06-04 20:05:14,979 - INFO - Sent properly formatted suggestion to client client_4822678448
2025-06-04 20:05:14,980 - INFO - Client client_4822678448 disconnected
2025-06-04 20:05:18,054 - INFO - connection open
2025-06-04 20:05:18,054 - INFO - Client client_4822675712 connected
2025-06-04 20:05:18,055 - INFO - Received message type: suggestion
2025-06-04 20:05:18,055 - INFO - Handling notification message with different format
2025-06-04 20:05:18,055 - INFO - Sent properly formatted suggestion to client client_4822675712
2025-06-04 20:05:18,056 - INFO - Client client_4822675712 disconnected
2025-06-04 20:05:21,782 - INFO - connection open
2025-06-04 20:05:21,783 - INFO - Client client_4822676624 connected
2025-06-04 20:05:21,786 - INFO - Received message type: suggestion
2025-06-04 20:05:21,786 - INFO - Handling notification message with different format
2025-06-04 20:05:21,786 - INFO - Sent properly formatted suggestion to client client_4822676624
2025-06-04 20:05:21,790 - INFO - Client client_4822676624 disconnected
2025-06-04 20:05:24,815 - INFO - connection open
2025-06-04 20:05:24,816 - INFO - Client client_4822677536 connected
2025-06-04 20:05:24,817 - INFO - Received message type: suggestion
2025-06-04 20:05:24,817 - INFO - Handling notification message with different format
2025-06-04 20:05:24,817 - INFO - Sent properly formatted suggestion to client client_4822677536
2025-06-04 20:05:24,818 - INFO - Client client_4822677536 disconnected
2025-06-04 20:05:27,824 - INFO - connection open
2025-06-04 20:05:27,826 - INFO - Client client_4822676016 connected
2025-06-04 20:05:27,827 - INFO - Received message type: suggestion
2025-06-04 20:05:27,827 - INFO - Handling notification message with different format
2025-06-04 20:05:27,827 - INFO - Sent properly formatted suggestion to client client_4822676016
2025-06-04 20:05:27,828 - INFO - Client client_4822676016 disconnected
2025-06-04 20:07:32,746 - INFO - connection open
2025-06-04 20:07:32,760 - INFO - Client client_4822675408 connected
2025-06-04 20:07:32,791 - INFO - Received message type: suggestion
2025-06-04 20:07:32,793 - INFO - Handling notification message with different format
2025-06-04 20:07:32,793 - INFO - Sent properly formatted suggestion to client client_4822675408
2025-06-04 20:07:32,801 - INFO - Client client_4822675408 disconnected
2025-06-04 20:07:40,497 - INFO - connection open
2025-06-04 20:07:40,508 - INFO - Client client_4822676928 connected
2025-06-04 20:07:40,534 - INFO - Client client_4822676928 disconnected
